Microchip MPLAB XC8 Compiler V1.38 ()

Linker command line:

-W-3 --edf=C:\Program Files (x86)\Microchip\xc8\v1.38\dat\en_msgs.txt -cs \
  -h+dist/default/production\CrockPot.X.production.sym \
  --cmf=dist/default/production\CrockPot.X.production.cmf -z -Q16F18855 \
  -oC:\Users\DAVE\AppData\Local\Temp\s6ig.2 \
  -Mdist/default/production/CrockPot.X.production.map -E1 -ver=XC8 \
  -ASTACK=020B8h-0238bh -pstack=STACK -ACODE=00h-07FFhx4 \
  -ASTRCODE=00h-01FFFh -ASTRING=00h-0FFhx32 -ACONST=00h-0FFhx32 \
  -AENTRY=00h-0FFhx32 -ACOMMON=070h-07Fh -ABANK0=020h-06Fh \
  -ABANK1=0A0h-0EFh -ABANK2=0120h-016Fh -ABANK3=01A0h-01EFh \
  -ABANK4=0220h-026Fh -ABANK5=02A0h-02EFh -ABANK6=0320h-036Fh \
  -ABANK7=03A0h-03EFh -ABANK8=0420h-046Fh -ABANK9=04A0h-04EFh \
  -ABANK10=0520h-056Fh -ABANK11=05A0h-05EFh -ABANK12=0620h-064Fh \
  -ABIGRAM=02000h-023EFh \
  -ARAM=020h-06Fh,0A0h-0EFh,0120h-016Fh,01A0h-01EFh,0220h-026Fh,02A0h-02EFh,0320h-036Fh,03A0h-03EFh,0420h-046Fh,04A0h-04EFh,0520h-056Fh,05A0h-05EFh,0620h-064Fh \
  -AABS1=020h-07Fh,0A0h-0EFh,0120h-016Fh,01A0h-01EFh,0220h-026Fh,02A0h-02EFh,0320h-036Fh,03A0h-03EFh,0420h-046Fh,04A0h-04EFh,0520h-056Fh,05A0h-05EFh,0620h-064Fh \
  -ASFR0=00h-01Fh -ASFR1=080h-09Fh -ASFR2=0100h-011Fh -ASFR3=0180h-019Fh \
  -ASFR4=0200h-021Fh -ASFR5=0280h-029Fh -ASFR6=0300h-031Fh \
  -ASFR7=0380h-039Fh -ASFR8=0400h-041Fh -ASFR9=0480h-049Fh \
  -ASFR10=0500h-051Fh -ASFR11=0580h-059Fh -ASFR12=0600h-061Fh \
  -ASFR13=0680h-06EFh -ASFR14=0700h-076Fh -ASFR15=0780h-07EFh \
  -ASFR16=0800h-086Fh -ASFR17=0880h-08EFh -ASFR18=0900h-096Fh \
  -ASFR19=0980h-09EFh -ASFR20=0A00h-0A6Fh -ASFR21=0A80h-0AEFh \
  -ASFR22=0B00h-0B6Fh -ASFR23=0B80h-0BEFh -ASFR24=0C00h-0C6Fh \
  -ASFR25=0C80h-0CEFh -ASFR26=0D00h-0D6Fh -ASFR27=0D80h-0DEFh \
  -ASFR28=0E00h-0E6Fh -ASFR29=0E80h-0EEFh -ASFR30=0F00h-0F6Fh \
  -ASFR31=0F80h-0FEFh -preset_vec=00h,intentry,init,end_init -ppowerup=CODE \
  -pcinit=CODE -pfunctab=CODE -ACONFIG=08007h-0800Bh -pconfig=CONFIG \
  -DCONFIG=2 -AIDLOC=08000h-08003h -pidloc=IDLOC -DIDLOC=2 \
  -AEEDATA=00h-0FFh/0F000h -peeprom_data=EEDATA -DEEDATA=2 -DCODE=2 \
  -DSTRCODE=2 -DSTRING=2 -DCONST=2 -DENTRY=2 -k \
  C:\Users\DAVE\AppData\Local\Temp\s6ig.obj \
  dist/default/production\CrockPot.X.production.obj 

Object code version is 3.11

Machine type is 16F18855



                Name                               Link     Load   Length Selector   Space Scale
C:\Users\DAVE\AppData\Local\Temp\s6ig.obj
                end_init                              2        2        2        0       0
                reset_vec                             0        0        2        0       0
                config                             8007     8007        5    1000E       0
dist/default/production\CrockPot.X.production.obj
                cinit                               7B9      7B9       47      F72       0
                text41                             172F     172F        E     2E5E       0
                text40                                C        C       64       18       0
                text39                              84E      84E       20     109C       0
                text38                              139      139       F6      272       0
                text37                              987      987       3C     130E       0
                text36                              E92      E92       B4     1D24       0
                text35                             16FA     16FA        8     2DF4       0
                text34                              22F      22F      1DE      45E       0
                text33                             176D     176D       16     2EDA       0
                text32                             17B3     17B3       19     2F66       0
                text31                             1783     1783       18     2F06       0
                text30                             175B     175B       12     2EB6       0
                text29                              8BC      8BC       2A     1178       0
                text28                              86E      86E       26     10DC       0
                text27                              894      894       28     1128       0
                text26                             1702     1702        8     2E04       0
                text25                              B34      B34       7B     1668       0
                text24                                4        4        8        0       0
                text23                              8E6      8E6       32     11CC       0
                text22                             1722     1722        D     2E44       0
                text21                             173D     173D        F     2E7A       0
                text20                             174C     174C        F     2E98       0
                text19                              9C3      9C3       3C     1386       0
                text18                              C30      C30       82     1860       0
                text17                              D39      D39       A9     1A72       0
                text16                              830      830       1E     1060       0
                text15                              CB2      CB2       87     1964       0
                text14                             17CC     17CC       1A     2F98       0
                text13                              918      918       34     1230       0
                text12                              802      802       13     1004       0
                text11                              815      815       1B     102A       0
                text10                              AD4      AD4       60     15A8       0
                text9                               94C      94C       3B     1298       0
                text8                               DE2      DE2       B0     1BC4       0
                text7                               9FF      9FF       3F     13FE       0
                text6                               A83      A83       51     1506       0
                text5                               A3E      A3E       45     147C       0
                text4                                70       70       C9       E0       0
                text3                              17E6     17E6       1A     2FCC       0
                text2                               BAF      BAF       81     175E       0
                text1                               F46      F46       BA     1E8C       0
                maintext                            40D      40D      3AC      81A       0
                cstackBANK0                          20       20       46       20       1
                cstackCOMMON                         70       70        E       70       1
                cstackBANK1                          C7       C7       1E       A0       1
                clrtext                            170A     170A        C     2E14       0
                inittext                           1716     1716        C     2E2C       0
                dataBANK2                           120      120       18      120       1
                dataBANK1                            E5       E5        5       A0       1
                bssBANK1                             A0       A0       27       A0       1
                dataBANK0                            6D       6D        3       20       1
                bssBANK0                             66       66        7       20       1
                stringtext                         1000     1000       2B     2000       0
                idataBANK2                         179B     179B       18     2F36       0
                idataBANK1                         16F5     16F5        5     2DEA       0
                idataBANK0                         16F2     16F2        3     2DE4       0

TOTAL           Name                               Link     Load   Length     Space
        CLASS   STACK          

        CLASS   CODE           
                end_init                              2        2        2         0
                cinit                               7B9      7B9       47         0
                reset_vec                             0        0        2         0
                text41                             172F     172F        E         0
                text40                                C        C       64         0
                text39                              84E      84E       20         0
                text38                              139      139       F6         0
                text37                              987      987       3C         0
                text36                              E92      E92       B4         0
                text35                             16FA     16FA        8         0
                text34                              22F      22F      1DE         0
                text33                             176D     176D       16         0
                text32                             17B3     17B3       19         0
                text31                             1783     1783       18         0
                text30                             175B     175B       12         0
                text29                              8BC      8BC       2A         0
                text28                              86E      86E       26         0
                text27                              894      894       28         0
                text26                             1702     1702        8         0
                text25                              B34      B34       7B         0
                text24                                4        4        8         0
                text23                              8E6      8E6       32         0
                text22                             1722     1722        D         0
                text21                             173D     173D        F         0
                text20                             174C     174C        F         0
                text19                              9C3      9C3       3C         0
                text18                              C30      C30       82         0
                text17                              D39      D39       A9         0
                text16                              830      830       1E         0
                text15                              CB2      CB2       87         0
                text14                             17CC     17CC       1A         0
                text13                              918      918       34         0
                text12                              802      802       13         0
                text11                              815      815       1B         0
                text10                              AD4      AD4       60         0
                text9                               94C      94C       3B         0
                text8                               DE2      DE2       B0         0
                text7                               9FF      9FF       3F         0
                text6                               A83      A83       51         0
                text5                               A3E      A3E       45         0
                text4                                70       70       C9         0
                text3                              17E6     17E6       1A         0
                text2                               BAF      BAF       81         0
                text1                               F46      F46       BA         0
                maintext                            40D      40D      3AC         0
                clrtext                            170A     170A        C         0
                inittext                           1716     1716        C         0
                idataBANK2                         179B     179B       18         0
                idataBANK1                         16F5     16F5        5         0
                idataBANK0                         16F2     16F2        3         0

        CLASS   STRCODE        
                stringtext                         1000     1000       2B         0

        CLASS   STRING         

        CLASS   CONST          

        CLASS   ENTRY          

        CLASS   COMMON         
                cstackCOMMON                         70       70        E         1

        CLASS   BANK0          
                cstackBANK0                          20       20       46         1
                dataBANK0                            6D       6D        3         1
                bssBANK0                             66       66        7         1

        CLASS   BANK1          
                cstackBANK1                          C7       C7       1E         1
                dataBANK1                            E5       E5        5         1
                bssBANK1                             A0       A0       27         1

        CLASS   BANK2          
                dataBANK2                           120      120       18         1

        CLASS   BANK3          

        CLASS   BANK4          

        CLASS   BANK5          

        CLASS   BANK6          

        CLASS   BANK7          

        CLASS   BANK8          

        CLASS   BANK9          

        CLASS   BANK10         

        CLASS   BANK11         

        CLASS   BANK12         

        CLASS   BIGRAM         

        CLASS   RAM            

        CLASS   ABS1           
                abs_s1                               7E       7E        2         1
                abs_s1                              5BC      5BC       34         1
                abs_s1                              620      620       30         1
                abs_s1                             238C     238C        0         1

        CLASS   SFR0           

        CLASS   SFR1           

        CLASS   SFR2           

        CLASS   SFR3           

        CLASS   SFR4           

        CLASS   SFR5           

        CLASS   SFR6           

        CLASS   SFR7           

        CLASS   SFR8           

        CLASS   SFR9           

        CLASS   SFR10          

        CLASS   SFR11          

        CLASS   SFR12          

        CLASS   SFR13          

        CLASS   SFR14          

        CLASS   SFR15          

        CLASS   SFR16          

        CLASS   SFR17          

        CLASS   SFR18          

        CLASS   SFR19          

        CLASS   SFR20          

        CLASS   SFR21          

        CLASS   SFR22          

        CLASS   SFR23          

        CLASS   SFR24          

        CLASS   SFR25          

        CLASS   SFR26          

        CLASS   SFR27          

        CLASS   SFR28          

        CLASS   SFR29          

        CLASS   SFR30          

        CLASS   SFR31          

        CLASS   CONFIG         
                config                             8007     8007        5         0

        CLASS   IDLOC          

        CLASS   EEDATA         

        CLASS   BANK31         

        CLASS   BANK30         

        CLASS   BANK29         

        CLASS   BANK28         

        CLASS   BANK27         

        CLASS   BANK26         

        CLASS   BANK25         

        CLASS   BANK24         

        CLASS   BANK23         

        CLASS   BANK22         

        CLASS   BANK21         

        CLASS   BANK20         

        CLASS   BANK19         

        CLASS   BANK18         

        CLASS   BANK17         

        CLASS   BANK16         

        CLASS   BANK15         

        CLASS   BANK14         

        CLASS   BANK13         



SEGMENTS        Name                           Load    Length   Top    Selector   Space  Class     Delta

                reset_vec                      000000  00000C  00000C         0       0  CODE        2
                text40                         00000C  000064  000070        18       0  CODE        2
                cstackBANK0                    000020  000050  000070        20       1  BANK0       1
                cstackCOMMON                   000070  00000E  00007E        70       1  COMMON      1
                bssBANK1                       0000A0  00004A  0000EA        A0       1  BANK1       1
                text4                          000070  0000C9  000139        E0       0  CODE        2
                dataBANK2                      000120  000018  000138       120       1  BANK2       1
                text38                         000139  0000F6  00022F       272       0  CODE        2
                text34                         00022F  0001DE  00040D       45E       0  CODE        2
                maintext                       00040D  0003AC  0007B9       81A       0  CODE        2
                cinit                          0007B9  000047  000800       F72       0  CODE        2
                text12                         000802  000013  000815      1004       0  CODE        2
                text11                         000815  00001B  000830      102A       0  CODE        2
                text16                         000830  00001E  00084E      1060       0  CODE        2
                text39                         00084E  000020  00086E      109C       0  CODE        2
                text28                         00086E  000026  000894      10DC       0  CODE        2
                text27                         000894  000028  0008BC      1128       0  CODE        2
                text29                         0008BC  00002A  0008E6      1178       0  CODE        2
                text23                         0008E6  000032  000918      11CC       0  CODE        2
                text13                         000918  000034  00094C      1230       0  CODE        2
                text9                          00094C  00003B  000987      1298       0  CODE        2
                text37                         000987  00003C  0009C3      130E       0  CODE        2
                text19                         0009C3  00003C  0009FF      1386       0  CODE        2
                text7                          0009FF  00003F  000A3E      13FE       0  CODE        2
                text5                          000A3E  000045  000A83      147C       0  CODE        2
                text6                          000A83  000051  000AD4      1506       0  CODE        2
                text10                         000AD4  000060  000B34      15A8       0  CODE        2
                text25                         000B34  00007B  000BAF      1668       0  CODE        2
                text2                          000BAF  000081  000C30      175E       0  CODE        2
                text18                         000C30  000082  000CB2      1860       0  CODE        2
                text15                         000CB2  000087  000D39      1964       0  CODE        2
                text17                         000D39  0000A9  000DE2      1A72       0  CODE        2
                text8                          000DE2  0000B0  000E92      1BC4       0  CODE        2
                text36                         000E92  0000B4  000F46      1D24       0  CODE        2
                text1                          000F46  0000BA  001000      1E8C       0  CODE        2
                stringtext                     001000  00002B  00102B      2000       0  STRCODE     2
                idataBANK0                     0016F2  000003  0016F5      2DE4       0  CODE        2
                idataBANK1                     0016F5  000005  0016FA      2DEA       0  CODE        2
                text35                         0016FA  000008  001702      2DF4       0  CODE        2
                text26                         001702  000008  00170A      2E04       0  CODE        2
                clrtext                        00170A  00000C  001716      2E14       0  CODE        2
                inittext                       001716  00000C  001722      2E2C       0  CODE        2
                text22                         001722  00000D  00172F      2E44       0  CODE        2
                text41                         00172F  00000E  00173D      2E5E       0  CODE        2
                text21                         00173D  00000F  00174C      2E7A       0  CODE        2
                text20                         00174C  00000F  00175B      2E98       0  CODE        2
                text30                         00175B  000012  00176D      2EB6       0  CODE        2
                text33                         00176D  000016  001783      2EDA       0  CODE        2
                text31                         001783  000018  00179B      2F06       0  CODE        2
                idataBANK2                     00179B  000018  0017B3      2F36       0  CODE        2
                text32                         0017B3  000019  0017CC      2F66       0  CODE        2
                text14                         0017CC  00001A  0017E6      2F98       0  CODE        2
                text3                          0017E6  00001A  001800      2FCC       0  CODE        2
                config                         008007  000005  00800C     1000E       0  CONFIG      2


UNUSED ADDRESS RANGES

        Name                Unused          Largest block    Delta
        BANK1            000EA-000EF               6           1
        BANK10           00520-0056F              50           1
        BANK11           005A0-005BB              1C           1
        BANK2            00138-0016F              38           1
        BANK3            001A0-001EF              50           1
        BANK4            00220-0026F              50           1
        BANK5            002A0-002EF              50           1
        BANK6            00320-0036F              50           1
        BANK7            003A0-003EF              50           1
        BANK8            00420-0046F              50           1
        BANK9            004A0-004EF              50           1
        BIGRAM           02000-023EF             3F0           1
        CODE             00800-00801               2           2
                         0102B-016F1             6C7
                         01800-01FFF             800
        CONST            00800-00801               2           2
                         0102B-016F1             100
                         01800-01FFF             100
        EEDATA           0F000-0F0FF             100           2
        ENTRY            00800-00801               2           2
                         0102B-016F1             100
                         01800-01FFF             100
        IDLOC            08000-08003               4           2
        RAM              000EA-000EF               6           1
                         00138-0016F              38
                         001A0-001EF              50
                         00220-0026F              50
                         002A0-002EF              50
                         00320-0036F              50
                         003A0-003EF              50
                         00420-0046F              50
                         004A0-004EF              50
                         00520-0056F              50
                         005A0-005BB              1C
        SFR0             00000-0001F              20           1
        SFR1             00080-0009F              20           1
        SFR10            00500-0051F              20           1
        SFR11            00580-0059F              20           1
        SFR12            00600-0061F              20           1
        SFR13            00680-006EF              70           1
        SFR14            00700-0076F              70           1
        SFR15            00780-007EF              70           1
        SFR16            00800-0086F              70           1
        SFR17            00880-008EF              70           1
        SFR18            00900-0096F              70           1
        SFR19            00980-009EF              70           1
        SFR2             00100-0011F              20           1
        SFR20            00A00-00A6F              70           1
        SFR21            00A80-00AEF              70           1
        SFR22            00B00-00B6F              70           1
        SFR23            00B80-00BEF              70           1
        SFR24            00C00-00C6F              70           1
        SFR25            00C80-00CEF              70           1
        SFR26            00D00-00D6F              70           1
        SFR27            00D80-00DEF              70           1
        SFR28            00E00-00E6F              70           1
        SFR29            00E80-00EEF              70           1
        SFR3             00180-0019F              20           1
        SFR30            00F00-00F6F              70           1
        SFR31            00F80-00FEF              70           1
        SFR4             00200-0021F              20           1
        SFR5             00280-0029F              20           1
        SFR6             00300-0031F              20           1
        SFR7             00380-0039F              20           1
        SFR8             00400-0041F              20           1
        SFR9             00480-0049F              20           1
        STACK            020B8-0238B             2D4           1
        STRCODE          00800-00801               2           2
                         0102B-016F1             6C7
                         01800-01FFF             800
        STRING           00800-00801               2           2
                         0102B-016F1             100
                         01800-01FFF             100

                                  Symbol Table

?_ADCC_GetSingleConversion         cstackCOMMON 00070
?_PID_Calculate                    cstackBANK0  00046
?___aldiv                          cstackCOMMON 00070
?___awdiv                          cstackCOMMON 00070
?___awmod                          cstackCOMMON 00070
?___awtoft                         cstackCOMMON 00078
?___ftadd                          cstackBANK0  00030
?___ftdiv                          cstackBANK0  00020
?___ftmul                          cstackBANK0  00020
?___ftneg                          cstackCOMMON 00070
?___ftpack                         cstackCOMMON 00070
?___ftsub                          cstackBANK0  0003D
?___fttol                          cstackBANK0  0004E
?___lbtoft                         cstackCOMMON 00078
?___lwdiv                          cstackCOMMON 00076
?___lwtoft                         cstackCOMMON 00078
?___wmul                           cstackCOMMON 00070
?_eval_poly                        cstackBANK0  0003D
?_frexp                            cstackCOMMON 00070
?_log                              cstackBANK0  00047
ADCC_GetSingleConversion@channel   cstackCOMMON 00073
InitCustomChars@i                  cstackCOMMON 00076
LCD_Cmd@a                          cstackCOMMON 00072
LCD_Init@style                     cstackCOMMON 00075
LCD_Port@a                         cstackCOMMON 00070
LCD_Set_Cursor@temp                cstackCOMMON 00079
LCD_Set_Cursor@w                   cstackCOMMON 00078
LCD_Set_Cursor@x                   cstackCOMMON 00076
LCD_Set_Cursor@y                   cstackCOMMON 00073
LCD_Set_Cursor@z                   cstackCOMMON 00077
LCD_Write_Char@a                   cstackCOMMON 00074
LCD_Write_Char@temp                cstackCOMMON 00072
LCD_Write_Char@y                   cstackCOMMON 00073
LCD_Write_Int@F13695               bssBANK1     000A0
LCD_Write_Int@fieldLength          cstackCOMMON 0007B
LCD_Write_Int@i                    cstackBANK0  0002C
LCD_Write_Int@j                    cstackBANK0  0002A
LCD_Write_Int@numPlaces            cstackCOMMON 0007C
LCD_Write_Int@sign                 cstackCOMMON 0007D
LCD_Write_Int@str                  cstackBANK0  00025
LCD_Write_Int@value                cstackCOMMON 00079
LCD_Write_String@a                 cstackCOMMON 00075
LCD_Write_String@i                 cstackCOMMON 00078
PID_Calculate@setpoint             cstackBANK0  00046
PID_Calculate@temp                 cstackBANK0  00048
PIN_MANAGER_Initialize@state       cstackCOMMON 00070
PWM6_LoadDutyValue@dutyValue       cstackCOMMON 00070
_ADACQ                             (abs)        0009D
_ADACT                             (abs)        00099
_ADCAP                             (abs)        0009B
_ADCC_GetSingleConversion          text41       0172F
_ADCC_Initialize                   text32       017B3
_ADCLK                             (abs)        00098
_ADCON0                            (abs)        00093
_ADCON0bits                        (abs)        00093
_ADCON1                            (abs)        00094
_ADCON2                            (abs)        00095
_ADCON3                            (abs)        00096
_ADLTHH                            (abs)        0010F
_ADLTHL                            (abs)        0010E
_ADPCH                             (abs)        0009E
_ADPRE                             (abs)        0009C
_ADREF                             (abs)        0009A
_ADRESH                            (abs)        0008D
_ADRESL                            (abs)        0008C
_ADRPT                             (abs)        0010D
_ADSTAT                            (abs)        00097
_ADSTPTH                           (abs)        00113
_ADSTPTL                           (abs)        00112
_ADUTHH                            (abs)        00111
_ADUTHL                            (abs)        00110
_ANSELA                            (abs)        00F38
_ANSELB                            (abs)        00F43
_ANSELC                            (abs)        00F4E
_CCPTMRS1bits                      (abs)        0021F
_DerivativeValue                   bssBANK1     000A5
_Err                               bssBANK1     000A8
_ErrValue                          bssBANK1     000AB
_FVRCON                            (abs)        0090C
_GIE                               (abs)        0005F
_InitCustomChars                   text28       0086E
_Init_PID                          text27       00894
_LATA                              (abs)        00016
_LATB                              (abs)        00017
_LATC                              (abs)        00018
_LCD_Clear                         text26       01702
_LCD_Cmd                           text30       0175B
_LCD_Init                          text25       00B34
_LCD_Port                          text31       01783
_LCD_Set_Cursor                    text7        009FF
_LCD_Write_Char                    text29       008BC
_LCD_Write_Int                     text4        00070
_LCD_Write_String                  text3        017E6
_OSCCON1                           (abs)        0088D
_OSCCON3                           (abs)        0088F
_OSCEN                             (abs)        00891
_OSCFRQ                            (abs)        00893
_OSCILLATOR_Initialize             text24       00004
_OSCTUNE                           (abs)        00892
_PID_Calculate                     text34       0022F
_PID_Calculate$1056                cstackBANK0  0004B
_PID_Integrated                    bssBANK1     000AE
_PID_Kd                            bssBANK1     000B1
_PID_Ki                            bssBANK1     000B4
_PID_Kp                            bssBANK1     000B7
_PID_MaxOutput                     dataBANK0    0006D
_PID_MinOutput                     bssBANK0     00066
_PID_Prev_Error                    bssBANK1     000BA
_PID_Prev_Input                    bssBANK1     000BD
_PIE0bits                          (abs)        00716
_PIN_MANAGER_Initialize            text23       008E6
_PIR0bits                          (abs)        0070C
_PIR4bits                          (abs)        00710
_PPSLOCK                           (abs)        00E8F
_PPSLOCKbits                       (abs)        00E8F
_PWM6CON                           (abs)        0038E
_PWM6DCH                           (abs)        0038D
_PWM6DCL                           (abs)        0038C
_PWM6_Initialize                   text22       01722
_PWM6_LoadDutyValue                text33       0176D
_RA1PPS                            (abs)        00F11
_RA3                               (abs)        00063
_RA4                               (abs)        00064
_RB0                               (abs)        00068
_RB1                               (abs)        00069
_RB2                               (abs)        0006A
_RB3                               (abs)        0006B
_RB4                               (abs)        0006C
_RB5                               (abs)        0006D
_Result                            bssBANK1     000C0
_SYSTEM_Initialize                 text19       009C3
_T0CON0                            (abs)        0001E
_T0CON0bits                        (abs)        0001E
_T0CON1                            (abs)        0001F
_T2CLKCON                          (abs)        00290
_T2CON                             (abs)        0028E
_T2CONbits                         (abs)        0028E
_T2HLT                             (abs)        0028F
_T2PR                              (abs)        0028D
_T2RST                             (abs)        00291
_T2TMR                             (abs)        0028C
_TMR0H                             (abs)        0001D
_TMR0IF                            (abs)        03865
_TMR0L                             (abs)        0001C
_TMR0_Initialize                   text21       0173D
_TMR2_Initialize                   text20       0174C
_TRISA                             (abs)        00011
_TRISB                             (abs)        00012
_TRISC                             (abs)        00013
_WPUA                              (abs)        00F39
_WPUB                              (abs)        00F44
_WPUC                              (abs)        00F4F
_WPUE                              (abs)        00F65
__CFG_BOREN$OFF                    (abs)        00000
__CFG_BORV$LO                      (abs)        00000
__CFG_CLKOUTEN$OFF                 (abs)        00000
__CFG_CP$OFF                       (abs)        00000
__CFG_CPD$OFF                      (abs)        00000
__CFG_CSWEN$ON                     (abs)        00000
__CFG_FCMEN$ON                     (abs)        00000
__CFG_FEXTOSC$OFF                  (abs)        00000
__CFG_LPBOREN$OFF                  (abs)        00000
__CFG_LVP$ON                       (abs)        00000
__CFG_MCLRE$ON                     (abs)        00000
__CFG_PPS1WAY$ON                   (abs)        00000
__CFG_PWRTE$OFF                    (abs)        00000
__CFG_RSTOSC$HFINT1                (abs)        00000
__CFG_SCANE$available              (abs)        00000
__CFG_STVREN$ON                    (abs)        00000
__CFG_WDTCCS$SC                    (abs)        00000
__CFG_WDTCPS$WDTCPS_31             (abs)        00000
__CFG_WDTCWS$WDTCWS_7              (abs)        00000
__CFG_WDTE$OFF                     (abs)        00000
__CFG_WRT$OFF                      (abs)        00000
__CFG_ZCD$OFF                      (abs)        00000
__Habs1                            abs1         00000
__Hbank0                           bank0        00000
__Hbank1                           bank1        00000
__Hbank10                          bank10       00000
__Hbank11                          bank11       00000
__Hbank12                          bank12       00000
__Hbank13                          bank13       00000
__Hbank14                          bank14       00000
__Hbank15                          bank15       00000
__Hbank16                          bank16       00000
__Hbank17                          bank17       00000
__Hbank18                          bank18       00000
__Hbank19                          bank19       00000
__Hbank2                           bank2        00000
__Hbank20                          bank20       00000
__Hbank21                          bank21       00000
__Hbank22                          bank22       00000
__Hbank23                          bank23       00000
__Hbank24                          bank24       00000
__Hbank25                          bank25       00000
__Hbank26                          bank26       00000
__Hbank27                          bank27       00000
__Hbank28                          bank28       00000
__Hbank29                          bank29       00000
__Hbank3                           bank3        00000
__Hbank30                          bank30       00000
__Hbank31                          bank31       00000
__Hbank4                           bank4        00000
__Hbank5                           bank5        00000
__Hbank6                           bank6        00000
__Hbank7                           bank7        00000
__Hbank8                           bank8        00000
__Hbank9                           bank9        00000
__Hbigram                          bigram       00000
__HbssBANK0                        bssBANK0     00000
__HbssBANK1                        bssBANK1     00000
__Hcinit                           cinit        00800
__Hclrtext                         clrtext      00000
__Hcode                            code         00000
__Hcommon                          common       00000
__Hconfig                          config       0800C
__HcstackBANK0                     cstackBANK0  00000
__HcstackBANK1                     cstackBANK1  00000
__HcstackCOMMON                    cstackCOMMON 00000
__HdataBANK0                       dataBANK0    00000
__HdataBANK1                       dataBANK1    00000
__HdataBANK2                       dataBANK2    00000
__Heeprom_data                     eeprom_data  00000
__Hend_init                        end_init     00004
__Hfunctab                         functab      00000
__HidataBANK0                      idataBANK0   00000
__HidataBANK1                      idataBANK1   00000
__HidataBANK2                      idataBANK2   00000
__Hidloc                           idloc        00000
__Hinit                            init         00002
__Hinittext                        inittext     00000
__Hintentry                        intentry     00002
__Hmaintext                        maintext     00000
__Hpowerup                         powerup      00000
__Hram                             ram          00000
__Hreset_vec                       reset_vec    00002
__Hsfr0                            sfr0         00000
__Hsfr1                            sfr1         00000
__Hsfr10                           sfr10        00000
__Hsfr11                           sfr11        00000
__Hsfr12                           sfr12        00000
__Hsfr13                           sfr13        00000
__Hsfr14                           sfr14        00000
__Hsfr15                           sfr15        00000
__Hsfr16                           sfr16        00000
__Hsfr17                           sfr17        00000
__Hsfr18                           sfr18        00000
__Hsfr19                           sfr19        00000
__Hsfr2                            sfr2         00000
__Hsfr20                           sfr20        00000
__Hsfr21                           sfr21        00000
__Hsfr22                           sfr22        00000
__Hsfr23                           sfr23        00000
__Hsfr24                           sfr24        00000
__Hsfr25                           sfr25        00000
__Hsfr26                           sfr26        00000
__Hsfr27                           sfr27        00000
__Hsfr28                           sfr28        00000
__Hsfr29                           sfr29        00000
__Hsfr3                            sfr3         00000
__Hsfr30                           sfr30        00000
__Hsfr31                           sfr31        00000
__Hsfr4                            sfr4         00000
__Hsfr5                            sfr5         00000
__Hsfr6                            sfr6         00000
__Hsfr7                            sfr7         00000
__Hsfr8                            sfr8         00000
__Hsfr9                            sfr9         00000
__Hspace_0                         (abs)        0800C
__Hspace_1                         (abs)        00138
__Hspace_2                         (abs)        00000
__Hspace_3                         (abs)        00000
__Hstack                           stack        00000
__Hstrings                         strings      00000
__Hstringtext                      stringtext   00000
__Htext                            text         00000
__Labs1                            abs1         00000
__Lbank0                           bank0        00000
__Lbank1                           bank1        00000
__Lbank10                          bank10       00000
__Lbank11                          bank11       00000
__Lbank12                          bank12       00000
__Lbank13                          bank13       00000
__Lbank14                          bank14       00000
__Lbank15                          bank15       00000
__Lbank16                          bank16       00000
__Lbank17                          bank17       00000
__Lbank18                          bank18       00000
__Lbank19                          bank19       00000
__Lbank2                           bank2        00000
__Lbank20                          bank20       00000
__Lbank21                          bank21       00000
__Lbank22                          bank22       00000
__Lbank23                          bank23       00000
__Lbank24                          bank24       00000
__Lbank25                          bank25       00000
__Lbank26                          bank26       00000
__Lbank27                          bank27       00000
__Lbank28                          bank28       00000
__Lbank29                          bank29       00000
__Lbank3                           bank3        00000
__Lbank30                          bank30       00000
__Lbank31                          bank31       00000
__Lbank4                           bank4        00000
__Lbank5                           bank5        00000
__Lbank6                           bank6        00000
__Lbank7                           bank7        00000
__Lbank8                           bank8        00000
__Lbank9                           bank9        00000
__Lbigram                          bigram       00000
__LbssBANK0                        bssBANK0     00000
__LbssBANK1                        bssBANK1     00000
__Lcinit                           cinit        007B9
__Lclrtext                         clrtext      00000
__Lcode                            code         00000
__Lcommon                          common       00000
__Lconfig                          config       08007
__LcstackBANK0                     cstackBANK0  00000
__LcstackBANK1                     cstackBANK1  00000
__LcstackCOMMON                    cstackCOMMON 00000
__LdataBANK0                       dataBANK0    00000
__LdataBANK1                       dataBANK1    00000
__LdataBANK2                       dataBANK2    00000
__Leeprom_data                     eeprom_data  00000
__Lend_init                        end_init     00002
__Lfunctab                         functab      00000
__LidataBANK0                      idataBANK0   00000
__LidataBANK1                      idataBANK1   00000
__LidataBANK2                      idataBANK2   00000
__Lidloc                           idloc        00000
__Linit                            init         00002
__Linittext                        inittext     00000
__Lintentry                        intentry     00002
__Lmaintext                        maintext     00000
__Lpowerup                         powerup      00000
__Lram                             ram          00000
__Lreset_vec                       reset_vec    00000
__Lsfr0                            sfr0         00000
__Lsfr1                            sfr1         00000
__Lsfr10                           sfr10        00000
__Lsfr11                           sfr11        00000
__Lsfr12                           sfr12        00000
__Lsfr13                           sfr13        00000
__Lsfr14                           sfr14        00000
__Lsfr15                           sfr15        00000
__Lsfr16                           sfr16        00000
__Lsfr17                           sfr17        00000
__Lsfr18                           sfr18        00000
__Lsfr19                           sfr19        00000
__Lsfr2                            sfr2         00000
__Lsfr20                           sfr20        00000
__Lsfr21                           sfr21        00000
__Lsfr22                           sfr22        00000
__Lsfr23                           sfr23        00000
__Lsfr24                           sfr24        00000
__Lsfr25                           sfr25        00000
__Lsfr26                           sfr26        00000
__Lsfr27                           sfr27        00000
__Lsfr28                           sfr28        00000
__Lsfr29                           sfr29        00000
__Lsfr3                            sfr3         00000
__Lsfr30                           sfr30        00000
__Lsfr31                           sfr31        00000
__Lsfr4                            sfr4         00000
__Lsfr5                            sfr5         00000
__Lsfr6                            sfr6         00000
__Lsfr7                            sfr7         00000
__Lsfr8                            sfr8         00000
__Lsfr9                            sfr9         00000
__Lspace_0                         (abs)        00000
__Lspace_1                         (abs)        00000
__Lspace_2                         (abs)        00000
__Lspace_3                         (abs)        00000
__Lstack                           stack        00000
__Lstrings                         strings      00000
__Lstringtext                      stringtext   00000
__Ltext                            text         00000
__S0                               (abs)        0800C
__S1                               (abs)        00138
__S2                               (abs)        00000
__S3                               (abs)        00000
___aldiv                           text18       00C30
___aldiv@counter                   cstackBANK0  00020
___aldiv@dividend                  cstackCOMMON 00074
___aldiv@divisor                   cstackCOMMON 00070
___aldiv@quotient                  cstackBANK0  00022
___aldiv@sign                      cstackBANK0  00021
___awdiv                           text6        00A83
___awdiv@counter                   cstackCOMMON 00075
___awdiv@dividend                  cstackCOMMON 00072
___awdiv@divisor                   cstackCOMMON 00070
___awdiv@quotient                  cstackCOMMON 00077
___awdiv@sign                      cstackCOMMON 00076
___awmod                           text5        00A3E
___awmod@counter                   cstackCOMMON 00075
___awmod@dividend                  cstackCOMMON 00072
___awmod@divisor                   cstackCOMMON 00070
___awmod@sign                      cstackCOMMON 00076
___awtoft                          text39       0084E
___awtoft@c                        cstackCOMMON 00078
___awtoft@sign                     cstackCOMMON 0007D
___cgram                           dataBANK2    00120
___ftadd                           text38       00139
___ftadd@exp1                      cstackBANK0  0003C
___ftadd@exp2                      cstackBANK0  0003B
___ftadd@f1                        cstackBANK0  00030
___ftadd@f2                        cstackBANK0  00033
___ftadd@sign                      cstackBANK0  0003A
___ftdiv                           text17       00D39
___ftdiv@cntr                      cstackBANK0  0002A
___ftdiv@exp                       cstackBANK0  0002E
___ftdiv@f1                        cstackBANK0  00023
___ftdiv@f2                        cstackBANK0  00020
___ftdiv@f3                        cstackBANK0  0002B
___ftdiv@sign                      cstackBANK0  0002F
___ftge                            text37       00987
___ftge@ff1                        cstackBANK0  0003D
___ftge@ff2                        cstackBANK0  00040
___ftmul                           text36       00E92
___ftmul@cntr                      cstackBANK0  0002E
___ftmul@exp                       cstackBANK0  0002A
___ftmul@f1                        cstackBANK0  00020
___ftmul@f2                        cstackBANK0  00023
___ftmul@f3_as_product             cstackBANK0  0002B
___ftmul@sign                      cstackBANK0  0002F
___ftneg                           text35       016FA
___ftneg@f1                        cstackCOMMON 00070
___ftpack                          text40       0000C
___ftpack@arg                      cstackCOMMON 00070
___ftpack@exp                      cstackCOMMON 00073
___ftpack@sign                     cstackCOMMON 00074
___ftsub                           text16       00830
___ftsub@f1                        cstackBANK0  00040
___ftsub@f2                        cstackBANK0  0003D
___fttol                           text15       00CB2
___fttol@exp1                      cstackBANK0  0005B
___fttol@f1                        cstackBANK0  0004E
___fttol@lval                      cstackBANK0  00057
___fttol@sign1                     cstackBANK0  00056
___int_sp                          stack        00000
___latbits                         (abs)        00002
___lbtoft                          text14       017CC
___lbtoft@c                        cstackCOMMON 0007B
___lwdiv                           text13       00918
___lwdiv@counter                   cstackCOMMON 0007D
___lwdiv@dividend                  cstackCOMMON 00078
___lwdiv@divisor                   cstackCOMMON 00076
___lwdiv@quotient                  cstackCOMMON 0007B
___lwtoft                          text12       00802
___lwtoft@c                        cstackCOMMON 00078
___sp                              stack        00000
___wmul                            text11       00815
___wmul@multiplicand               cstackCOMMON 00072
___wmul@multiplier                 cstackCOMMON 00070
___wmul@product                    cstackCOMMON 00074
__end_of_ADCC_GetSingleConversion  text41       0173D
__end_of_ADCC_Initialize           text32       017CC
__end_of_InitCustomChars           text28       00894
__end_of_Init_PID                  text27       008BC
__end_of_LCD_Clear                 text26       0170A
__end_of_LCD_Cmd                   text30       0176D
__end_of_LCD_Init                  text25       00BAF
__end_of_LCD_Port                  text31       0179B
__end_of_LCD_Set_Cursor            text7        00A3E
__end_of_LCD_Write_Char            text29       008E6
__end_of_LCD_Write_Int             text4        00139
__end_of_LCD_Write_String          text3        01800
__end_of_OSCILLATOR_Initialize     text24       0000C
__end_of_PID_Calculate             text34       0040D
__end_of_PIN_MANAGER_Initialize    text23       00918
__end_of_PWM6_Initialize           text22       0172F
__end_of_PWM6_LoadDutyValue        text33       01783
__end_of_SYSTEM_Initialize         text19       009FF
__end_of_TMR0_Initialize           text21       0174C
__end_of_TMR2_Initialize           text20       0175B
__end_of___aldiv                   text18       00CB2
__end_of___awdiv                   text6        00AD4
__end_of___awmod                   text5        00A83
__end_of___awtoft                  text39       0086E
__end_of___ftadd                   text38       0022F
__end_of___ftdiv                   text17       00DE2
__end_of___ftge                    text37       009C3
__end_of___ftmul                   text36       00F46
__end_of___ftneg                   text35       01702
__end_of___ftpack                  text40       00070
__end_of___ftsub                   text16       0084E
__end_of___fttol                   text15       00D39
__end_of___lbtoft                  text14       017E6
__end_of___lwdiv                   text13       0094C
__end_of___lwtoft                  text12       00815
__end_of___wmul                    text11       00830
__end_of__initialization           cinit        007FD
__end_of_eval_poly                 text10       00B34
__end_of_frexp                     text9        00987
__end_of_log                       text8        00E92
__end_of_main                      maintext     007B9
__end_of_readButtons               text2        00C30
__end_of_tempSetpoint              text1        01000
__end_oflog@coeff                  stringtext   0101B
__initialization                   cinit        007B9
__pbssBANK0                        bssBANK0     00066
__pbssBANK1                        bssBANK1     000A0
__pbssBIGRAM                       (abs)        0238C
__pcstackBANK0                     cstackBANK0  00020
__pcstackBANK1                     cstackBANK1  000C7
__pcstackCOMMON                    cstackCOMMON 00070
__pdataBANK0                       dataBANK0    0006D
__pdataBANK1                       dataBANK1    000E5
__pdataBANK2                       dataBANK2    00120
__pidataBANK0                      idataBANK0   016F2
__pidataBANK1                      idataBANK1   016F5
__pidataBANK2                      idataBANK2   0179B
__pmaintext                        maintext     0040D
__pstringtext                      stringtext   01000
__ptext1                           text1        00F46
__ptext10                          text10       00AD4
__ptext11                          text11       00815
__ptext12                          text12       00802
__ptext13                          text13       00918
__ptext14                          text14       017CC
__ptext15                          text15       00CB2
__ptext16                          text16       00830
__ptext17                          text17       00D39
__ptext18                          text18       00C30
__ptext19                          text19       009C3
__ptext2                           text2        00BAF
__ptext20                          text20       0174C
__ptext21                          text21       0173D
__ptext22                          text22       01722
__ptext23                          text23       008E6
__ptext24                          text24       00004
__ptext25                          text25       00B34
__ptext26                          text26       01702
__ptext27                          text27       00894
__ptext28                          text28       0086E
__ptext29                          text29       008BC
__ptext3                           text3        017E6
__ptext30                          text30       0175B
__ptext31                          text31       01783
__ptext32                          text32       017B3
__ptext33                          text33       0176D
__ptext34                          text34       0022F
__ptext35                          text35       016FA
__ptext36                          text36       00E92
__ptext37                          text37       00987
__ptext38                          text38       00139
__ptext39                          text39       0084E
__ptext4                           text4        00070
__ptext40                          text40       0000C
__ptext41                          text41       0172F
__ptext5                           text5        00A3E
__ptext6                           text6        00A83
__ptext7                           text7        009FF
__ptext8                           text8        00DE2
__ptext9                           text9        0094C
__size_of_ADCC_GetSingleConversion (abs)        00000
__size_of_ADCC_Initialize          (abs)        00000
__size_of_InitCustomChars          (abs)        00000
__size_of_Init_PID                 (abs)        00000
__size_of_LCD_Clear                (abs)        00000
__size_of_LCD_Cmd                  (abs)        00000
__size_of_LCD_Init                 (abs)        00000
__size_of_LCD_Port                 (abs)        00000
__size_of_LCD_Set_Cursor           (abs)        00000
__size_of_LCD_Write_Char           (abs)        00000
__size_of_LCD_Write_Int            (abs)        00000
__size_of_LCD_Write_String         (abs)        00000
__size_of_OSCILLATOR_Initialize    (abs)        00000
__size_of_PID_Calculate            (abs)        00000
__size_of_PIN_MANAGER_Initialize   (abs)        00000
__size_of_PWM6_Initialize          (abs)        00000
__size_of_PWM6_LoadDutyValue       (abs)        00000
__size_of_SYSTEM_Initialize        (abs)        00000
__size_of_TMR0_Initialize          (abs)        00000
__size_of_TMR2_Initialize          (abs)        00000
__size_of___aldiv                  (abs)        00000
__size_of___awdiv                  (abs)        00000
__size_of___awmod                  (abs)        00000
__size_of___awtoft                 (abs)        00000
__size_of___ftadd                  (abs)        00000
__size_of___ftdiv                  (abs)        00000
__size_of___ftge                   (abs)        00000
__size_of___ftmul                  (abs)        00000
__size_of___ftneg                  (abs)        00000
__size_of___ftpack                 (abs)        00000
__size_of___ftsub                  (abs)        00000
__size_of___fttol                  (abs)        00000
__size_of___lbtoft                 (abs)        00000
__size_of___lwdiv                  (abs)        00000
__size_of___lwtoft                 (abs)        00000
__size_of___wmul                   (abs)        00000
__size_of_eval_poly                (abs)        00000
__size_of_frexp                    (abs)        00000
__size_of_log                      (abs)        00000
__size_of_main                     (abs)        00000
__size_of_readButtons              (abs)        00000
__size_of_tempSetpoint             (abs)        00000
_downCount                         bssBANK0     00068
_errno                             bssBANK1     000C3
_eval_poly                         text10       00AD4
_frexp                             text9        0094C
_log                               text8        00DE2
_main                              maintext     0040D
_main$1057                         cstackBANK1  000CA
_oldSetpoint                       bssBANK0     00069
_presets                           dataBANK1    000E5
_readButtons                       text2        00BAF
_samples                           (abs)        0238C
_setpoint                          dataBANK0    0006F
_tempSetpoint                      text1        00F46
_toggleCount                       bssBANK0     0006A
_upCount                           bssBANK0     0006B
_x                                 bssBANK0     0006C
btemp                              (abs)        0007E
clear_ram0                         clrtext      0170A
end_of_initialization              cinit        007FD
eval_poly@d                        cstackBANK0  00040
eval_poly@n                        cstackBANK0  00042
eval_poly@res                      cstackBANK0  00044
eval_poly@x                        cstackBANK0  0003D
frexp@eptr                         cstackCOMMON 00073
frexp@value                        cstackCOMMON 00070
init_ram                           inittext     01716
intlevel0                          functab      00000
intlevel1                          functab      00000
intlevel2                          functab      00000
intlevel3                          functab      00000
intlevel4                          functab      00000
intlevel5                          functab      00000
log@coeff                          stringtext   01000
log@exponent                       cstackBANK0  0004B
log@x                              cstackBANK0  00047
ltemp                              (abs)        0007E
ltemp0                             (abs)        0007E
ltemp1                             (abs)        00082
ltemp2                             (abs)        00086
ltemp3                             (abs)        00080
main@PWM_Output                    cstackBANK1  000CF
main@R                             cstackBANK1  000C7
main@counter                       cstackBANK1  000D4
main@displayTemp                   cstackBANK1  000D8
main@firstTimeThrough              cstackBANK1  000D3
main@minutes                       cstackBANK1  000CD
main@readTemperature               cstackBANK1  000E0
main@readTemperatureOld            cstackBANK1  000DE
main@sampleIndex                   bssBANK1     000C5
main@seconds                       cstackBANK1  000D1
main@startupTimer                  cstackBANK1  000D6
main@steinhart                     cstackBANK1  000E2
main@toggle                        cstackBANK1  000D7
main@totals                        cstackBANK1  000DA
reset_vec                          reset_vec    00000
stackhi                            (abs)        0238B
stacklo                            (abs)        020B8
start                              init         00002
start_initialization               cinit        007B9
tempSetpoint@counter               cstackBANK0  00034
ttemp                              (abs)        0007E
ttemp0                             (abs)        0007E
ttemp1                             (abs)        00081
ttemp2                             (abs)        00084
ttemp3                             (abs)        00087
ttemp4                             (abs)        0007F
wtemp                              (abs)        0007E
wtemp0                             (abs)        0007E
wtemp1                             (abs)        00080
wtemp2                             (abs)        00082
wtemp3                             (abs)        00084
wtemp4                             (abs)        00086
wtemp5                             (abs)        00088
wtemp6                             (abs)        0007F


FUNCTION INFORMATION:

 *************** function _main *****************
 Defined at:
		line 16 in file "main.c"
 Parameters:    Size  Location     Type
		None
 Auto vars:     Size  Location     Type
  s               8    0        unsigned char [8]
  totals          4   19[BANK1 ] long 
  steinhart       3   27[BANK1 ] float 
  R               3    0[BANK1 ] float 
  readTemperat    2   25[BANK1 ] unsigned int 
  readTemperat    2   23[BANK1 ] unsigned int 
  displayTemp     2   17[BANK1 ] unsigned int 
  counter         2   13[BANK1 ] unsigned int 
  seconds         2   10[BANK1 ] unsigned int 
  PWM_Output      2    8[BANK1 ] unsigned int 
  minutes         2    6[BANK1 ] unsigned int 
  toggle          1   16[BANK1 ] unsigned char 
  startupTimer    1   15[BANK1 ] unsigned char 
  firstTimeThr    1   12[BANK1 ] unsigned char 
 Return value:  Size  Location     Type
                  1    wreg      void 
 Registers used:
		wreg, fsr0l, fsr0h, fsr1l, fsr1h, status,2, status,0, pclath, cstack
 Tracked objects:
		On entry : 
		On exit  : 
		Unchanged: 
 Data sizes:     COMMON   BANK0   BANK1   BANK2   BANK3   BANK4   BANK5   BANK6   BANK7   BANK8   BANK9  BANK10  BANK11  BANK12
      Params:         0       0       0       0       0       0       0       0       0       0       0       0       0       0
      Locals:         0       0      30       0       0       0       0       0       0       0       0       0       0       0
      Temps:          0      10       0       0       0       0       0       0       0       0       0       0       0       0
      Totals:         0      10      30       0       0       0       0       0       0       0       0       0       0       0
Total ram usage:       40 bytes
 Hardware stack levels required when called:    5
 This function calls:
		_ADCC_GetSingleConversion
		_LCD_Set_Cursor
		_LCD_Write_Char
		_LCD_Write_Int
		_LCD_Write_String
		_PID_Calculate
		_PWM6_LoadDutyValue
		_SYSTEM_Initialize
		___aldiv
		___ftadd
		___ftdiv
		___ftge
		___ftmul
		___ftneg
		___ftsub
		___fttol
		___lbtoft
		___lwdiv
		___lwtoft
		___wmul
		_log
		_readButtons
		_tempSetpoint
 This function is called by:
		Startup code after reset
 This function uses a non-reentrant model


 *************** function _tempSetpoint *****************
 Defined at:
		line 12 in file "user.c"
 Parameters:    Size  Location     Type
		None
 Auto vars:     Size  Location     Type
  counter         1   20[BANK0 ] unsigned char 
 Return value:  Size  Location     Type
                  1    wreg      void 
 Registers used:
		wreg, fsr0l, fsr0h, fsr1l, fsr1h, status,2, status,0, pclath, cstack
 Tracked objects:
		On entry : 
		On exit  : 
		Unchanged: 
 Data sizes:     COMMON   BANK0   BANK1   BANK2   BANK3   BANK4   BANK5   BANK6   BANK7   BANK8   BANK9  BANK10  BANK11  BANK12
      Params:         0       0       0       0       0       0       0       0       0       0       0       0       0       0
      Locals:         0       1       0       0       0       0       0       0       0       0       0       0       0       0
      Temps:          0       3       0       0       0       0       0       0       0       0       0       0       0       0
      Totals:         0       4       0       0       0       0       0       0       0       0       0       0       0       0
Total ram usage:        4 bytes
 Hardware stack levels used:    1
 Hardware stack levels required when called:    4
 This function calls:
		_LCD_Clear
		_LCD_Set_Cursor
		_LCD_Write_Char
		_LCD_Write_Int
		_LCD_Write_String
		_readButtons
 This function is called by:
		_main
 This function uses a non-reentrant model


 *************** function _readButtons *****************
 Defined at:
		line 62 in file "user.c"
 Parameters:    Size  Location     Type
		None
 Auto vars:     Size  Location     Type
		None
 Return value:  Size  Location     Type
                  1    wreg      void 
 Registers used:
		wreg, fsr0l, fsr0h, fsr1l, fsr1h, status,2, status,0, pclath, cstack
 Tracked objects:
		On entry : 
		On exit  : 
		Unchanged: 
 Data sizes:     COMMON   BANK0   BANK1   BANK2   BANK3   BANK4   BANK5   BANK6   BANK7   BANK8   BANK9  BANK10  BANK11  BANK12
      Params:         0       0       0       0       0       0       0       0       0       0       0       0       0       0
      Locals:         0       0       0       0       0       0       0       0       0       0       0       0       0       0
      Temps:          0       3       0       0       0       0       0       0       0       0       0       0       0       0
      Totals:         0       3       0       0       0       0       0       0       0       0       0       0       0       0
Total ram usage:        3 bytes
 Hardware stack levels used:    1
 Hardware stack levels required when called:    3
 This function calls:
		_LCD_Clear
		_LCD_Set_Cursor
		_LCD_Write_Char
		_LCD_Write_Int
		_LCD_Write_String
 This function is called by:
		_tempSetpoint
		_main
 This function uses a non-reentrant model


 *************** function _LCD_Write_String *****************
 Defined at:
		line 239 in file "lcd.c"
 Parameters:    Size  Location     Type
  a               2    5[COMMON] PTR const unsigned char 
		 -> STR_4(6), STR_3(10), STR_2(10), STR_1(10), 
 Auto vars:     Size  Location     Type
  i               2    8[COMMON] int 
 Return value:  Size  Location     Type
                  1    wreg      void 
 Registers used:
		wreg, fsr0l, fsr0h, status,2, status,0, pclath, cstack
 Tracked objects:
		On entry : 
		On exit  : 
		Unchanged: 
 Data sizes:     COMMON   BANK0   BANK1   BANK2   BANK3   BANK4   BANK5   BANK6   BANK7   BANK8   BANK9  BANK10  BANK11  BANK12
      Params:         2       0       0       0       0       0       0       0       0       0       0       0       0       0
      Locals:         2       0       0       0       0       0       0       0       0       0       0       0       0       0
      Temps:          1       0       0       0       0       0       0       0       0       0       0       0       0       0
      Totals:         5       0       0       0       0       0       0       0       0       0       0       0       0       0
Total ram usage:        5 bytes
 Hardware stack levels used:    1
 Hardware stack levels required when called:    2
 This function calls:
		_LCD_Write_Char
 This function is called by:
		_tempSetpoint
		_readButtons
		_main
 This function uses a non-reentrant model


 *************** function _LCD_Write_Int *****************
 Defined at:
		line 246 in file "lcd.c"
 Parameters:    Size  Location     Type
  value           2    9[COMMON] int 
  fieldLength     1   11[COMMON] char 
  numPlaces       1   12[COMMON] char 
  sign            1   13[COMMON] char 
 Auto vars:     Size  Location     Type
  str             5    5[BANK0 ] unsigned char [5]
  i               2   12[BANK0 ] int 
  j               2   10[BANK0 ] int 
 Return value:  Size  Location     Type
                  1    wreg      void 
 Registers used:
		wreg, fsr0l, fsr0h, fsr1l, fsr1h, status,2, status,0, pclath, cstack
 Tracked objects:
		On entry : 
		On exit  : 
		Unchanged: 
 Data sizes:     COMMON   BANK0   BANK1   BANK2   BANK3   BANK4   BANK5   BANK6   BANK7   BANK8   BANK9  BANK10  BANK11  BANK12
      Params:         5       0       0       0       0       0       0       0       0       0       0       0       0       0
      Locals:         0       9       0       0       0       0       0       0       0       0       0       0       0       0
      Temps:          0       5       0       0       0       0       0       0       0       0       0       0       0       0
      Totals:         5      14       0       0       0       0       0       0       0       0       0       0       0       0
Total ram usage:       19 bytes
 Hardware stack levels used:    1
 Hardware stack levels required when called:    2
 This function calls:
		_LCD_Write_Char
		___awdiv
		___awmod
 This function is called by:
		_tempSetpoint
		_readButtons
		_main
 This function uses a non-reentrant model


 *************** function ___awmod *****************
 Defined at:
		line 6 in file "C:\Program Files (x86)\Microchip\xc8\v1.38\sources\common\awmod.c"
 Parameters:    Size  Location     Type
  divisor         2    0[COMMON] int 
  dividend        2    2[COMMON] int 
 Auto vars:     Size  Location     Type
  sign            1    6[COMMON] unsigned char 
  counter         1    5[COMMON] unsigned char 
 Return value:  Size  Location     Type
                  2    0[COMMON] int 
 Registers used:
		wreg, status,2, status,0
 Tracked objects:
		On entry : 
		On exit  : 
		Unchanged: 
 Data sizes:     COMMON   BANK0   BANK1   BANK2   BANK3   BANK4   BANK5   BANK6   BANK7   BANK8   BANK9  BANK10  BANK11  BANK12
      Params:         4       0       0       0       0       0       0       0       0       0       0       0       0       0
      Locals:         2       0       0       0       0       0       0       0       0       0       0       0       0       0
      Temps:          1       0       0       0       0       0       0       0       0       0       0       0       0       0
      Totals:         7       0       0       0       0       0       0       0       0       0       0       0       0       0
Total ram usage:        7 bytes
 Hardware stack levels used:    1
 This function calls:
		Nothing
 This function is called by:
		_LCD_Write_Int
 This function uses a non-reentrant model


 *************** function ___awdiv *****************
 Defined at:
		line 6 in file "C:\Program Files (x86)\Microchip\xc8\v1.38\sources\common\awdiv.c"
 Parameters:    Size  Location     Type
  divisor         2    0[COMMON] int 
  dividend        2    2[COMMON] int 
 Auto vars:     Size  Location     Type
  quotient        2    7[COMMON] int 
  sign            1    6[COMMON] unsigned char 
  counter         1    5[COMMON] unsigned char 
 Return value:  Size  Location     Type
                  2    0[COMMON] int 
 Registers used:
		wreg, status,2, status,0
 Tracked objects:
		On entry : 
		On exit  : 
		Unchanged: 
 Data sizes:     COMMON   BANK0   BANK1   BANK2   BANK3   BANK4   BANK5   BANK6   BANK7   BANK8   BANK9  BANK10  BANK11  BANK12
      Params:         4       0       0       0       0       0       0       0       0       0       0       0       0       0
      Locals:         4       0       0       0       0       0       0       0       0       0       0       0       0       0
      Temps:          1       0       0       0       0       0       0       0       0       0       0       0       0       0
      Totals:         9       0       0       0       0       0       0       0       0       0       0       0       0       0
Total ram usage:        9 bytes
 Hardware stack levels used:    1
 This function calls:
		Nothing
 This function is called by:
		_LCD_Write_Int
 This function uses a non-reentrant model


 *************** function _LCD_Set_Cursor *****************
 Defined at:
		line 82 in file "lcd.c"
 Parameters:    Size  Location     Type
  x               1    wreg     unsigned char 
  y               1    3[COMMON] unsigned char 
 Auto vars:     Size  Location     Type
  x               1    6[COMMON] unsigned char 
  temp            1    9[COMMON] unsigned char 
  w               1    8[COMMON] unsigned char 
  z               1    7[COMMON] unsigned char 
 Return value:  Size  Location     Type
                  1    wreg      void 
 Registers used:
		wreg, status,2, status,0, pclath, cstack
 Tracked objects:
		On entry : 
		On exit  : 
		Unchanged: 
 Data sizes:     COMMON   BANK0   BANK1   BANK2   BANK3   BANK4   BANK5   BANK6   BANK7   BANK8   BANK9  BANK10  BANK11  BANK12
      Params:         1       0       0       0       0       0       0       0       0       0       0       0       0       0
      Locals:         4       0       0       0       0       0       0       0       0       0       0       0       0       0
      Temps:          2       0       0       0       0       0       0       0       0       0       0       0       0       0
      Totals:         7       0       0       0       0       0       0       0       0       0       0       0       0       0
Total ram usage:        7 bytes
 Hardware stack levels used:    1
 Hardware stack levels required when called:    2
 This function calls:
		_LCD_Cmd
 This function is called by:
		_tempSetpoint
		_readButtons
		_main
 This function uses a non-reentrant model


 *************** function _log *****************
 Defined at:
		line 5 in file "C:\Program Files (x86)\Microchip\xc8\v1.38\sources\common\log.c"
 Parameters:    Size  Location     Type
  x               3   39[BANK0 ] void 
 Auto vars:     Size  Location     Type
  exponent        2   43[BANK0 ] int 
 Return value:  Size  Location     Type
                  3   39[BANK0 ] int 
 Registers used:
		wreg, fsr0l, fsr0h, fsr1l, fsr1h, status,2, status,0, pclath, cstack
 Tracked objects:
		On entry : 
		On exit  : 
		Unchanged: 
 Data sizes:     COMMON   BANK0   BANK1   BANK2   BANK3   BANK4   BANK5   BANK6   BANK7   BANK8   BANK9  BANK10  BANK11  BANK12
      Params:         0       3       0       0       0       0       0       0       0       0       0       0       0       0
      Locals:         0       2       0       0       0       0       0       0       0       0       0       0       0       0
      Temps:          0       1       0       0       0       0       0       0       0       0       0       0       0       0
      Totals:         0       6       0       0       0       0       0       0       0       0       0       0       0       0
Total ram usage:        6 bytes
 Hardware stack levels used:    1
 Hardware stack levels required when called:    3
 This function calls:
		___awtoft
		___ftadd
		___ftge
		___ftmul
		_eval_poly
		_frexp
 This function is called by:
		_main
 This function uses a non-reentrant model


 *************** function _frexp *****************
 Defined at:
		line 254 in file "C:\Program Files (x86)\Microchip\xc8\v1.38\sources\common\frexp.c"
 Parameters:    Size  Location     Type
  value           3    0[COMMON] int 
  eptr            1    3[COMMON] PTR int 
		 -> log@exponent(2), 
 Auto vars:     Size  Location     Type
		None
 Return value:  Size  Location     Type
                  3    0[COMMON] PTR int 
 Registers used:
		wreg, fsr1l, fsr1h, status,2, status,0
 Tracked objects:
		On entry : 
		On exit  : 
		Unchanged: 
 Data sizes:     COMMON   BANK0   BANK1   BANK2   BANK3   BANK4   BANK5   BANK6   BANK7   BANK8   BANK9  BANK10  BANK11  BANK12
      Params:         4       0       0       0       0       0       0       0       0       0       0       0       0       0
      Locals:         0       0       0       0       0       0       0       0       0       0       0       0       0       0
      Temps:          2       0       0       0       0       0       0       0       0       0       0       0       0       0
      Totals:         6       0       0       0       0       0       0       0       0       0       0       0       0       0
Total ram usage:        6 bytes
 Hardware stack levels used:    1
 This function calls:
		Nothing
 This function is called by:
		_log
 This function uses a non-reentrant model


 *************** function _eval_poly *****************
 Defined at:
		line 4 in file "C:\Program Files (x86)\Microchip\xc8\v1.38\sources\common\evalpoly.c"
 Parameters:    Size  Location     Type
  x               3   29[BANK0 ] PTR int 
  d               2   32[BANK0 ] PTR const 
		 -> log@coeff(27), 
  n               2   34[BANK0 ] int 
 Auto vars:     Size  Location     Type
  res             3   36[BANK0 ] int 
 Return value:  Size  Location     Type
                  3   29[BANK0 ] int 
 Registers used:
		wreg, fsr0l, fsr0h, status,2, status,0, pclath, cstack
 Tracked objects:
		On entry : 
		On exit  : 
		Unchanged: 
 Data sizes:     COMMON   BANK0   BANK1   BANK2   BANK3   BANK4   BANK5   BANK6   BANK7   BANK8   BANK9  BANK10  BANK11  BANK12
      Params:         0       7       0       0       0       0       0       0       0       0       0       0       0       0
      Locals:         0       3       0       0       0       0       0       0       0       0       0       0       0       0
      Temps:          0       0       0       0       0       0       0       0       0       0       0       0       0       0
      Totals:         0      10       0       0       0       0       0       0       0       0       0       0       0       0
Total ram usage:       10 bytes
 Hardware stack levels used:    1
 Hardware stack levels required when called:    2
 This function calls:
		___ftadd
		___ftmul
		___wmul
 This function is called by:
		_log
 This function uses a non-reentrant model


 *************** function ___wmul *****************
 Defined at:
		line 15 in file "C:\Program Files (x86)\Microchip\xc8\v1.38\sources\common\Umul16.c"
 Parameters:    Size  Location     Type
  multiplier      2    0[COMMON] unsigned int 
  multiplicand    2    2[COMMON] unsigned int 
 Auto vars:     Size  Location     Type
  product         2    4[COMMON] unsigned int 
 Return value:  Size  Location     Type
                  2    0[COMMON] unsigned int 
 Registers used:
		wreg, status,2, status,0
 Tracked objects:
		On entry : 
		On exit  : 
		Unchanged: 
[...]
      Params:         0       0       0       0       0       0       0       0       0       0       0       0       0       0
      Locals:         1       0       0       0       0       0       0       0       0       0       0       0       0       0
      Temps:          0       0       0       0       0       0       0       0       0       0       0       0       0       0
      Totals:         1       0       0       0       0       0       0       0       0       0       0       0       0       0
Total ram usage:        1 bytes
 Hardware stack levels used:    1
 This function calls:
		Nothing
 This function is called by:
		_LCD_Cmd
		_LCD_Init
		_LCD_Write_Char
 This function uses a non-reentrant model


 *************** function _ADCC_Initialize *****************
 Defined at:
		line 5 in file "adcc.c"
 Parameters:    Size  Location     Type
		None
 Auto vars:     Size  Location     Type
		None
 Return value:  Size  Location     Type
                  1    wreg      void 
 Registers used:
		wreg, status,2
 Tracked objects:
		On entry : 
		On exit  : 
		Unchanged: 
 Data sizes:     COMMON   BANK0   BANK1   BANK2   BANK3   BANK4   BANK5   BANK6   BANK7   BANK8   BANK9  BANK10  BANK11  BANK12
      Params:         0       0       0       0       0       0       0       0       0       0       0       0       0       0
      Locals:         0       0       0       0       0       0       0       0       0       0       0       0       0       0
      Temps:          0       0       0       0       0       0       0       0       0       0       0       0       0       0
      Totals:         0       0       0       0       0       0       0       0       0       0       0       0       0       0
Total ram usage:        0 bytes
 Hardware stack levels used:    1
 This function calls:
		Nothing
 This function is called by:
		_SYSTEM_Initialize
 This function uses a non-reentrant model


 *************** function _PWM6_LoadDutyValue *****************
 Defined at:
		line 15 in file "pwm6.c"
 Parameters:    Size  Location     Type
  dutyValue       2    0[COMMON] unsigned int 
 Auto vars:     Size  Location     Type
		None
 Return value:  Size  Location     Type
                  1    wreg      void 
 Registers used:
		wreg, status,2, status,0
 Tracked objects:
		On entry : 
		On exit  : 
		Unchanged: 
 Data sizes:     COMMON   BANK0   BANK1   BANK2   BANK3   BANK4   BANK5   BANK6   BANK7   BANK8   BANK9  BANK10  BANK11  BANK12
      Params:         2       0       0       0       0       0       0       0       0       0       0       0       0       0
      Locals:         0       0       0       0       0       0       0       0       0       0       0       0       0       0
      Temps:          2       0       0       0       0       0       0       0       0       0       0       0       0       0
      Totals:         4       0       0       0       0       0       0       0       0       0       0       0       0       0
Total ram usage:        4 bytes
 Hardware stack levels used:    1
 This function calls:
		Nothing
 This function is called by:
		_main
 This function uses a non-reentrant model


 *************** function _PID_Calculate *****************
 Defined at:
		line 25 in file "PID_Lib.c"
 Parameters:    Size  Location     Type
  setpoint        2   38[BANK0 ] const int 
  temp            3   40[BANK0 ] float 
 Auto vars:     Size  Location     Type
		None
 Return value:  Size  Location     Type
                  3   38[BANK0 ] float 
 Registers used:
		wreg, status,2, status,0, pclath, cstack
 Tracked objects:
		On entry : 
		On exit  : 
		Unchanged: 
 Data sizes:     COMMON   BANK0   BANK1   BANK2   BANK3   BANK4   BANK5   BANK6   BANK7   BANK8   BANK9  BANK10  BANK11  BANK12
      Params:         0       5       0       0       0       0       0       0       0       0       0       0       0       0
      Locals:         0       3       0       0       0       0       0       0       0       0       0       0       0       0
      Temps:          0       0       0       0       0       0       0       0       0       0       0       0       0       0
      Totals:         0       8       0       0       0       0       0       0       0       0       0       0       0       0
Total ram usage:        8 bytes
 Hardware stack levels used:    1
 Hardware stack levels required when called:    2
 This function calls:
		___awtoft
		___ftadd
		___ftge
		___ftmul
		___ftneg
 This function is called by:
		_main
 This function uses a non-reentrant model


 *************** function ___ftneg *****************
 Defined at:
		line 15 in file "C:\Program Files (x86)\Microchip\xc8\v1.38\sources\common\ftneg.c"
 Parameters:    Size  Location     Type
  f1              3    0[COMMON] float 
 Auto vars:     Size  Location     Type
		None
 Return value:  Size  Location     Type
                  3    0[COMMON] float 
 Registers used:
		wreg
 Tracked objects:
		On entry : 
		On exit  : 
		Unchanged: 
 Data sizes:     COMMON   BANK0   BANK1   BANK2   BANK3   BANK4   BANK5   BANK6   BANK7   BANK8   BANK9  BANK10  BANK11  BANK12
      Params:         3       0       0       0       0       0       0       0       0       0       0       0       0       0
      Locals:         0       0       0       0       0       0       0       0       0       0       0       0       0       0
      Temps:          0       0       0       0       0       0       0       0       0       0       0       0       0       0
      Totals:         3       0       0       0       0       0       0       0       0       0       0       0       0       0
Total ram usage:        3 bytes
 Hardware stack levels used:    1
 This function calls:
		Nothing
 This function is called by:
		_PID_Calculate
		_main
 This function uses a non-reentrant model


 *************** function ___ftmul *****************
 Defined at:
		line 62 in file "C:\Program Files (x86)\Microchip\xc8\v1.38\sources\common\ftmul.c"
 Parameters:    Size  Location     Type
  f1              3    0[BANK0 ] float 
  f2              3    3[BANK0 ] float 
 Auto vars:     Size  Location     Type
  f3_as_produc    3   11[BANK0 ] unsigned um
  sign            1   15[BANK0 ] unsigned char 
  cntr            1   14[BANK0 ] unsigned char 
  exp             1   10[BANK0 ] unsigned char 
 Return value:  Size  Location     Type
                  3    0[BANK0 ] float 
 Registers used:
		wreg, status,2, status,0, pclath, cstack
 Tracked objects:
		On entry : 
		On exit  : 
		Unchanged: 
 Data sizes:     COMMON   BANK0   BANK1   BANK2   BANK3   BANK4   BANK5   BANK6   BANK7   BANK8   BANK9  BANK10  BANK11  BANK12
      Params:         0       6       0       0       0       0       0       0       0       0       0       0       0       0
      Locals:         0       6       0       0       0       0       0       0       0       0       0       0       0       0
      Temps:          0       4       0       0       0       0       0       0       0       0       0       0       0       0
      Totals:         0      16       0       0       0       0       0       0       0       0       0       0       0       0
Total ram usage:       16 bytes
 Hardware stack levels used:    1
 Hardware stack levels required when called:    1
 This function calls:
		___ftpack
 This function is called by:
		_PID_Calculate
		_main
		_log
		_eval_poly
 This function uses a non-reentrant model


 *************** function ___ftge *****************
 Defined at:
		line 4 in file "C:\Program Files (x86)\Microchip\xc8\v1.38\sources\common\ftge.c"
 Parameters:    Size  Location     Type
  ff1             3   29[BANK0 ] float 
  ff2             3   32[BANK0 ] float 
 Auto vars:     Size  Location     Type
		None
 Return value:  Size  Location     Type
		None               void
 Registers used:
		wreg, status,2, status,0
 Tracked objects:
		On entry : 
		On exit  : 
		Unchanged: 
 Data sizes:     COMMON   BANK0   BANK1   BANK2   BANK3   BANK4   BANK5   BANK6   BANK7   BANK8   BANK9  BANK10  BANK11  BANK12
      Params:         0       6       0       0       0       0       0       0       0       0       0       0       0       0
      Locals:         0       0       0       0       0       0       0       0       0       0       0       0       0       0
      Temps:          0       3       0       0       0       0       0       0       0       0       0       0       0       0
      Totals:         0       9       0       0       0       0       0       0       0       0       0       0       0       0
Total ram usage:        9 bytes
 Hardware stack levels used:    1
 This function calls:
		Nothing
 This function is called by:
		_PID_Calculate
		_main
		_log
 This function uses a non-reentrant model


 *************** function ___ftadd *****************
 Defined at:
		line 86 in file "C:\Program Files (x86)\Microchip\xc8\v1.38\sources\common\ftadd.c"
 Parameters:    Size  Location     Type
  f1              3   16[BANK0 ] float 
  f2              3   19[BANK0 ] float 
 Auto vars:     Size  Location     Type
  exp1            1   28[BANK0 ] unsigned char 
  exp2            1   27[BANK0 ] unsigned char 
  sign            1   26[BANK0 ] unsigned char 
 Return value:  Size  Location     Type
                  3   16[BANK0 ] float 
 Registers used:
		wreg, status,2, status,0, pclath, cstack
 Tracked objects:
		On entry : 
		On exit  : 
		Unchanged: 
 Data sizes:     COMMON   BANK0   BANK1   BANK2   BANK3   BANK4   BANK5   BANK6   BANK7   BANK8   BANK9  BANK10  BANK11  BANK12
      Params:         0       6       0       0       0       0       0       0       0       0       0       0       0       0
      Locals:         0       3       0       0       0       0       0       0       0       0       0       0       0       0
      Temps:          0       4       0       0       0       0       0       0       0       0       0       0       0       0
      Totals:         0      13       0       0       0       0       0       0       0       0       0       0       0       0
Total ram usage:       13 bytes
 Hardware stack levels used:    1
 Hardware stack levels required when called:    1
 This function calls:
		___ftpack
 This function is called by:
		_PID_Calculate
		_main
		___ftsub
		_log
		_eval_poly
 This function uses a non-reentrant model


 *************** function ___awtoft *****************
 Defined at:
		line 32 in file "C:\Program Files (x86)\Microchip\xc8\v1.38\sources\common\awtoft.c"
 Parameters:    Size  Location     Type
  c               2    8[COMMON] int 
 Auto vars:     Size  Location     Type
  sign            1   13[COMMON] unsigned char 
 Return value:  Size  Location     Type
                  3    8[COMMON] float 
 Registers used:
		wreg, status,2, status,0, pclath, cstack
 Tracked objects:
		On entry : 
		On exit  : 
		Unchanged: 
 Data sizes:     COMMON   BANK0   BANK1   BANK2   BANK3   BANK4   BANK5   BANK6   BANK7   BANK8   BANK9  BANK10  BANK11  BANK12
      Params:         3       0       0       0       0       0       0       0       0       0       0       0       0       0
      Locals:         1       0       0       0       0       0       0       0       0       0       0       0       0       0
      Temps:          2       0       0       0       0       0       0       0       0       0       0       0       0       0
      Totals:         6       0       0       0       0       0       0       0       0       0       0       0       0       0
Total ram usage:        6 bytes
 Hardware stack levels used:    1
 Hardware stack levels required when called:    1
 This function calls:
		___ftpack
 This function is called by:
		_PID_Calculate
		_log
 This function uses a non-reentrant model


 *************** function ___ftpack *****************
 Defined at:
		line 62 in file "C:\Program Files (x86)\Microchip\xc8\v1.38\sources\common\float.c"
 Parameters:    Size  Location     Type
  arg             3    0[COMMON] unsigned um
  exp             1    3[COMMON] unsigned char 
  sign            1    4[COMMON] unsigned char 
 Auto vars:     Size  Location     Type
		None
 Return value:  Size  Location     Type
                  3    0[COMMON] float 
 Registers used:
		wreg, status,2, status,0
 Tracked objects:
		On entry : 
		On exit  : 
		Unchanged: 
 Data sizes:     COMMON   BANK0   BANK1   BANK2   BANK3   BANK4   BANK5   BANK6   BANK7   BANK8   BANK9  BANK10  BANK11  BANK12
      Params:         5       0       0       0       0       0       0       0       0       0       0       0       0       0
      Locals:         0       0       0       0       0       0       0       0       0       0       0       0       0       0
      Temps:          3       0       0       0       0       0       0       0       0       0       0       0       0       0
      Totals:         8       0       0       0       0       0       0       0       0       0       0       0       0       0
Total ram usage:        8 bytes
 Hardware stack levels used:    1
 This function calls:
		Nothing
 This function is called by:
		___awtoft
		___ftadd
		___ftdiv
		___ftmul
		___lbtoft
		___lwtoft
 This function uses a non-reentrant model


 *************** function _ADCC_GetSingleConversion *****************
 Defined at:
		line 52 in file "adcc.c"
 Parameters:    Size  Location     Type
  channel         1    wreg     enum E13559
 Auto vars:     Size  Location     Type
  channel         1    3[COMMON] enum E13559
 Return value:  Size  Location     Type
                  2    0[COMMON] unsigned int 
 Registers used:
		wreg
 Tracked objects:
		On entry : 
		On exit  : 
		Unchanged: 
 Data sizes:     COMMON   BANK0   BANK1   BANK2   BANK3   BANK4   BANK5   BANK6   BANK7   BANK8   BANK9  BANK10  BANK11  BANK12
      Params:         3       0       0       0       0       0       0       0       0       0       0       0       0       0
      Locals:         1       0       0       0       0       0       0       0       0       0       0       0       0       0
      Temps:          0       0       0       0       0       0       0       0       0       0       0       0       0       0
      Totals:         4       0       0       0       0       0       0       0       0       0       0       0       0       0
Total ram usage:        4 bytes
 Hardware stack levels used:    1
 This function calls:
		Nothing
 This function is called by:
		_main
 This function uses a non-reentrant model



MODULE INFORMATION

Module		Function		Class		Link	Load	Size
C:\Program Files (x86)\Microchip\xc8\v1.38\sources\common\log.c
		_log           		CODE           	0DE2	0000	177

C:\Program Files (x86)\Microchip\xc8\v1.38\sources\common\log.c estimated size: 177

C:\Program Files (x86)\Microchip\xc8\v1.38\sources\common\ftsub.c
		___ftsub       		CODE           	0830	0000	31

C:\Program Files (x86)\Microchip\xc8\v1.38\sources\common\ftsub.c estimated size: 31

C:\Program Files (x86)\Microchip\xc8\v1.38\sources\common\float.c
		___ftpack      		CODE           	000C	0000	101

C:\Program Files (x86)\Microchip\xc8\v1.38\sources\common\float.c estimated size: 101

timers.c
		_TMR2_Initialize		CODE           	174C	0000	16
		_TMR0_Initialize		CODE           	173D	0000	16

timers.c estimated size: 32

C:\Program Files (x86)\Microchip\xc8\v1.38\sources\common\awmod.c
		___awmod       		CODE           	0A3E	0000	70

C:\Program Files (x86)\Microchip\xc8\v1.38\sources\common\awmod.c estimated size: 70

PID_Lib.c
		_Init_PID      		CODE           	0894	0000	41
		_PID_Calculate 		CODE           	022F	0000	479

PID_Lib.c estimated size: 520

C:\Program Files (x86)\Microchip\xc8\v1.38\sources\common\Umul16.c
		___wmul        		CODE           	0815	0000	28

C:\Program Files (x86)\Microchip\xc8\v1.38\sources\common\Umul16.c estimated size: 28

C:\Program Files (x86)\Microchip\xc8\v1.38\sources\common\frexp.c
		_frexp         		CODE           	094C	0000	60

C:\Program Files (x86)\Microchip\xc8\v1.38\sources\common\frexp.c estimated size: 60

C:\Program Files (x86)\Microchip\xc8\v1.38\sources\common\ftmul.c
		___ftmul       		CODE           	0E92	0000	181

C:\Program Files (x86)\Microchip\xc8\v1.38\sources\common\ftmul.c estimated size: 181

C:\Program Files (x86)\Microchip\xc8\v1.38\sources\common\ftdiv.c
		___ftdiv       		CODE           	0D39	0000	170

C:\Program Files (x86)\Microchip\xc8\v1.38\sources\common\ftdiv.c estimated size: 170

adcc.c
		_ADCC_GetSingleConversion		CODE           	172F	0000	15
		_ADCC_Initialize		CODE           	17B3	0000	26

adcc.c estimated size: 41

C:\Program Files (x86)\Microchip\xc8\v1.38\sources\common\lwdiv.c
		___lwdiv       		CODE           	0918	0000	53

C:\Program Files (x86)\Microchip\xc8\v1.38\sources\common\lwdiv.c estimated size: 53

pwm6.c
		_PWM6_LoadDutyValue		CODE           	176D	0000	23
		_PWM6_Initialize		CODE           	1722	0000	14

pwm6.c estimated size: 37

C:\Program Files (x86)\Microchip\xc8\v1.38\sources\common\awdiv.c
		___awdiv       		CODE           	0A83	0000	82

C:\Program Files (x86)\Microchip\xc8\v1.38\sources\common\awdiv.c estimated size: 82

C:\Program Files (x86)\Microchip\xc8\v1.38\sources\common\aldiv.c
		___aldiv       		CODE           	0C30	0000	131

C:\Program Files (x86)\Microchip\xc8\v1.38\sources\common\aldiv.c estimated size: 131

C:\Program Files (x86)\Microchip\xc8\v1.38\sources\common\fttol.c
		___fttol       		CODE           	0CB2	0000	136

C:\Program Files (x86)\Microchip\xc8\v1.38\sources\common\fttol.c estimated size: 136

shared
		__initialization		CODE           	07B9	0000	69
		log@coeff      		STRCODE        	1000	0000	28

shared estimated size: 97

C:\Program Files (x86)\Microchip\xc8\v1.38\sources\common\lwtoft.c
		___lwtoft      		CODE           	0802	0000	20

C:\Program Files (x86)\Microchip\xc8\v1.38\sources\common\lwtoft.c estimated size: 20

C:\Program Files (x86)\Microchip\xc8\v1.38\sources\common\awtoft.c
		___awtoft      		CODE           	084E	0000	33

C:\Program Files (x86)\Microchip\xc8\v1.38\sources\common\awtoft.c estimated size: 33

C:\Program Files (x86)\Microchip\xc8\v1.38\sources\common\lbtoft.c
		___lbtoft      		CODE           	17CC	0000	27

C:\Program Files (x86)\Microchip\xc8\v1.38\sources\common\lbtoft.c estimated size: 27

C:\Program Files (x86)\Microchip\xc8\v1.38\sources\common\ftadd.c
		___ftadd       		CODE           	0139	0000	247

C:\Program Files (x86)\Microchip\xc8\v1.38\sources\common\ftadd.c estimated size: 247

lcd.c
		_LCD_Init      		CODE           	0B34	0000	124
		_LCD_Write_Char		CODE           	08BC	0000	43
		_InitCustomChars		CODE           	086E	0000	39
		_LCD_Cmd       		CODE           	175B	0000	19
		_LCD_Set_Cursor		CODE           	09FF	0000	64
		_LCD_Clear     		CODE           	1702	0000	9
		_LCD_Port      		CODE           	1783	0000	25
		_LCD_Write_String		CODE           	17E6	0000	27
		_LCD_Write_Int 		CODE           	0070	0000	202

lcd.c estimated size: 552

user.c
		_readButtons   		CODE           	0BAF	0000	130
		_tempSetpoint  		CODE           	0F46	0000	187

user.c estimated size: 317

C:\Program Files (x86)\Microchip\xc8\v1.38\sources\common\evalpoly.c
		_eval_poly     		CODE           	0AD4	0000	97

C:\Program Files (x86)\Microchip\xc8\v1.38\sources\common\evalpoly.c estimated size: 97

pin_manager.c
		_PIN_MANAGER_Initialize		CODE           	08E6	0000	51

pin_manager.c estimated size: 51

main.c
		_main          		CODE           	040D	0000	941

main.c estimated size: 941

system.c
		_OSCILLATOR_Initialize		CODE           	0004	0000	9
		_SYSTEM_Initialize		CODE           	09C3	0000	61

system.c estimated size: 70

C:\Program Files (x86)\Microchip\xc8\v1.38\sources\common\ftge.c
		___ftge        		CODE           	0987	0000	61

C:\Program Files (x86)\Microchip\xc8\v1.38\sources\common\ftge.c estimated size: 61

C:\Program Files (x86)\Microchip\xc8\v1.38\sources\common\ftneg.c
		___ftneg       		CODE           	16FA	0000	9

C:\Program Files (x86)\Microchip\xc8\v1.38\sources\common\ftneg.c estimated size: 9

