Microchip MPLAB XC8 Compiler V1.38 ()

Linker command line:

-W-3 --edf=C:\Program Files (x86)\Microchip\xc8\v1.38\dat\en_msgs.txt -cs \
  -h+dist/default/production\CrockPot.X.production.sym \
  --cmf=dist/default/production\CrockPot.X.production.cmf -z -Q16F18855 \
  -oC:\Users\DAVE\AppData\Local\Temp\s23c.2 \
  -Mdist/default/production/CrockPot.X.production.map -E1 -ver=XC8 \
  -ASTACK=02088h-0238bh -pstack=STACK -ACODE=00h-07FFhx4 \
  -ASTRCODE=00h-01FFFh -ASTRING=00h-0FFhx32 -ACONST=00h-0FFhx32 \
  -AENTRY=00h-0FFhx32 -ACOMMON=070h-07Fh -ABANK0=020h-06Fh \
  -ABANK1=0A0h-0EFh -ABANK2=0120h-016Fh -ABANK3=01A0h-01EFh \
  -ABANK4=0220h-026Fh -ABANK5=02A0h-02EFh -ABANK6=0320h-036Fh \
  -ABANK7=03A0h-03EFh -ABANK8=0420h-046Fh -ABANK9=04A0h-04EFh \
  -ABANK10=0520h-056Fh -ABANK11=05A0h-05EFh -ABANK12=0620h-064Fh \
  -ABIGRAM=02000h-023EFh \
  -ARAM=020h-06Fh,0A0h-0EFh,0120h-016Fh,01A0h-01EFh,0220h-026Fh,02A0h-02EFh,0320h-036Fh,03A0h-03EFh,0420h-046Fh,04A0h-04EFh,0520h-056Fh,05A0h-05EFh,0620h-064Fh \
  -AABS1=020h-07Fh,0A0h-0EFh,0120h-016Fh,01A0h-01EFh,0220h-026Fh,02A0h-02EFh,0320h-036Fh,03A0h-03EFh,0420h-046Fh,04A0h-04EFh,0520h-056Fh,05A0h-05EFh,0620h-064Fh \
  -ASFR0=00h-01Fh -ASFR1=080h-09Fh -ASFR2=0100h-011Fh -ASFR3=0180h-019Fh \
  -ASFR4=0200h-021Fh -ASFR5=0280h-029Fh -ASFR6=0300h-031Fh \
  -ASFR7=0380h-039Fh -ASFR8=0400h-041Fh -ASFR9=0480h-049Fh \
  -ASFR10=0500h-051Fh -ASFR11=0580h-059Fh -ASFR12=0600h-061Fh \
  -ASFR13=0680h-06EFh -ASFR14=0700h-076Fh -ASFR15=0780h-07EFh \
  -ASFR16=0800h-086Fh -ASFR17=0880h-08EFh -ASFR18=0900h-096Fh \
  -ASFR19=0980h-09EFh -ASFR20=0A00h-0A6Fh -ASFR21=0A80h-0AEFh \
  -ASFR22=0B00h-0B6Fh -ASFR23=0B80h-0BEFh -ASFR24=0C00h-0C6Fh \
  -ASFR25=0C80h-0CEFh -ASFR26=0D00h-0D6Fh -ASFR27=0D80h-0DEFh \
  -ASFR28=0E00h-0E6Fh -ASFR29=0E80h-0EEFh -ASFR30=0F00h-0F6Fh \
  -ASFR31=0F80h-0FEFh -preset_vec=00h,intentry,init,end_init -ppowerup=CODE \
  -pcinit=CODE -pfunctab=CODE -ACONFIG=08007h-0800Bh -pconfig=CONFIG \
  -DCONFIG=2 -AIDLOC=08000h-08003h -pidloc=IDLOC -DIDLOC=2 \
  -AEEDATA=00h-0FFh/0F000h -peeprom_data=EEDATA -DEEDATA=2 -DCODE=2 \
  -DSTRCODE=2 -DSTRING=2 -DCONST=2 -DENTRY=2 -k \
  C:\Users\DAVE\AppData\Local\Temp\s23c.obj \
  dist/default/production\CrockPot.X.production.obj 

Object code version is 3.11

Machine type is 16F18855



                Name                               Link     Load   Length Selector   Space Scale
C:\Users\DAVE\AppData\Local\Temp\s23c.obj
                end_init                              2        2        2        0       0
                reset_vec                             0        0        2        0       0
                config                             8007     8007        5    1000E       0
dist/default/production\CrockPot.X.production.obj
                cinit                               7C9      7C9       37      F92       0
                text39                              966      966        E     12CC       0
                text38                              9B7      9B7       16     136E       0
                text37                              9FD      9FD       19     13FA       0
                text36                              9CD      9CD       18     139A       0
                text35                              992      992       12     1324       0
                text34                              AC9      AC9       2A     1592       0
                text33                              AA4      AA4       25     1548       0
                text32                              935      935        8     126A       0
                text31                              D53      D53       7B     1AA6       0
                text30                              93D      93D        8     127A       0
                text29                              AF3      AF3       32     15E6       0
                text28                              959      959        D     12B2       0
                text27                              974      974        F     12E8       0
                text26                              983      983        F     1306       0
                text25                              B5A      B5A       3A     16B4       0
                text24                              E4F      E4F       82     1C9E       0
                text23                              CEF      CEF       64     19DE       0
                text22                              F57      F57       A9     1EAE       0
                text21                              945      945        8     128A       0
                text20                              345      345       F6      68A       0
                text19                              A66      A66       1E     14CC       0
                text18                              ED1      ED1       86     1DA2       0
                text17                              A16      A16       1A     142C       0
                text16                              B25      B25       35     164A       0
                text15                              9A4      9A4       13     1348       0
                text14                              A84      A84       20     1508       0
                text13                              BCF      BCF       3C     179E       0
                text12                              10E      10E       B4      21C       0
                text11                              A4A      A4A       1C     1494       0
                text10                              C8F      C8F       60     191E       0
                text9                               B94      B94       3B     1728       0
                text8                                61       61       AD       C2       0
                text7                               C0B      C0B       3F     1816       0
                text6                                10       10       51       20       0
                text5                               C4A      C4A       45     1894       0
                text4                               27C      27C       C9      4F8       0
                text3                               A30      A30       1A     1460       0
                text2                               DCE      DCE       81     1B9C       0
                text1                               1C2      1C2       BA      384       0
                maintext                            43B      43B      38E      876       0
                cstackBANK0                          20       20       37       20       1
                cstackCOMMON                         70       70        E       70       1
                cstackBANK1                          A0       A0       1E       A0       1
                clrtext                             94D      94D        C     129A       0
                inittext                              4        4        C        0       0
                dataBANK1                            BE       BE       18       A0       1
                bssBANK1                             D6       D6        2       A0       1
                dataBANK0                            63       63        6       20       1
                bssBANK0                             57       57        C       20       1
                stringtext                         1000     1000       25     2000       0
                idataBANK1                          9E5      9E5       18     13CA       0
                idataBANK0                          92F      92F        6     125E       0

TOTAL           Name                               Link     Load   Length     Space
        CLASS   STACK          

        CLASS   CODE           
                end_init                              2        2        2         0
                cinit                               7C9      7C9       37         0
                reset_vec                             0        0        2         0
                text39                              966      966        E         0
                text38                              9B7      9B7       16         0
                text37                              9FD      9FD       19         0
                text36                              9CD      9CD       18         0
                text35                              992      992       12         0
                text34                              AC9      AC9       2A         0
                text33                              AA4      AA4       25         0
                text32                              935      935        8         0
                text31                              D53      D53       7B         0
                text30                              93D      93D        8         0
                text29                              AF3      AF3       32         0
                text28                              959      959        D         0
                text27                              974      974        F         0
                text26                              983      983        F         0
                text25                              B5A      B5A       3A         0
                text24                              E4F      E4F       82         0
                text23                              CEF      CEF       64         0
                text22                              F57      F57       A9         0
                text21                              945      945        8         0
                text20                              345      345       F6         0
                text19                              A66      A66       1E         0
                text18                              ED1      ED1       86         0
                text17                              A16      A16       1A         0
                text16                              B25      B25       35         0
                text15                              9A4      9A4       13         0
                text14                              A84      A84       20         0
                text13                              BCF      BCF       3C         0
                text12                              10E      10E       B4         0
                text11                              A4A      A4A       1C         0
                text10                              C8F      C8F       60         0
                text9                               B94      B94       3B         0
                text8                                61       61       AD         0
                text7                               C0B      C0B       3F         0
                text6                                10       10       51         0
                text5                               C4A      C4A       45         0
                text4                               27C      27C       C9         0
                text3                               A30      A30       1A         0
                text2                               DCE      DCE       81         0
                text1                               1C2      1C2       BA         0
                maintext                            43B      43B      38E         0
                clrtext                             94D      94D        C         0
                inittext                              4        4        C         0
                idataBANK1                          9E5      9E5       18         0
                idataBANK0                          92F      92F        6         0

        CLASS   STRCODE        
                stringtext                         1000     1000       25         0

        CLASS   STRING         

        CLASS   CONST          

        CLASS   ENTRY          

        CLASS   COMMON         
                cstackCOMMON                         70       70        E         1

        CLASS   BANK0          
                cstackBANK0                          20       20       37         1
                dataBANK0                            63       63        6         1
                bssBANK0                             57       57        C         1

        CLASS   BANK1          
                cstackBANK1                          A0       A0       1E         1
                dataBANK1                            BE       BE       18         1
                bssBANK1                             D6       D6        2         1

        CLASS   BANK2          

        CLASS   BANK3          

        CLASS   BANK4          

        CLASS   BANK5          

        CLASS   BANK6          

        CLASS   BANK7          

        CLASS   BANK8          

        CLASS   BANK9          

        CLASS   BANK10         

        CLASS   BANK11         

        CLASS   BANK12         

        CLASS   BIGRAM         

        CLASS   RAM            

        CLASS   ABS1           
                abs_s1                               7E       7E        2         1
                abs_s1                              5BC      5BC       34         1
                abs_s1                              620      620       30         1
                abs_s1                             238C     238C        0         1

        CLASS   SFR0           

        CLASS   SFR1           

        CLASS   SFR2           

        CLASS   SFR3           

        CLASS   SFR4           

        CLASS   SFR5           

        CLASS   SFR6           

        CLASS   SFR7           

        CLASS   SFR8           

        CLASS   SFR9           

        CLASS   SFR10          

        CLASS   SFR11          

        CLASS   SFR12          

        CLASS   SFR13          

        CLASS   SFR14          

        CLASS   SFR15          

        CLASS   SFR16          

        CLASS   SFR17          

        CLASS   SFR18          

        CLASS   SFR19          

        CLASS   SFR20          

        CLASS   SFR21          

        CLASS   SFR22          

        CLASS   SFR23          

        CLASS   SFR24          

        CLASS   SFR25          

        CLASS   SFR26          

        CLASS   SFR27          

        CLASS   SFR28          

        CLASS   SFR29          

        CLASS   SFR30          

        CLASS   SFR31          

        CLASS   CONFIG         
                config                             8007     8007        5         0

        CLASS   IDLOC          

        CLASS   EEDATA         

        CLASS   BANK31         

        CLASS   BANK30         

        CLASS   BANK29         

        CLASS   BANK28         

        CLASS   BANK27         

        CLASS   BANK26         

        CLASS   BANK25         

        CLASS   BANK24         

        CLASS   BANK23         

        CLASS   BANK22         

        CLASS   BANK21         

        CLASS   BANK20         

        CLASS   BANK19         

        CLASS   BANK18         

        CLASS   BANK17         

        CLASS   BANK16         

        CLASS   BANK15         

        CLASS   BANK14         

        CLASS   BANK13         



SEGMENTS        Name                           Load    Length   Top    Selector   Space  Class     Delta

                reset_vec                      000000  000010  000010         0       0  CODE        2
                cstackBANK0                    000020  000049  000069        20       1  BANK0       1
                text6                          000010  000051  000061        20       0  CODE        2
                cstackCOMMON                   000070  00000E  00007E        70       1  COMMON      1
                cstackBANK1                    0000A0  000038  0000D8        A0       1  BANK1       1
                text8                          000061  0000AD  00010E        C2       0  CODE        2
                text12                         00010E  0000B4  0001C2       21C       0  CODE        2
                text1                          0001C2  0000BA  00027C       384       0  CODE        2
                text4                          00027C  0000C9  000345       4F8       0  CODE        2
                text20                         000345  0000F6  00043B       68A       0  CODE        2
                maintext                       00043B  00038E  0007C9       876       0  CODE        2
                cinit                          0007C9  000037  000800       F92       0  CODE        2
                idataBANK0                     00092F  000006  000935      125E       0  CODE        2
                text32                         000935  000008  00093D      126A       0  CODE        2
                text30                         00093D  000008  000945      127A       0  CODE        2
                text21                         000945  000008  00094D      128A       0  CODE        2
                clrtext                        00094D  00000C  000959      129A       0  CODE        2
                text28                         000959  00000D  000966      12B2       0  CODE        2
                text39                         000966  00000E  000974      12CC       0  CODE        2
                text27                         000974  00000F  000983      12E8       0  CODE        2
                text26                         000983  00000F  000992      1306       0  CODE        2
                text35                         000992  000012  0009A4      1324       0  CODE        2
                text15                         0009A4  000013  0009B7      1348       0  CODE        2
                text38                         0009B7  000016  0009CD      136E       0  CODE        2
                text36                         0009CD  000018  0009E5      139A       0  CODE        2
                idataBANK1                     0009E5  000018  0009FD      13CA       0  CODE        2
                text37                         0009FD  000019  000A16      13FA       0  CODE        2
                text17                         000A16  00001A  000A30      142C       0  CODE        2
                text3                          000A30  00001A  000A4A      1460       0  CODE        2
                text11                         000A4A  00001C  000A66      1494       0  CODE        2
                text19                         000A66  00001E  000A84      14CC       0  CODE        2
                text14                         000A84  000020  000AA4      1508       0  CODE        2
                text33                         000AA4  000025  000AC9      1548       0  CODE        2
                text34                         000AC9  00002A  000AF3      1592       0  CODE        2
                text29                         000AF3  000032  000B25      15E6       0  CODE        2
                text16                         000B25  000035  000B5A      164A       0  CODE        2
                text25                         000B5A  00003A  000B94      16B4       0  CODE        2
                text9                          000B94  00003B  000BCF      1728       0  CODE        2
                text13                         000BCF  00003C  000C0B      179E       0  CODE        2
                text7                          000C0B  00003F  000C4A      1816       0  CODE        2
                text5                          000C4A  000045  000C8F      1894       0  CODE        2
                text10                         000C8F  000060  000CEF      191E       0  CODE        2
                text23                         000CEF  000064  000D53      19DE       0  CODE        2
                text31                         000D53  00007B  000DCE      1AA6       0  CODE        2
                text2                          000DCE  000081  000E4F      1B9C       0  CODE        2
                text24                         000E4F  000082  000ED1      1C9E       0  CODE        2
                text18                         000ED1  000086  000F57      1DA2       0  CODE        2
                text22                         000F57  0000A9  001000      1EAE       0  CODE        2
                stringtext                     001000  000025  001025      2000       0  STRCODE     2
                config                         008007  000005  00800C     1000E       0  CONFIG      2


UNUSED ADDRESS RANGES

        Name                Unused          Largest block    Delta
        BANK0            00069-0006F               7           1
        BANK1            000D8-000EF              18           1
        BANK10           00520-0056F              50           1
        BANK11           005A0-005BB              1C           1
        BANK2            00120-0016F              50           1
        BANK3            001A0-001EF              50           1
        BANK4            00220-0026F              50           1
        BANK5            002A0-002EF              50           1
        BANK6            00320-0036F              50           1
        BANK7            003A0-003EF              50           1
        BANK8            00420-0046F              50           1
        BANK9            004A0-004EF              50           1
        BIGRAM           02000-023EF             3F0           1
        CODE             00800-0092E             12F           2
                         01025-01FFF             7DB
        CONST            00800-0092E             100           2
                         01025-01FFF             100
        EEDATA           0F000-0F0FF             100           2
        ENTRY            00800-0092E             100           2
                         01025-01FFF             100
        IDLOC            08000-08003               4           2
        RAM              00069-0006F               7           1
                         000D8-000EF              18
                         00120-0016F              50
                         001A0-001EF              50
                         00220-0026F              50
                         002A0-002EF              50
                         00320-0036F              50
                         003A0-003EF              50
                         00420-0046F              50
                         004A0-004EF              50
                         00520-0056F              50
                         005A0-005BB              1C
        SFR0             00000-0001F              20           1
        SFR1             00080-0009F              20           1
        SFR10            00500-0051F              20           1
        SFR11            00580-0059F              20           1
        SFR12            00600-0061F              20           1
        SFR13            00680-006EF              70           1
        SFR14            00700-0076F              70           1
        SFR15            00780-007EF              70           1
        SFR16            00800-0086F              70           1
        SFR17            00880-008EF              70           1
        SFR18            00900-0096F              70           1
        SFR19            00980-009EF              70           1
        SFR2             00100-0011F              20           1
        SFR20            00A00-00A6F              70           1
        SFR21            00A80-00AEF              70           1
        SFR22            00B00-00B6F              70           1
        SFR23            00B80-00BEF              70           1
        SFR24            00C00-00C6F              70           1
        SFR25            00C80-00CEF              70           1
        SFR26            00D00-00D6F              70           1
        SFR27            00D80-00DEF              70           1
        SFR28            00E00-00E6F              70           1
        SFR29            00E80-00EEF              70           1
        SFR3             00180-0019F              20           1
        SFR30            00F00-00F6F              70           1
        SFR31            00F80-00FEF              70           1
        SFR4             00200-0021F              20           1
        SFR5             00280-0029F              20           1
        SFR6             00300-0031F              20           1
        SFR7             00380-0039F              20           1
        SFR8             00400-0041F              20           1
        SFR9             00480-0049F              20           1
        STACK            02088-0238B             304           1
        STRCODE          00800-0092E             12F           2
                         01025-01FFF             FDB
        STRING           00800-0092E             100           2
                         01025-01FFF             100

                                  Symbol Table

?_ADCC_GetSingleConversion         cstackCOMMON 00070
?___aldiv                          cstackCOMMON 00070
?___awdiv                          cstackCOMMON 00070
?___awmod                          cstackCOMMON 00070
?___awtoft                         cstackCOMMON 00078
?___ftadd                          cstackBANK0  00030
?___ftdiv                          cstackBANK0  00020
?___ftmul                          cstackBANK0  00020
?___ftneg                          cstackCOMMON 00070
?___ftpack                         cstackCOMMON 00070
?___ftsub                          cstackBANK0  0003D
?___fttol                          cstackCOMMON 00070
?___lbtoft                         cstackCOMMON 00078
?___lwdiv                          cstackBANK0  00026
?___lwtoft                         cstackCOMMON 00078
?___wmul                           cstackBANK0  00020
?_eval_poly                        cstackBANK0  0003D
?_frexp                            cstackCOMMON 00070
?_log                              cstackBANK0  00047
ADCC_GetSingleConversion@channel   cstackCOMMON 00073
InitCustomChars@i                  cstackCOMMON 00076
LCD_Cmd@a                          cstackCOMMON 00072
LCD_Init@style                     cstackCOMMON 00075
LCD_Port@a                         cstackCOMMON 00070
LCD_Set_Cursor@temp                cstackCOMMON 00079
LCD_Set_Cursor@w                   cstackCOMMON 00078
LCD_Set_Cursor@x                   cstackCOMMON 00076
LCD_Set_Cursor@y                   cstackCOMMON 00073
LCD_Set_Cursor@z                   cstackCOMMON 00077
LCD_Write_Char@a                   cstackCOMMON 00074
LCD_Write_Char@temp                cstackCOMMON 00072
LCD_Write_Char@y                   cstackCOMMON 00073
LCD_Write_Int@F13686               bssBANK0     00057
LCD_Write_Int@fieldLength          cstackCOMMON 0007B
LCD_Write_Int@i                    cstackBANK0  0002C
LCD_Write_Int@j                    cstackBANK0  0002A
LCD_Write_Int@numPlaces            cstackCOMMON 0007C
LCD_Write_Int@sign                 cstackCOMMON 0007D
LCD_Write_Int@str                  cstackBANK0  00025
LCD_Write_Int@value                cstackCOMMON 00079
LCD_Write_String@a                 cstackCOMMON 00075
LCD_Write_String@i                 cstackCOMMON 00078
PIN_MANAGER_Initialize@state       cstackCOMMON 00070
PWM6_LoadDutyValue@dutyValue       cstackCOMMON 00070
_ADACQ                             (abs)        0009D
_ADACT                             (abs)        00099
_ADCAP                             (abs)        0009B
_ADCC_GetSingleConversion          text39       00966
_ADCC_Initialize                   text37       009FD
_ADCLK                             (abs)        00098
_ADCON0                            (abs)        00093
_ADCON0bits                        (abs)        00093
_ADCON1                            (abs)        00094
_ADCON2                            (abs)        00095
_ADCON3                            (abs)        00096
_ADLTHH                            (abs)        0010F
_ADLTHL                            (abs)        0010E
_ADPCH                             (abs)        0009E
_ADPRE                             (abs)        0009C
_ADREF                             (abs)        0009A
_ADRESH                            (abs)        0008D
_ADRESL                            (abs)        0008C
_ADRPT                             (abs)        0010D
_ADSTAT                            (abs)        00097
_ADSTPTH                           (abs)        00113
_ADSTPTL                           (abs)        00112
_ADUTHH                            (abs)        00111
_ADUTHL                            (abs)        00110
_ANSELA                            (abs)        00F38
_ANSELB                            (abs)        00F43
_ANSELC                            (abs)        00F4E
_CCPTMRS1bits                      (abs)        0021F
_FVRCON                            (abs)        0090C
_GIE                               (abs)        0005F
_InitCustomChars                   text33       00AA4
_LATA                              (abs)        00016
_LATB                              (abs)        00017
_LATC                              (abs)        00018
_LCD_Clear                         text32       00935
_LCD_Cmd                           text35       00992
_LCD_Init                          text31       00D53
_LCD_Port                          text36       009CD
_LCD_Set_Cursor                    text7        00C0B
_LCD_Write_Char                    text34       00AC9
_LCD_Write_Int                     text4        0027C
_LCD_Write_String                  text3        00A30
_OSCCON1                           (abs)        0088D
_OSCCON3                           (abs)        0088F
_OSCEN                             (abs)        00891
_OSCFRQ                            (abs)        00893
_OSCILLATOR_Initialize             text30       0093D
_OSCTUNE                           (abs)        00892
_PIE0bits                          (abs)        00716
_PIN_MANAGER_Initialize            text29       00AF3
_PIR0bits                          (abs)        0070C
_PIR4bits                          (abs)        00710
_PPSLOCK                           (abs)        00E8F
_PPSLOCKbits                       (abs)        00E8F
_PWM6CON                           (abs)        0038E
_PWM6DCH                           (abs)        0038D
_PWM6DCL                           (abs)        0038C
_PWM6_Initialize                   text28       00959
_PWM6_LoadDutyValue                text38       009B7
_RA1PPS                            (abs)        00F11
_RA3                               (abs)        00063
_RA4                               (abs)        00064
_RB0                               (abs)        00068
_RB1                               (abs)        00069
_RB2                               (abs)        0006A
_RB3                               (abs)        0006B
_RB4                               (abs)        0006C
_RB5                               (abs)        0006D
_SYSTEM_Initialize                 text25       00B5A
_T0CON0                            (abs)        0001E
_T0CON0bits                        (abs)        0001E
_T0CON1                            (abs)        0001F
_T2CLKCON                          (abs)        00290
_T2CON                             (abs)        0028E
_T2CONbits                         (abs)        0028E
_T2HLT                             (abs)        0028F
_T2PR                              (abs)        0028D
_T2RST                             (abs)        00291
_T2TMR                             (abs)        0028C
_TMR0H                             (abs)        0001D
_TMR0IF                            (abs)        03865
_TMR0L                             (abs)        0001C
_TMR0_Initialize                   text27       00974
_TMR2_Initialize                   text26       00983
_TRISA                             (abs)        00011
_TRISB                             (abs)        00012
_TRISC                             (abs)        00013
_WPUA                              (abs)        00F39
_WPUB                              (abs)        00F44
_WPUC                              (abs)        00F4F
_WPUE                              (abs)        00F65
__CFG_BOREN$OFF                    (abs)        00000
__CFG_BORV$LO                      (abs)        00000
__CFG_CLKOUTEN$OFF                 (abs)        00000
__CFG_CP$OFF                       (abs)        00000
__CFG_CPD$OFF                      (abs)        00000
__CFG_CSWEN$ON                     (abs)        00000
__CFG_FCMEN$ON                     (abs)        00000
__CFG_FEXTOSC$OFF                  (abs)        00000
__CFG_LPBOREN$OFF                  (abs)        00000
__CFG_LVP$ON                       (abs)        00000
__CFG_MCLRE$ON                     (abs)        00000
__CFG_PPS1WAY$ON                   (abs)        00000
__CFG_PWRTE$OFF                    (abs)        00000
__CFG_RSTOSC$HFINT1                (abs)        00000
__CFG_SCANE$available              (abs)        00000
__CFG_STVREN$ON                    (abs)        00000
__CFG_WDTCCS$SC                    (abs)        00000
__CFG_WDTCPS$WDTCPS_31             (abs)        00000
__CFG_WDTCWS$WDTCWS_7              (abs)        00000
__CFG_WDTE$OFF                     (abs)        00000
__CFG_WRT$OFF                      (abs)        00000
__CFG_ZCD$OFF                      (abs)        00000
__Habs1                            abs1         00000
__Hbank0                           bank0        00000
__Hbank1                           bank1        00000
__Hbank10                          bank10       00000
__Hbank11                          bank11       00000
__Hbank12                          bank12       00000
__Hbank13                          bank13       00000
__Hbank14                          bank14       00000
__Hbank15                          bank15       00000
__Hbank16                          bank16       00000
__Hbank17                          bank17       00000
__Hbank18                          bank18       00000
__Hbank19                          bank19       00000
__Hbank2                           bank2        00000
__Hbank20                          bank20       00000
__Hbank21                          bank21       00000
__Hbank22                          bank22       00000
__Hbank23                          bank23       00000
__Hbank24                          bank24       00000
__Hbank25                          bank25       00000
__Hbank26                          bank26       00000
__Hbank27                          bank27       00000
__Hbank28                          bank28       00000
__Hbank29                          bank29       00000
__Hbank3                           bank3        00000
__Hbank30                          bank30       00000
__Hbank31                          bank31       00000
__Hbank4                           bank4        00000
__Hbank5                           bank5        00000
__Hbank6                           bank6        00000
__Hbank7                           bank7        00000
__Hbank8                           bank8        00000
__Hbank9                           bank9        00000
__Hbigram                          bigram       00000
__HbssBANK0                        bssBANK0     00000
__HbssBANK1                        bssBANK1     00000
__Hcinit                           cinit        00800
__Hclrtext                         clrtext      00000
__Hcode                            code         00000
__Hcommon                          common       00000
__Hconfig                          config       0800C
__HcstackBANK0                     cstackBANK0  00000
__HcstackBANK1                     cstackBANK1  00000
__HcstackCOMMON                    cstackCOMMON 00000
__HdataBANK0                       dataBANK0    00000
__HdataBANK1                       dataBANK1    00000
__Heeprom_data                     eeprom_data  00000
__Hend_init                        end_init     00004
__Hfunctab                         functab      00000
__HidataBANK0                      idataBANK0   00000
__HidataBANK1                      idataBANK1   00000
__Hidloc                           idloc        00000
__Hinit                            init         00002
__Hinittext                        inittext     00000
__Hintentry                        intentry     00002
__Hmaintext                        maintext     00000
__Hpowerup                         powerup      00000
__Hram                             ram          00000
__Hreset_vec                       reset_vec    00002
__Hsfr0                            sfr0         00000
__Hsfr1                            sfr1         00000
__Hsfr10                           sfr10        00000
__Hsfr11                           sfr11        00000
__Hsfr12                           sfr12        00000
__Hsfr13                           sfr13        00000
__Hsfr14                           sfr14        00000
__Hsfr15                           sfr15        00000
__Hsfr16                           sfr16        00000
__Hsfr17                           sfr17        00000
__Hsfr18                           sfr18        00000
__Hsfr19                           sfr19        00000
__Hsfr2                            sfr2         00000
__Hsfr20                           sfr20        00000
__Hsfr21                           sfr21        00000
__Hsfr22                           sfr22        00000
__Hsfr23                           sfr23        00000
__Hsfr24                           sfr24        00000
__Hsfr25                           sfr25        00000
__Hsfr26                           sfr26        00000
__Hsfr27                           sfr27        00000
__Hsfr28                           sfr28        00000
__Hsfr29                           sfr29        00000
__Hsfr3                            sfr3         00000
__Hsfr30                           sfr30        00000
__Hsfr31                           sfr31        00000
__Hsfr4                            sfr4         00000
__Hsfr5                            sfr5         00000
__Hsfr6                            sfr6         00000
__Hsfr7                            sfr7         00000
__Hsfr8                            sfr8         00000
__Hsfr9                            sfr9         00000
__Hspace_0                         (abs)        0800C
__Hspace_1                         (abs)        000D8
__Hspace_2                         (abs)        00000
__Hspace_3                         (abs)        00000
__Hstack                           stack        00000
__Hstrings                         strings      00000
__Hstringtext                      stringtext   00000
__Htext                            text         00000
__Labs1                            abs1         00000
__Lbank0                           bank0        00000
__Lbank1                           bank1        00000
__Lbank10                          bank10       00000
__Lbank11                          bank11       00000
__Lbank12                          bank12       00000
__Lbank13                          bank13       00000
__Lbank14                          bank14       00000
__Lbank15                          bank15       00000
__Lbank16                          bank16       00000
__Lbank17                          bank17       00000
__Lbank18                          bank18       00000
__Lbank19                          bank19       00000
__Lbank2                           bank2        00000
__Lbank20                          bank20       00000
__Lbank21                          bank21       00000
__Lbank22                          bank22       00000
__Lbank23                          bank23       00000
__Lbank24                          bank24       00000
__Lbank25                          bank25       00000
__Lbank26                          bank26       00000
__Lbank27                          bank27       00000
__Lbank28                          bank28       00000
__Lbank29                          bank29       00000
__Lbank3                           bank3        00000
__Lbank30                          bank30       00000
__Lbank31                          bank31       00000
__Lbank4                           bank4        00000
__Lbank5                           bank5        00000
__Lbank6                           bank6        00000
__Lbank7                           bank7        00000
__Lbank8                           bank8        00000
__Lbank9                           bank9        00000
__Lbigram                          bigram       00000
__LbssBANK0                        bssBANK0     00000
__LbssBANK1                        bssBANK1     00000
__Lcinit                           cinit        007C9
__Lclrtext                         clrtext      00000
__Lcode                            code         00000
__Lcommon                          common       00000
__Lconfig                          config       08007
__LcstackBANK0                     cstackBANK0  00000
__LcstackBANK1                     cstackBANK1  00000
__LcstackCOMMON                    cstackCOMMON 00000
__LdataBANK0                       dataBANK0    00000
__LdataBANK1                       dataBANK1    00000
__Leeprom_data                     eeprom_data  00000
__Lend_init                        end_init     00002
__Lfunctab                         functab      00000
__LidataBANK0                      idataBANK0   00000
__LidataBANK1                      idataBANK1   00000
__Lidloc                           idloc        00000
__Linit                            init         00002
__Linittext                        inittext     00000
__Lintentry                        intentry     00002
__Lmaintext                        maintext     00000
__Lpowerup                         powerup      00000
__Lram                             ram          00000
__Lreset_vec                       reset_vec    00000
__Lsfr0                            sfr0         00000
__Lsfr1                            sfr1         00000
__Lsfr10                           sfr10        00000
__Lsfr11                           sfr11        00000
__Lsfr12                           sfr12        00000
__Lsfr13                           sfr13        00000
__Lsfr14                           sfr14        00000
__Lsfr15                           sfr15        00000
__Lsfr16                           sfr16        00000
__Lsfr17                           sfr17        00000
__Lsfr18                           sfr18        00000
__Lsfr19                           sfr19        00000
__Lsfr2                            sfr2         00000
__Lsfr20                           sfr20        00000
__Lsfr21                           sfr21        00000
__Lsfr22                           sfr22        00000
__Lsfr23                           sfr23        00000
__Lsfr24                           sfr24        00000
__Lsfr25                           sfr25        00000
__Lsfr26                           sfr26        00000
__Lsfr27                           sfr27        00000
__Lsfr28                           sfr28        00000
__Lsfr29                           sfr29        00000
__Lsfr3                            sfr3         00000
__Lsfr30                           sfr30        00000
__Lsfr31                           sfr31        00000
__Lsfr4                            sfr4         00000
__Lsfr5                            sfr5         00000
__Lsfr6                            sfr6         00000
__Lsfr7                            sfr7         00000
__Lsfr8                            sfr8         00000
__Lsfr9                            sfr9         00000
__Lspace_0                         (abs)        00000
__Lspace_1                         (abs)        00000
__Lspace_2                         (abs)        00000
__Lspace_3                         (abs)        00000
__Lstack                           stack        00000
__Lstrings                         strings      00000
__Lstringtext                      stringtext   00000
__Ltext                            text         00000
__S0                               (abs)        0800C
__S1                               (abs)        000D8
__S2                               (abs)        00000
__S3                               (abs)        00000
___aldiv                           text24       00E4F
___aldiv@counter                   cstackBANK0  00020
___aldiv@dividend                  cstackCOMMON 00074
___aldiv@divisor                   cstackCOMMON 00070
___aldiv@quotient                  cstackBANK0  00022
___aldiv@sign                      cstackBANK0  00021
___awdiv                           text6        00010
___awdiv@counter                   cstackCOMMON 00075
___awdiv@dividend                  cstackCOMMON 00072
___awdiv@divisor                   cstackCOMMON 00070
___awdiv@quotient                  cstackCOMMON 00077
___awdiv@sign                      cstackCOMMON 00076
___awmod                           text5        00C4A
___awmod@counter                   cstackCOMMON 00075
___awmod@dividend                  cstackCOMMON 00072
___awmod@divisor                   cstackCOMMON 00070
___awmod@sign                      cstackCOMMON 00076
___awtoft                          text14       00A84
___awtoft@c                        cstackCOMMON 00078
___awtoft@sign                     cstackCOMMON 0007D
___cgram                           dataBANK1    000BE
___ftadd                           text20       00345
___ftadd@exp1                      cstackBANK0  0003C
___ftadd@exp2                      cstackBANK0  0003B
___ftadd@f1                        cstackBANK0  00030
___ftadd@f2                        cstackBANK0  00033
___ftadd@sign                      cstackBANK0  0003A
___ftdiv                           text22       00F57
___ftdiv@cntr                      cstackBANK0  0002A
___ftdiv@exp                       cstackBANK0  0002E
___ftdiv@f1                        cstackBANK0  00023
___ftdiv@f2                        cstackBANK0  00020
___ftdiv@f3                        cstackBANK0  0002B
___ftdiv@sign                      cstackBANK0  0002F
___ftge                            text13       00BCF
___ftge@ff1                        cstackBANK0  0003D
___ftge@ff2                        cstackBANK0  00040
___ftmul                           text12       0010E
___ftmul@cntr                      cstackBANK0  0002E
___ftmul@exp                       cstackBANK0  0002A
___ftmul@f1                        cstackBANK0  00020
___ftmul@f2                        cstackBANK0  00023
___ftmul@f3_as_product             cstackBANK0  0002B
___ftmul@sign                      cstackBANK0  0002F
___ftneg                           text21       00945
___ftneg@f1                        cstackCOMMON 00070
___ftpack                          text23       00CEF
___ftpack@arg                      cstackCOMMON 00070
___ftpack@exp                      cstackCOMMON 00073
___ftpack@sign                     cstackCOMMON 00074
___ftsub                           text19       00A66
___ftsub@f1                        cstackBANK0  00040
___ftsub@f2                        cstackBANK0  0003D
___fttol                           text18       00ED1
___fttol@exp1                      cstackCOMMON 0007D
___fttol@f1                        cstackCOMMON 00070
___fttol@lval                      cstackCOMMON 00079
___fttol@sign1                     cstackCOMMON 00078
___int_sp                          stack        00000
___latbits                         (abs)        00002
___lbtoft                          text17       00A16
___lbtoft@c                        cstackCOMMON 0007B
___lwdiv                           text16       00B25
___lwdiv@counter                   cstackBANK0  0002D
___lwdiv@dividend                  cstackBANK0  00028
___lwdiv@divisor                   cstackBANK0  00026
___lwdiv@quotient                  cstackBANK0  0002B
___lwtoft                          text15       009A4
___lwtoft@c                        cstackCOMMON 00078
___sp                              stack        00000
___wmul                            text11       00A4A
___wmul@multiplicand               cstackBANK0  00022
___wmul@multiplier                 cstackBANK0  00020
___wmul@product                    cstackBANK0  00024
__end_of_ADCC_GetSingleConversion  text39       00974
__end_of_ADCC_Initialize           text37       00A16
__end_of_InitCustomChars           text33       00AC9
__end_of_LCD_Clear                 text32       0093D
__end_of_LCD_Cmd                   text35       009A4
__end_of_LCD_Init                  text31       00DCE
__end_of_LCD_Port                  text36       009E5
__end_of_LCD_Set_Cursor            text7        00C4A
__end_of_LCD_Write_Char            text34       00AF3
__end_of_LCD_Write_Int             text4        00345
__end_of_LCD_Write_String          text3        00A4A
__end_of_OSCILLATOR_Initialize     text30       00945
__end_of_PIN_MANAGER_Initialize    text29       00B25
__end_of_PWM6_Initialize           text28       00966
__end_of_PWM6_LoadDutyValue        text38       009CD
__end_of_SYSTEM_Initialize         text25       00B94
__end_of_TMR0_Initialize           text27       00983
__end_of_TMR2_Initialize           text26       00992
__end_of___aldiv                   text24       00ED1
__end_of___awdiv                   text6        00061
__end_of___awmod                   text5        00C8F
__end_of___awtoft                  text14       00AA4
__end_of___ftadd                   text20       0043B
__end_of___ftdiv                   text22       01000
__end_of___ftge                    text13       00C0B
__end_of___ftmul                   text12       001C2
__end_of___ftneg                   text21       0094D
__end_of___ftpack                  text23       00D53
__end_of___ftsub                   text19       00A84
__end_of___fttol                   text18       00F57
__end_of___lbtoft                  text17       00A30
__end_of___lwdiv                   text16       00B5A
__end_of___lwtoft                  text15       009B7
__end_of___wmul                    text11       00A66
__end_of__initialization           cinit        007FD
__end_of_eval_poly                 text10       00CEF
__end_of_frexp                     text9        00BCF
__end_of_log                       text8        0010E
__end_of_main                      maintext     007C9
__end_of_readButtons               text2        00E4F
__end_of_tempSetpoint              text1        0027C
__end_oflog@coeff                  stringtext   0101B
__initialization                   cinit        007C9
__pbssBANK0                        bssBANK0     00057
__pbssBANK1                        bssBANK1     000D6
__pbssBIGRAM                       (abs)        0238C
__pcstackBANK0                     cstackBANK0  00020
__pcstackBANK1                     cstackBANK1  000A0
__pcstackCOMMON                    cstackCOMMON 00070
__pdataBANK0                       dataBANK0    00063
__pdataBANK1                       dataBANK1    000BE
__pidataBANK0                      idataBANK0   0092F
__pidataBANK1                      idataBANK1   009E5
__pmaintext                        maintext     0043B
__pstringtext                      stringtext   01000
__ptext1                           text1        001C2
__ptext10                          text10       00C8F
__ptext11                          text11       00A4A
__ptext12                          text12       0010E
__ptext13                          text13       00BCF
__ptext14                          text14       00A84
__ptext15                          text15       009A4
__ptext16                          text16       00B25
__ptext17                          text17       00A16
__ptext18                          text18       00ED1
__ptext19                          text19       00A66
__ptext2                           text2        00DCE
__ptext20                          text20       00345
__ptext21                          text21       00945
__ptext22                          text22       00F57
__ptext23                          text23       00CEF
__ptext24                          text24       00E4F
__ptext25                          text25       00B5A
__ptext26                          text26       00983
__ptext27                          text27       00974
__ptext28                          text28       00959
__ptext29                          text29       00AF3
__ptext3                           text3        00A30
__ptext30                          text30       0093D
__ptext31                          text31       00D53
__ptext32                          text32       00935
__ptext33                          text33       00AA4
__ptext34                          text34       00AC9
__ptext35                          text35       00992
__ptext36                          text36       009CD
__ptext37                          text37       009FD
__ptext38                          text38       009B7
__ptext39                          text39       00966
__ptext4                           text4        0027C
__ptext5                           text5        00C4A
__ptext6                           text6        00010
__ptext7                           text7        00C0B
__ptext8                           text8        00061
__ptext9                           text9        00B94
__size_of_ADCC_GetSingleConversion (abs)        00000
__size_of_ADCC_Initialize          (abs)        00000
__size_of_InitCustomChars          (abs)        00000
__size_of_LCD_Clear                (abs)        00000
__size_of_LCD_Cmd                  (abs)        00000
__size_of_LCD_Init                 (abs)        00000
__size_of_LCD_Port                 (abs)        00000
__size_of_LCD_Set_Cursor           (abs)        00000
__size_of_LCD_Write_Char           (abs)        00000
__size_of_LCD_Write_Int            (abs)        00000
__size_of_LCD_Write_String         (abs)        00000
__size_of_OSCILLATOR_Initialize    (abs)        00000
__size_of_PIN_MANAGER_Initialize   (abs)        00000
__size_of_PWM6_Initialize          (abs)        00000
__size_of_PWM6_LoadDutyValue       (abs)        00000
__size_of_SYSTEM_Initialize        (abs)        00000
__size_of_TMR0_Initialize          (abs)        00000
__size_of_TMR2_Initialize          (abs)        00000
__size_of___aldiv                  (abs)        00000
__size_of___awdiv                  (abs)        00000
__size_of___awmod                  (abs)        00000
__size_of___awtoft                 (abs)        00000
__size_of___ftadd                  (abs)        00000
__size_of___ftdiv                  (abs)        00000
__size_of___ftge                   (abs)        00000
__size_of___ftmul                  (abs)        00000
__size_of___ftneg                  (abs)        00000
__size_of___ftpack                 (abs)        00000
__size_of___ftsub                  (abs)        00000
__size_of___fttol                  (abs)        00000
__size_of___lbtoft                 (abs)        00000
__size_of___lwdiv                  (abs)        00000
__size_of___lwtoft                 (abs)        00000
__size_of___wmul                   (abs)        00000
__size_of_eval_poly                (abs)        00000
__size_of_frexp                    (abs)        00000
__size_of_log                      (abs)        00000
__size_of_main                     (abs)        00000
__size_of_readButtons              (abs)        00000
__size_of_tempSetpoint             (abs)        00000
_downCount                         bssBANK0     0005E
_errno                             bssBANK0     0005C
_eval_poly                         text10       00C8F
_frexp                             text9        00B94
_log                               text8        00061
_main                              maintext     0043B
_main$1030                         cstackBANK1  000A5
_oldSetpoint                       bssBANK0     0005F
_presets                           dataBANK0    00063
_readButtons                       text2        00DCE
_samples                           (abs)        0238C
_setpoint                          dataBANK0    00068
_tempSetpoint                      text1        001C2
_toggleCount                       bssBANK0     00060
_upCount                           bssBANK0     00061
_x                                 bssBANK0     00062
btemp                              (abs)        0007E
clear_ram0                         clrtext      0094D
end_of_initialization              cinit        007FD
eval_poly@d                        cstackBANK0  00040
eval_poly@n                        cstackBANK0  00042
eval_poly@res                      cstackBANK0  00044
eval_poly@x                        cstackBANK0  0003D
frexp@eptr                         cstackCOMMON 00073
frexp@value                        cstackCOMMON 00070
init_ram                           inittext     00004
intlevel0                          functab      00000
intlevel1                          functab      00000
intlevel2                          functab      00000
intlevel3                          functab      00000
intlevel4                          functab      00000
intlevel5                          functab      00000
log@coeff                          stringtext   01000
log@exponent                       cstackBANK0  0004B
log@x                              cstackBANK0  00047
ltemp                              (abs)        0007E
ltemp0                             (abs)        0007E
ltemp1                             (abs)        00082
ltemp2                             (abs)        00086
ltemp3                             (abs)        00080
main@R                             cstackBANK1  000A2
main@counter                       cstackBANK1  000AC
main@counter2                      cstackBANK1  000A8
main@displayTemp                   cstackBANK1  000B5
main@firstTimeThrough              cstackBANK1  000AA
main@minute                        cstackBANK1  000A0
main@outCurrent                    cstackBANK1  000B7
main@readTemperature               cstackBANK1  000B9
main@readTemperatureOld            cstackBANK1  000B3
main@sampleIndex                   bssBANK1     000D6
main@startupTimer                  cstackBANK1  000AB
main@steinhart                     cstackBANK1  000BB
main@toggle                        cstackBANK1  000AE
main@totals                        cstackBANK1  000AF
reset_vec                          reset_vec    00000
stackhi                            (abs)        0238B
stacklo                            (abs)        02088
start                              init         00002
start_initialization               cinit        007C9
tempSetpoint@counter               cstackBANK0  00034
ttemp                              (abs)        0007E
ttemp0                             (abs)        0007E
ttemp1                             (abs)        00081
ttemp2                             (abs)        00084
ttemp3                             (abs)        00087
ttemp4                             (abs)        0007F
wtemp                              (abs)        0007E
wtemp0                             (abs)        0007E
wtemp1                             (abs)        00080
wtemp2                             (abs)        00082
wtemp3                             (abs)        00084
wtemp4                             (abs)        00086
wtemp5                             (abs)        00088
wtemp6                             (abs)        0007F


FUNCTION INFORMATION:

 *************** function _main *****************
 Defined at:
		line 14 in file "main.c"
 Parameters:    Size  Location     Type
		None
 Auto vars:     Size  Location     Type
  totals          4   15[BANK1 ] long 
  steinhart       3   27[BANK1 ] float 
  R               3    2[BANK1 ] float 
  readTemperat    2   25[BANK1 ] unsigned int 
  outCurrent      2   23[BANK1 ] unsigned int 
  displayTemp     2   21[BANK1 ] unsigned int 
  readTemperat    2   19[BANK1 ] unsigned int 
  counter         2   12[BANK1 ] unsigned int 
  counter2        2    8[BANK1 ] unsigned int 
  minute          2    0[BANK1 ] unsigned int 
  toggle          1   14[BANK1 ] unsigned char 
  startupTimer    1   11[BANK1 ] unsigned char 
  firstTimeThr    1   10[BANK1 ] unsigned char 
 Return value:  Size  Location     Type
                  1    wreg      void 
 Registers used:
		wreg, fsr0l, fsr0h, fsr1l, fsr1h, status,2, status,0, pclath, cstack
 Tracked objects:
		On entry : 
		On exit  : 
		Unchanged: 
 Data sizes:     COMMON   BANK0   BANK1   BANK2   BANK3   BANK4   BANK5   BANK6   BANK7   BANK8   BANK9  BANK10  BANK11  BANK12
      Params:         0       0       0       0       0       0       0       0       0       0       0       0       0       0
      Locals:         0       0      30       0       0       0       0       0       0       0       0       0       0       0
      Temps:          0      10       0       0       0       0       0       0       0       0       0       0       0       0
      Totals:         0      10      30       0       0       0       0       0       0       0       0       0       0       0
Total ram usage:       40 bytes
 Hardware stack levels required when called:    5
 This function calls:
		_ADCC_GetSingleConversion
		_LCD_Set_Cursor
		_LCD_Write_Char
		_LCD_Write_Int
		_PWM6_LoadDutyValue
		_SYSTEM_Initialize
		___aldiv
		___ftadd
		___ftdiv
		___ftge
		___ftneg
		___ftsub
		___fttol
		___lbtoft
		___lwdiv
		___lwtoft
		___wmul
		_log
		_readButtons
		_tempSetpoint
 This function is called by:
		Startup code after reset
 This function uses a non-reentrant model


 *************** function _tempSetpoint *****************
 Defined at:
		line 12 in file "user.c"
 Parameters:    Size  Location     Type
		None
 Auto vars:     Size  Location     Type
  counter         1   20[BANK0 ] unsigned char 
 Return value:  Size  Location     Type
                  1    wreg      void 
 Registers used:
		wreg, fsr0l, fsr0h, fsr1l, fsr1h, status,2, status,0, pclath, cstack
 Tracked objects:
		On entry : 
		On exit  : 
		Unchanged: 
 Data sizes:     COMMON   BANK0   BANK1   BANK2   BANK3   BANK4   BANK5   BANK6   BANK7   BANK8   BANK9  BANK10  BANK11  BANK12
      Params:         0       0       0       0       0       0       0       0       0       0       0       0       0       0
      Locals:         0       1       0       0       0       0       0       0       0       0       0       0       0       0
      Temps:          0       3       0       0       0       0       0       0       0       0       0       0       0       0
      Totals:         0       4       0       0       0       0       0       0       0       0       0       0       0       0
Total ram usage:        4 bytes
 Hardware stack levels used:    1
 Hardware stack levels required when called:    4
 This function calls:
		_LCD_Clear
		_LCD_Set_Cursor
		_LCD_Write_Char
		_LCD_Write_Int
		_LCD_Write_String
		_readButtons
 This function is called by:
		_main
 This function uses a non-reentrant model


 *************** function _readButtons *****************
 Defined at:
		line 62 in file "user.c"
 Parameters:    Size  Location     Type
		None
 Auto vars:     Size  Location     Type
		None
 Return value:  Size  Location     Type
                  1    wreg      void 
 Registers used:
		wreg, fsr0l, fsr0h, fsr1l, fsr1h, status,2, status,0, pclath, cstack
 Tracked objects:
		On entry : 
		On exit  : 
		Unchanged: 
 Data sizes:     COMMON   BANK0   BANK1   BANK2   BANK3   BANK4   BANK5   BANK6   BANK7   BANK8   BANK9  BANK10  BANK11  BANK12
      Params:         0       0       0       0       0       0       0       0       0       0       0       0       0       0
      Locals:         0       0       0       0       0       0       0       0       0       0       0       0       0       0
      Temps:          0       3       0       0       0       0       0       0       0       0       0       0       0       0
      Totals:         0       3       0       0       0       0       0       0       0       0       0       0       0       0
Total ram usage:        3 bytes
 Hardware stack levels used:    1
 Hardware stack levels required when called:    3
 This function calls:
		_LCD_Clear
		_LCD_Set_Cursor
		_LCD_Write_Char
		_LCD_Write_Int
		_LCD_Write_String
 This function is called by:
		_tempSetpoint
		_main
 This function uses a non-reentrant model


 *************** function _LCD_Write_String *****************
 Defined at:
		line 239 in file "lcd.c"
 Parameters:    Size  Location     Type
  a               2    5[COMMON] PTR const unsigned char 
		 -> STR_3(10), STR_2(10), STR_1(10), 
 Auto vars:     Size  Location     Type
  i               2    8[COMMON] int 
 Return value:  Size  Location     Type
                  1    wreg      void 
 Registers used:
		wreg, fsr0l, fsr0h, status,2, status,0, pclath, cstack
 Tracked objects:
		On entry : 
		On exit  : 
		Unchanged: 
 Data sizes:     COMMON   BANK0   BANK1   BANK2   BANK3   BANK4   BANK5   BANK6   BANK7   BANK8   BANK9  BANK10  BANK11  BANK12
      Params:         2       0       0       0       0       0       0       0       0       0       0       0       0       0
      Locals:         2       0       0       0       0       0       0       0       0       0       0       0       0       0
      Temps:          1       0       0       0       0       0       0       0       0       0       0       0       0       0
      Totals:         5       0       0       0       0       0       0       0       0       0       0       0       0       0
Total ram usage:        5 bytes
 Hardware stack levels used:    1
 Hardware stack levels required when called:    2
 This function calls:
		_LCD_Write_Char
 This function is called by:
		_tempSetpoint
		_readButtons
 This function uses a non-reentrant model


 *************** function _LCD_Write_Int *****************
 Defined at:
		line 246 in file "lcd.c"
 Parameters:    Size  Location     Type
  value           2    9[COMMON] int 
  fieldLength     1   11[COMMON] char 
  numPlaces       1   12[COMMON] char 
  sign            1   13[COMMON] char 
 Auto vars:     Size  Location     Type
  str             5    5[BANK0 ] unsigned char [5]
  i               2   12[BANK0 ] int 
  j               2   10[BANK0 ] int 
 Return value:  Size  Location     Type
                  1    wreg      void 
 Registers used:
		wreg, fsr0l, fsr0h, fsr1l, fsr1h, status,2, status,0, pclath, cstack
 Tracked objects:
		On entry : 
		On exit  : 
		Unchanged: 
 Data sizes:     COMMON   BANK0   BANK1   BANK2   BANK3   BANK4   BANK5   BANK6   BANK7   BANK8   BANK9  BANK10  BANK11  BANK12
      Params:         5       0       0       0       0       0       0       0       0       0       0       0       0       0
      Locals:         0       9       0       0       0       0       0       0       0       0       0       0       0       0
      Temps:          0       5       0       0       0       0       0       0       0       0       0       0       0       0
      Totals:         5      14       0       0       0       0       0       0       0       0       0       0       0       0
Total ram usage:       19 bytes
 Hardware stack levels used:    1
 Hardware stack levels required when called:    2
 This function calls:
		_LCD_Write_Char
		___awdiv
		___awmod
 This function is called by:
		_tempSetpoint
		_readButtons
		_main
 This function uses a non-reentrant model


 *************** function ___awmod *****************
 Defined at:
		line 6 in file "C:\Program Files (x86)\Microchip\xc8\v1.38\sources\common\awmod.c"
 Parameters:    Size  Location     Type
  divisor         2    0[COMMON] int 
  dividend        2    2[COMMON] int 
 Auto vars:     Size  Location     Type
  sign            1    6[COMMON] unsigned char 
  counter         1    5[COMMON] unsigned char 
 Return value:  Size  Location     Type
                  2    0[COMMON] int 
 Registers used:
		wreg, status,2, status,0
 Tracked objects:
		On entry : 
		On exit  : 
		Unchanged: 
 Data sizes:     COMMON   BANK0   BANK1   BANK2   BANK3   BANK4   BANK5   BANK6   BANK7   BANK8   BANK9  BANK10  BANK11  BANK12
      Params:         4       0       0       0       0       0       0       0       0       0       0       0       0       0
      Locals:         2       0       0       0       0       0       0       0       0       0       0       0       0       0
      Temps:          1       0       0       0       0       0       0       0       0       0       0       0       0       0
      Totals:         7       0       0       0       0       0       0       0       0       0       0       0       0       0
Total ram usage:        7 bytes
 Hardware stack levels used:    1
 This function calls:
		Nothing
 This function is called by:
		_LCD_Write_Int
 This function uses a non-reentrant model


 *************** function ___awdiv *****************
 Defined at:
		line 6 in file "C:\Program Files (x86)\Microchip\xc8\v1.38\sources\common\awdiv.c"
 Parameters:    Size  Location     Type
  divisor         2    0[COMMON] int 
  dividend        2    2[COMMON] int 
 Auto vars:     Size  Location     Type
  quotient        2    7[COMMON] int 
  sign            1    6[COMMON] unsigned char 
  counter         1    5[COMMON] unsigned char 
 Return value:  Size  Location     Type
                  2    0[COMMON] int 
 Registers used:
		wreg, status,2, status,0
 Tracked objects:
		On entry : 
		On exit  : 
		Unchanged: 
 Data sizes:     COMMON   BANK0   BANK1   BANK2   BANK3   BANK4   BANK5   BANK6   BANK7   BANK8   BANK9  BANK10  BANK11  BANK12
      Params:         4       0       0       0       0       0       0       0       0       0       0       0       0       0
      Locals:         4       0       0       0       0       0       0       0       0       0       0       0       0       0
      Temps:          1       0       0       0       0       0       0       0       0       0       0       0       0       0
      Totals:         9       0       0       0       0       0       0       0       0       0       0       0       0       0
Total ram usage:        9 bytes
 Hardware stack levels used:    1
 This function calls:
		Nothing
 This function is called by:
		_LCD_Write_Int
 This function uses a non-reentrant model


 *************** function _LCD_Set_Cursor *****************
 Defined at:
		line 82 in file "lcd.c"
 Parameters:    Size  Location     Type
  x               1    wreg     unsigned char 
  y               1    3[COMMON] unsigned char 
 Auto vars:     Size  Location     Type
  x               1    6[COMMON] unsigned char 
  temp            1    9[COMMON] unsigned char 
  w               1    8[COMMON] unsigned char 
  z               1    7[COMMON] unsigned char 
 Return value:  Size  Location     Type
                  1    wreg      void 
 Registers used:
		wreg, status,2, status,0, pclath, cstack
 Tracked objects:
		On entry : 
		On exit  : 
		Unchanged: 
 Data sizes:     COMMON   BANK0   BANK1   BANK2   BANK3   BANK4   BANK5   BANK6   BANK7   BANK8   BANK9  BANK10  BANK11  BANK12
      Params:         1       0       0       0       0       0       0       0       0       0       0       0       0       0
      Locals:         4       0       0       0       0       0       0       0       0       0       0       0       0       0
      Temps:          2       0       0       0       0       0       0       0       0       0       0       0       0       0
      Totals:         7       0       0       0       0       0       0       0       0       0       0       0       0       0
Total ram usage:        7 bytes
 Hardware stack levels used:    1
 Hardware stack levels required when called:    2
 This function calls:
		_LCD_Cmd
 This function is called by:
		_tempSetpoint
		_readButtons
		_main
 This function uses a non-reentrant model


 *************** function _log *****************
 Defined at:
		line 5 in file "C:\Program Files (x86)\Microchip\xc8\v1.38\sources\common\log.c"
 Parameters:    Size  Location     Type
  x               3   39[BANK0 ] void 
 Auto vars:     Size  Location     Type
  exponent        2   43[BANK0 ] int 
 Return value:  Size  Location     Type
                  3   39[BANK0 ] int 
 Registers used:
		wreg, fsr0l, fsr0h, fsr1l, fsr1h, status,2, status,0, pclath, cstack
 Tracked objects:
		On entry : 
		On exit  : 
		Unchanged: 
 Data sizes:     COMMON   BANK0   BANK1   BANK2   BANK3   BANK4   BANK5   BANK6   BANK7   BANK8   BANK9  BANK10  BANK11  BANK12
      Params:         0       3       0       0       0       0       0       0       0       0       0       0       0       0
      Locals:         0       2       0       0       0       0       0       0       0       0       0       0       0       0
      Temps:          0       1       0       0       0       0       0       0       0       0       0       0       0       0
      Totals:         0       6       0       0       0       0       0       0       0       0       0       0       0       0
Total ram usage:        6 bytes
 Hardware stack levels used:    1
 Hardware stack levels required when called:    3
 This function calls:
		___awtoft
		___ftadd
		___ftge
		___ftmul
		_eval_poly
		_frexp
 This function is called by:
		_main
 This function uses a non-reentrant model


 *************** function _frexp *****************
 Defined at:
		line 254 in file "C:\Program Files (x86)\Microchip\xc8\v1.38\sources\common\frexp.c"
 Parameters:    Size  Location     Type
  value           3    0[COMMON] int 
  eptr            1    3[COMMON] PTR int 
		 -> log@exponent(2), 
 Auto vars:     Size  Location     Type
		None
 Return value:  Size  Location     Type
                  3    0[COMMON] PTR int 
 Registers used:
		wreg, fsr1l, fsr1h, status,2, status,0
 Tracked objects:
		On entry : 
		On exit  : 
		Unchanged: 
 Data sizes:     COMMON   BANK0   BANK1   BANK2   BANK3   BANK4   BANK5   BANK6   BANK7   BANK8   BANK9  BANK10  BANK11  BANK12
      Params:         4       0       0       0       0       0       0       0       0       0       0       0       0       0
      Locals:         0       0       0       0       0       0       0       0       0       0       0       0       0       0
      Temps:          2       0       0       0       0       0       0       0       0       0       0       0       0       0
      Totals:         6       0       0       0       0       0       0       0       0       0       0       0       0       0
Total ram usage:        6 bytes
 Hardware stack levels used:    1
 This function calls:
		Nothing
 This function is called by:
		_log
 This function uses a non-reentrant model


 *************** function _eval_poly *****************
 Defined at:
		line 4 in file "C:\Program Files (x86)\Microchip\xc8\v1.38\sources\common\evalpoly.c"
 Parameters:    Size  Location     Type
  x               3   29[BANK0 ] PTR int 
  d               2   32[BANK0 ] PTR const 
		 -> log@coeff(27), 
  n               2   34[BANK0 ] int 
 Auto vars:     Size  Location     Type
  res             3   36[BANK0 ] int 
 Return value:  Size  Location     Type
                  3   29[BANK0 ] int 
 Registers used:
		wreg, fsr0l, fsr0h, status,2, status,0, pclath, cstack
 Tracked objects:
		On entry : 
		On exit  : 
		Unchanged: 
 Data sizes:     COMMON   BANK0   BANK1   BANK2   BANK3   BANK4   BANK5   BANK6   BANK7   BANK8   BANK9  BANK10  BANK11  BANK12
      Params:         0       7       0       0       0       0       0       0       0       0       0       0       0       0
      Locals:         0       3       0       0       0       0       0       0       0       0       0       0       0       0
      Temps:          0       0       0       0       0       0       0       0       0       0       0       0       0       0
      Totals:         0      10       0       0       0       0       0       0       0       0       0       0       0       0
Total ram usage:       10 bytes
 Hardware stack levels used:    1
 Hardware stack levels required when called:    2
 This function calls:
		___ftadd
		___ftmul
		___wmul
 This function is called by:
		_log
 This function uses a non-reentrant model


 *************** function ___wmul *****************
 Defined at:
		line 15 in file "C:\Program Files (x86)\Microchip\xc8\v1.38\sources\common\Umul16.c"
 Parameters:    Size  Location     Type
  multiplier      2    0[BANK0 ] unsigned int 
  multiplicand    2    2[BANK0 ] unsigned int 
 Auto vars:     Size  Location     Type
  product         2    4[BANK0 ] unsigned int 
 Return value:  Size  Location     Type
                  2    0[BANK0 ] unsigned int 
 Registers used:
		wreg, status,2, status,0
 Tracked objects:
		On entry : 
		On exit  : 
		Unchanged: 
 Data sizes:     COMMON   BANK0   BANK1   BANK2   BANK3   BANK4   BANK5   BANK6   BANK7   BANK8   BANK9  BANK10  BANK11  BANK12
      Params:         0       4       0       0       0       0       0       0       0       0       0       0       0       0
      Locals:         0       2       0       0       0       0       0       0       0       0       0       0       0       0
      Temps:          0       0       0       0       0       0       0       0       0       0       0       0       0       0
      Totals:         0       6       0       0       0       0       0       0       0       0       0       0       0       0
Total ram usage:        6 bytes
 Hardware stack levels used:    1
 This function calls:
		Nothing
 This function is called by:
		_main
		_eval_poly
 This function uses a non-reentrant model


 *************** function ___ftmul *****************
 Defined at:
		line 62 in file "C:\Program Files (x86)\Microchip\xc8\v1.38\sources\common\ftmul.c"
 Parameters:    Size  Location     Type
  f1              3    0[BANK0 ] float 
  f2              3    3[BANK0 ] float 
 Auto vars:     Size  Location     Type
  f3_as_produc    3   11[BANK0 ] unsigned um
  sign            1   15[BANK0 ] unsigned char 
  cntr            1   14[BANK0 ] unsigned char 
  exp             1   10[BANK0 ] unsigned char 
 Return value:  Size  Location     Type
                  3    0[BANK0 ] float 
 Registers used:
		wreg, status,2, status,0, pclath, cstack
 Tracked objects:
		On entry : 
		On exit  : 
		Unchanged: 
 Data sizes:     COMMON   BANK0   BANK1   BANK2   BANK3   BANK4   BANK5   BANK6   BANK7   BANK8   BANK9  BANK10  BANK11  BANK12
      Params:         0       6       0       0       0       0       0       0       0       0       0       0       0       0
      Locals:         0       6       0       0       0       0       0       0       0       0       0       0       0       0
      Temps:          0       4       0       0       0       0       0       0       0       0       0       0       0       0
      Totals:         0      16       0       0       0       0       0       0       0       0       0       0       0       0
Total ram usage:       16 bytes
 Hardware stack levels used:    1
 Hardware stack levels required when called:    1
 This function calls:
		___ftpack
 This function is called by:
		_log
		_eval_poly
 This function uses a non-reentrant model


 *************** function ___ftge *****************
 Defined at:
		line 4 in file "C:\Program Files (x86)\Microchip\xc8\v1.38\sources\common\ftge.c"
 Parameters:    Size  Location     Type
  ff1             3   29[BANK0 ] float 
  ff2             3   32[BANK0 ] float 
 Auto vars:     Size  Location     Type
		None
 Return value:  Size  Location     Type
		None               void
 Registers used:
		wreg, status,2, status,0
 Tracked objects:
		On entry : 
		On exit  : 
		Unchanged: 
 Data sizes:     COMMON   BANK0   BANK1   BANK2   BANK3   BANK4   BANK5   BANK6   BANK7   BANK8   BANK9  BANK10  BANK11  BANK12
[...]
Total ram usage:        0 bytes
 Hardware stack levels used:    1
 This function calls:
		Nothing
 This function is called by:
		_SYSTEM_Initialize
 This function uses a non-reentrant model


 *************** function _PIN_MANAGER_Initialize *****************
 Defined at:
		line 5 in file "pin_manager.c"
 Parameters:    Size  Location     Type
		None
 Auto vars:     Size  Location     Type
  state           1    0[COMMON] unsigned char 
 Return value:  Size  Location     Type
                  1    wreg      void 
 Registers used:
		wreg, status,2
 Tracked objects:
		On entry : 
		On exit  : 
		Unchanged: 
 Data sizes:     COMMON   BANK0   BANK1   BANK2   BANK3   BANK4   BANK5   BANK6   BANK7   BANK8   BANK9  BANK10  BANK11  BANK12
      Params:         0       0       0       0       0       0       0       0       0       0       0       0       0       0
      Locals:         1       0       0       0       0       0       0       0       0       0       0       0       0       0
      Temps:          0       0       0       0       0       0       0       0       0       0       0       0       0       0
      Totals:         1       0       0       0       0       0       0       0       0       0       0       0       0       0
Total ram usage:        1 bytes
 Hardware stack levels used:    1
 This function calls:
		Nothing
 This function is called by:
		_SYSTEM_Initialize
 This function uses a non-reentrant model


 *************** function _OSCILLATOR_Initialize *****************
 Defined at:
		line 55 in file "system.c"
 Parameters:    Size  Location     Type
		None
 Auto vars:     Size  Location     Type
		None
 Return value:  Size  Location     Type
                  1    wreg      void 
 Registers used:
		wreg, status,2
 Tracked objects:
		On entry : 
		On exit  : 
		Unchanged: 
 Data sizes:     COMMON   BANK0   BANK1   BANK2   BANK3   BANK4   BANK5   BANK6   BANK7   BANK8   BANK9  BANK10  BANK11  BANK12
      Params:         0       0       0       0       0       0       0       0       0       0       0       0       0       0
      Locals:         0       0       0       0       0       0       0       0       0       0       0       0       0       0
      Temps:          0       0       0       0       0       0       0       0       0       0       0       0       0       0
      Totals:         0       0       0       0       0       0       0       0       0       0       0       0       0       0
Total ram usage:        0 bytes
 Hardware stack levels used:    1
 This function calls:
		Nothing
 This function is called by:
		_SYSTEM_Initialize
 This function uses a non-reentrant model


 *************** function _LCD_Init *****************
 Defined at:
		line 154 in file "lcd.c"
 Parameters:    Size  Location     Type
  style           1    wreg     unsigned char 
 Auto vars:     Size  Location     Type
  style           1    5[COMMON] unsigned char 
 Return value:  Size  Location     Type
                  1    wreg      void 
 Registers used:
		wreg, status,2, status,0, pclath, cstack
 Tracked objects:
		On entry : 
		On exit  : 
		Unchanged: 
 Data sizes:     COMMON   BANK0   BANK1   BANK2   BANK3   BANK4   BANK5   BANK6   BANK7   BANK8   BANK9  BANK10  BANK11  BANK12
      Params:         0       0       0       0       0       0       0       0       0       0       0       0       0       0
      Locals:         1       0       0       0       0       0       0       0       0       0       0       0       0       0
      Temps:          2       0       0       0       0       0       0       0       0       0       0       0       0       0
      Totals:         3       0       0       0       0       0       0       0       0       0       0       0       0       0
Total ram usage:        3 bytes
 Hardware stack levels used:    1
 Hardware stack levels required when called:    2
 This function calls:
		_LCD_Cmd
		_LCD_Port
 This function is called by:
		_SYSTEM_Initialize
 This function uses a non-reentrant model


 *************** function _LCD_Clear *****************
 Defined at:
		line 75 in file "lcd.c"
 Parameters:    Size  Location     Type
		None
 Auto vars:     Size  Location     Type
		None
 Return value:  Size  Location     Type
                  1    wreg      void 
 Registers used:
		wreg, status,2, status,0, pclath, cstack
 Tracked objects:
		On entry : 
		On exit  : 
		Unchanged: 
 Data sizes:     COMMON   BANK0   BANK1   BANK2   BANK3   BANK4   BANK5   BANK6   BANK7   BANK8   BANK9  BANK10  BANK11  BANK12
      Params:         0       0       0       0       0       0       0       0       0       0       0       0       0       0
      Locals:         0       0       0       0       0       0       0       0       0       0       0       0       0       0
      Temps:          0       0       0       0       0       0       0       0       0       0       0       0       0       0
      Totals:         0       0       0       0       0       0       0       0       0       0       0       0       0       0
Total ram usage:        0 bytes
 Hardware stack levels used:    1
 Hardware stack levels required when called:    2
 This function calls:
		_LCD_Cmd
 This function is called by:
		_SYSTEM_Initialize
		_tempSetpoint
		_readButtons
 This function uses a non-reentrant model


 *************** function _InitCustomChars *****************
 Defined at:
		line 29 in file "lcd.c"
 Parameters:    Size  Location     Type
		None
 Auto vars:     Size  Location     Type
  i               1    6[COMMON] unsigned char 
 Return value:  Size  Location     Type
                  1    wreg      void 
 Registers used:
		wreg, fsr1l, fsr1h, status,2, status,0, pclath, cstack
 Tracked objects:
		On entry : 
		On exit  : 
		Unchanged: 
 Data sizes:     COMMON   BANK0   BANK1   BANK2   BANK3   BANK4   BANK5   BANK6   BANK7   BANK8   BANK9  BANK10  BANK11  BANK12
      Params:         0       0       0       0       0       0       0       0       0       0       0       0       0       0
      Locals:         1       0       0       0       0       0       0       0       0       0       0       0       0       0
      Temps:          1       0       0       0       0       0       0       0       0       0       0       0       0       0
      Totals:         2       0       0       0       0       0       0       0       0       0       0       0       0       0
Total ram usage:        2 bytes
 Hardware stack levels used:    1
 Hardware stack levels required when called:    2
 This function calls:
		_LCD_Cmd
		_LCD_Write_Char
 This function is called by:
		_SYSTEM_Initialize
 This function uses a non-reentrant model


 *************** function _LCD_Write_Char *****************
 Defined at:
		line 223 in file "lcd.c"
 Parameters:    Size  Location     Type
  a               1    wreg     const unsigned char 
 Auto vars:     Size  Location     Type
  a               1    4[COMMON] const unsigned char 
  y               1    3[COMMON] unsigned char 
  temp            1    2[COMMON] unsigned char 
 Return value:  Size  Location     Type
                  1    wreg      void 
 Registers used:
		wreg, status,2, status,0, pclath, cstack
 Tracked objects:
		On entry : 
		On exit  : 
		Unchanged: 
 Data sizes:     COMMON   BANK0   BANK1   BANK2   BANK3   BANK4   BANK5   BANK6   BANK7   BANK8   BANK9  BANK10  BANK11  BANK12
      Params:         0       0       0       0       0       0       0       0       0       0       0       0       0       0
      Locals:         3       0       0       0       0       0       0       0       0       0       0       0       0       0
      Temps:          1       0       0       0       0       0       0       0       0       0       0       0       0       0
      Totals:         4       0       0       0       0       0       0       0       0       0       0       0       0       0
Total ram usage:        4 bytes
 Hardware stack levels used:    1
 Hardware stack levels required when called:    1
 This function calls:
		_LCD_Port
 This function is called by:
		_InitCustomChars
		_LCD_Write_String
		_LCD_Write_Int
		_tempSetpoint
		_readButtons
		_main
 This function uses a non-reentrant model


 *************** function _LCD_Cmd *****************
 Defined at:
		line 65 in file "lcd.c"
 Parameters:    Size  Location     Type
  a               1    wreg     unsigned char 
 Auto vars:     Size  Location     Type
  a               1    2[COMMON] unsigned char 
 Return value:  Size  Location     Type
                  1    wreg      void 
 Registers used:
		wreg, status,2, status,0, pclath, cstack
 Tracked objects:
		On entry : 
		On exit  : 
		Unchanged: 
 Data sizes:     COMMON   BANK0   BANK1   BANK2   BANK3   BANK4   BANK5   BANK6   BANK7   BANK8   BANK9  BANK10  BANK11  BANK12
      Params:         0       0       0       0       0       0       0       0       0       0       0       0       0       0
      Locals:         1       0       0       0       0       0       0       0       0       0       0       0       0       0
      Temps:          1       0       0       0       0       0       0       0       0       0       0       0       0       0
      Totals:         2       0       0       0       0       0       0       0       0       0       0       0       0       0
Total ram usage:        2 bytes
 Hardware stack levels used:    1
 Hardware stack levels required when called:    1
 This function calls:
		_LCD_Port
 This function is called by:
		_InitCustomChars
		_LCD_Clear
		_LCD_Set_Cursor
		_LCD_Init
 This function uses a non-reentrant model


 *************** function _LCD_Port *****************
 Defined at:
		line 41 in file "lcd.c"
 Parameters:    Size  Location     Type
  a               1    wreg     unsigned char 
 Auto vars:     Size  Location     Type
  a               1    0[COMMON] unsigned char 
 Return value:  Size  Location     Type
                  1    wreg      void 
 Registers used:
		wreg
 Tracked objects:
		On entry : 
		On exit  : 
		Unchanged: 
 Data sizes:     COMMON   BANK0   BANK1   BANK2   BANK3   BANK4   BANK5   BANK6   BANK7   BANK8   BANK9  BANK10  BANK11  BANK12
      Params:         0       0       0       0       0       0       0       0       0       0       0       0       0       0
      Locals:         1       0       0       0       0       0       0       0       0       0       0       0       0       0
      Temps:          0       0       0       0       0       0       0       0       0       0       0       0       0       0
      Totals:         1       0       0       0       0       0       0       0       0       0       0       0       0       0
Total ram usage:        1 bytes
 Hardware stack levels used:    1
 This function calls:
		Nothing
 This function is called by:
		_LCD_Cmd
		_LCD_Init
		_LCD_Write_Char
 This function uses a non-reentrant model


 *************** function _ADCC_Initialize *****************
 Defined at:
		line 5 in file "adcc.c"
 Parameters:    Size  Location     Type
		None
 Auto vars:     Size  Location     Type
		None
 Return value:  Size  Location     Type
                  1    wreg      void 
 Registers used:
		wreg, status,2
 Tracked objects:
		On entry : 
		On exit  : 
		Unchanged: 
 Data sizes:     COMMON   BANK0   BANK1   BANK2   BANK3   BANK4   BANK5   BANK6   BANK7   BANK8   BANK9  BANK10  BANK11  BANK12
      Params:         0       0       0       0       0       0       0       0       0       0       0       0       0       0
      Locals:         0       0       0       0       0       0       0       0       0       0       0       0       0       0
      Temps:          0       0       0       0       0       0       0       0       0       0       0       0       0       0
      Totals:         0       0       0       0       0       0       0       0       0       0       0       0       0       0
Total ram usage:        0 bytes
 Hardware stack levels used:    1
 This function calls:
		Nothing
 This function is called by:
		_SYSTEM_Initialize
 This function uses a non-reentrant model


 *************** function _PWM6_LoadDutyValue *****************
 Defined at:
		line 15 in file "pwm6.c"
 Parameters:    Size  Location     Type
  dutyValue       2    0[COMMON] unsigned int 
 Auto vars:     Size  Location     Type
		None
 Return value:  Size  Location     Type
                  1    wreg      void 
 Registers used:
		wreg, status,2, status,0
 Tracked objects:
		On entry : 
		On exit  : 
		Unchanged: 
 Data sizes:     COMMON   BANK0   BANK1   BANK2   BANK3   BANK4   BANK5   BANK6   BANK7   BANK8   BANK9  BANK10  BANK11  BANK12
      Params:         2       0       0       0       0       0       0       0       0       0       0       0       0       0
      Locals:         0       0       0       0       0       0       0       0       0       0       0       0       0       0
      Temps:          2       0       0       0       0       0       0       0       0       0       0       0       0       0
      Totals:         4       0       0       0       0       0       0       0       0       0       0       0       0       0
Total ram usage:        4 bytes
 Hardware stack levels used:    1
 This function calls:
		Nothing
 This function is called by:
		_main
 This function uses a non-reentrant model


 *************** function _ADCC_GetSingleConversion *****************
 Defined at:
		line 53 in file "adcc.c"
 Parameters:    Size  Location     Type
  channel         1    wreg     enum E13559
 Auto vars:     Size  Location     Type
  channel         1    3[COMMON] enum E13559
 Return value:  Size  Location     Type
                  2    0[COMMON] unsigned int 
 Registers used:
		wreg
 Tracked objects:
		On entry : 
		On exit  : 
		Unchanged: 
 Data sizes:     COMMON   BANK0   BANK1   BANK2   BANK3   BANK4   BANK5   BANK6   BANK7   BANK8   BANK9  BANK10  BANK11  BANK12
      Params:         3       0       0       0       0       0       0       0       0       0       0       0       0       0
      Locals:         1       0       0       0       0       0       0       0       0       0       0       0       0       0
      Temps:          0       0       0       0       0       0       0       0       0       0       0       0       0       0
      Totals:         4       0       0       0       0       0       0       0       0       0       0       0       0       0
Total ram usage:        4 bytes
 Hardware stack levels used:    1
 This function calls:
		Nothing
 This function is called by:
		_main
 This function uses a non-reentrant model



MODULE INFORMATION

Module		Function		Class		Link	Load	Size
C:\Program Files (x86)\Microchip\xc8\v1.38\sources\common\log.c
		_log           		CODE           	0061	0000	174

C:\Program Files (x86)\Microchip\xc8\v1.38\sources\common\log.c estimated size: 174

C:\Program Files (x86)\Microchip\xc8\v1.38\sources\common\ftsub.c
		___ftsub       		CODE           	0A66	0000	31

C:\Program Files (x86)\Microchip\xc8\v1.38\sources\common\ftsub.c estimated size: 31

C:\Program Files (x86)\Microchip\xc8\v1.38\sources\common\float.c
		___ftpack      		CODE           	0CEF	0000	101

C:\Program Files (x86)\Microchip\xc8\v1.38\sources\common\float.c estimated size: 101

timers.c
		_TMR2_Initialize		CODE           	0983	0000	16
		_TMR0_Initialize		CODE           	0974	0000	16

timers.c estimated size: 32

C:\Program Files (x86)\Microchip\xc8\v1.38\sources\common\awmod.c
		___awmod       		CODE           	0C4A	0000	70

C:\Program Files (x86)\Microchip\xc8\v1.38\sources\common\awmod.c estimated size: 70

C:\Program Files (x86)\Microchip\xc8\v1.38\sources\common\Umul16.c
		___wmul        		CODE           	0A4A	0000	29

C:\Program Files (x86)\Microchip\xc8\v1.38\sources\common\Umul16.c estimated size: 29

C:\Program Files (x86)\Microchip\xc8\v1.38\sources\common\frexp.c
		_frexp         		CODE           	0B94	0000	60

C:\Program Files (x86)\Microchip\xc8\v1.38\sources\common\frexp.c estimated size: 60

C:\Program Files (x86)\Microchip\xc8\v1.38\sources\common\ftmul.c
		___ftmul       		CODE           	010E	0000	181

C:\Program Files (x86)\Microchip\xc8\v1.38\sources\common\ftmul.c estimated size: 181

C:\Program Files (x86)\Microchip\xc8\v1.38\sources\common\ftdiv.c
		___ftdiv       		CODE           	0F57	0000	170

C:\Program Files (x86)\Microchip\xc8\v1.38\sources\common\ftdiv.c estimated size: 170

adcc.c
		_ADCC_GetSingleConversion		CODE           	0966	0000	15
		_ADCC_Initialize		CODE           	09FD	0000	26

adcc.c estimated size: 41

C:\Program Files (x86)\Microchip\xc8\v1.38\sources\common\lwdiv.c
		___lwdiv       		CODE           	0B25	0000	54

C:\Program Files (x86)\Microchip\xc8\v1.38\sources\common\lwdiv.c estimated size: 54

pwm6.c
		_PWM6_LoadDutyValue		CODE           	09B7	0000	23
		_PWM6_Initialize		CODE           	0959	0000	14

pwm6.c estimated size: 37

C:\Program Files (x86)\Microchip\xc8\v1.38\sources\common\awdiv.c
		___awdiv       		CODE           	0010	0000	82

C:\Program Files (x86)\Microchip\xc8\v1.38\sources\common\awdiv.c estimated size: 82

C:\Program Files (x86)\Microchip\xc8\v1.38\sources\common\aldiv.c
		___aldiv       		CODE           	0E4F	0000	131

C:\Program Files (x86)\Microchip\xc8\v1.38\sources\common\aldiv.c estimated size: 131

C:\Program Files (x86)\Microchip\xc8\v1.38\sources\common\fttol.c
		___fttol       		CODE           	0ED1	0000	135

C:\Program Files (x86)\Microchip\xc8\v1.38\sources\common\fttol.c estimated size: 135

shared
		__initialization		CODE           	07C9	0000	53
		log@coeff      		STRCODE        	1000	0000	28

shared estimated size: 81

C:\Program Files (x86)\Microchip\xc8\v1.38\sources\common\lwtoft.c
		___lwtoft      		CODE           	09A4	0000	20

C:\Program Files (x86)\Microchip\xc8\v1.38\sources\common\lwtoft.c estimated size: 20

C:\Program Files (x86)\Microchip\xc8\v1.38\sources\common\awtoft.c
		___awtoft      		CODE           	0A84	0000	33

C:\Program Files (x86)\Microchip\xc8\v1.38\sources\common\awtoft.c estimated size: 33

C:\Program Files (x86)\Microchip\xc8\v1.38\sources\common\lbtoft.c
		___lbtoft      		CODE           	0A16	0000	27

C:\Program Files (x86)\Microchip\xc8\v1.38\sources\common\lbtoft.c estimated size: 27

C:\Program Files (x86)\Microchip\xc8\v1.38\sources\common\ftadd.c
		___ftadd       		CODE           	0345	0000	247

C:\Program Files (x86)\Microchip\xc8\v1.38\sources\common\ftadd.c estimated size: 247

lcd.c
		_LCD_Init      		CODE           	0D53	0000	124
		_LCD_Write_Char		CODE           	0AC9	0000	43
		_InitCustomChars		CODE           	0AA4	0000	38
		_LCD_Cmd       		CODE           	0992	0000	19
		_LCD_Set_Cursor		CODE           	0C0B	0000	64
		_LCD_Clear     		CODE           	0935	0000	9
		_LCD_Port      		CODE           	09CD	0000	25
		_LCD_Write_String		CODE           	0A30	0000	27
		_LCD_Write_Int 		CODE           	027C	0000	202

lcd.c estimated size: 551

user.c
		_readButtons   		CODE           	0DCE	0000	130
		_tempSetpoint  		CODE           	01C2	0000	187

user.c estimated size: 317

C:\Program Files (x86)\Microchip\xc8\v1.38\sources\common\evalpoly.c
		_eval_poly     		CODE           	0C8F	0000	97

C:\Program Files (x86)\Microchip\xc8\v1.38\sources\common\evalpoly.c estimated size: 97

pin_manager.c
		_PIN_MANAGER_Initialize		CODE           	0AF3	0000	51

pin_manager.c estimated size: 51

main.c
		_main          		CODE           	043B	0000	911

main.c estimated size: 911

system.c
		_OSCILLATOR_Initialize		CODE           	093D	0000	9
		_SYSTEM_Initialize		CODE           	0B5A	0000	59

system.c estimated size: 68

C:\Program Files (x86)\Microchip\xc8\v1.38\sources\common\ftge.c
		___ftge        		CODE           	0BCF	0000	61

C:\Program Files (x86)\Microchip\xc8\v1.38\sources\common\ftge.c estimated size: 61

C:\Program Files (x86)\Microchip\xc8\v1.38\sources\common\ftneg.c
		___ftneg       		CODE           	0945	0000	9

C:\Program Files (x86)\Microchip\xc8\v1.38\sources\common\ftneg.c estimated size: 9

