Microchip MPLAB XC8 Compiler V1.38 ()

Linker command line:

-W-3 --edf=C:\Program Files (x86)\Microchip\xc8\v1.38\dat\en_msgs.txt -cs \
  -h+dist/default/production\BBQ_Controller.X.production.sym \
  --cmf=dist/default/production\BBQ_Controller.X.production.cmf -z \
  -Q16F18855 -oC:\Users\DAVE\AppData\Local\Temp\s76c.2 \
  -Mdist/default/production/BBQ_Controller.X.production.map -E1 -ver=XC8 \
  -ASTACK=02140h-023efh -pstack=STACK -ACODE=00h-07FFhx4 \
  -ASTRCODE=00h-01FFFh -ASTRING=00h-0FFhx32 -ACONST=00h-0FFhx32 \
  -AENTRY=00h-0FFhx32 -ACOMMON=070h-07Fh -ABANK0=020h-06Fh \
  -ABANK1=0A0h-0EFh -ABANK2=0120h-016Fh -ABANK3=01A0h-01EFh \
  -ABANK4=0220h-026Fh -ABANK5=02A0h-02EFh -ABANK6=0320h-036Fh \
  -ABANK7=03A0h-03EFh -ABANK8=0420h-046Fh -ABANK9=04A0h-04EFh \
  -ABANK10=0520h-056Fh -ABANK11=05A0h-05EFh -ABANK12=0620h-064Fh \
  -ABIGRAM=02000h-023EFh \
  -ARAM=020h-06Fh,0A0h-0EFh,0120h-016Fh,01A0h-01EFh,0220h-026Fh,02A0h-02EFh,0320h-036Fh,03A0h-03EFh,0420h-046Fh,04A0h-04EFh,0520h-056Fh,05A0h-05EFh,0620h-064Fh \
  -AABS1=020h-07Fh,0A0h-0EFh,0120h-016Fh,01A0h-01EFh,0220h-026Fh,02A0h-02EFh,0320h-036Fh,03A0h-03EFh,0420h-046Fh,04A0h-04EFh,0520h-056Fh,05A0h-05EFh,0620h-064Fh \
  -ASFR0=00h-01Fh -ASFR1=080h-09Fh -ASFR2=0100h-011Fh -ASFR3=0180h-019Fh \
  -ASFR4=0200h-021Fh -ASFR5=0280h-029Fh -ASFR6=0300h-031Fh \
  -ASFR7=0380h-039Fh -ASFR8=0400h-041Fh -ASFR9=0480h-049Fh \
  -ASFR10=0500h-051Fh -ASFR11=0580h-059Fh -ASFR12=0600h-061Fh \
  -ASFR13=0680h-06EFh -ASFR14=0700h-076Fh -ASFR15=0780h-07EFh \
  -ASFR16=0800h-086Fh -ASFR17=0880h-08EFh -ASFR18=0900h-096Fh \
  -ASFR19=0980h-09EFh -ASFR20=0A00h-0A6Fh -ASFR21=0A80h-0AEFh \
  -ASFR22=0B00h-0B6Fh -ASFR23=0B80h-0BEFh -ASFR24=0C00h-0C6Fh \
  -ASFR25=0C80h-0CEFh -ASFR26=0D00h-0D6Fh -ASFR27=0D80h-0DEFh \
  -ASFR28=0E00h-0E6Fh -ASFR29=0E80h-0EEFh -ASFR30=0F00h-0F6Fh \
  -ASFR31=0F80h-0FEFh -preset_vec=00h,intentry,init,end_init -ppowerup=CODE \
  -pcinit=CODE -pfunctab=CODE -ACONFIG=08007h-0800Bh -pconfig=CONFIG \
  -DCONFIG=2 -AIDLOC=08000h-08003h -pidloc=IDLOC -DIDLOC=2 \
  -AEEDATA=00h-0FFh/0F000h -peeprom_data=EEDATA -DEEDATA=2 -DCODE=2 \
  -DSTRCODE=2 -DSTRING=2 -DCONST=2 -DENTRY=2 -k \
  C:\Users\DAVE\AppData\Local\Temp\s76c.obj \
  dist/default/production\BBQ_Controller.X.production.obj 

Object code version is 3.11

Machine type is 16F18855



                Name                               Link     Load   Length Selector   Space Scale
C:\Users\DAVE\AppData\Local\Temp\s76c.obj
                end_init                              2        2        2        0       0
                reset_vec                             0        0        2        0       0
                config                             8007     8007        5    1000E       0
dist/default/production\BBQ_Controller.X.production.obj
                cinit                               7D0      7D0       30      FA0       0
                text36                              A31      A31       18     1462       0
                text35                                4        4       14        0       0
                text34                              BCE      BCE       3F     179C       0
                text33                              AFC      AFC       2C     15F8       0
                text32                              C94      C94       51     1928       0
                text31                              C4F      C4F       45     189E       0
                text30                              17C      17C       C9      2F8       0
                text29                              A49      A49       1A     1492       0
                text28                              D45      D45       64     1A8A       0
                text27                              AB6      AB6       20     156C       0
                text26                              A7D      A7D       1B     14FA       0
                text25                              33B      33B      10C      676       0
                text24                              A1B      A1B       16     1436       0
                text23                              A63      A63       1A     14C6       0
                text22                              AD6      AD6       26     15AC       0
                text21                              9B8      9B8        8     1370       0
                text20                              E2B      E2B       87     1C56       0
                text19                              9C0      9C0        9     1380       0
                text18                              B28      B28       30     1650       0
                text17                              9D3      9D3        B     13A6       0
                text16                              9DE      9DE        E     13BC       0
                text15                              C0D      C0D       42     181A       0
                text14                              EB2      EB2       A5     1D64       0
                text13                              9EC      9EC        E     13D8       0
                text12                              DA9      DA9       82     1B52       0
                text11                              A0A      A0A       11     1414       0
                text10                              55C      55C      11A      AB8       0
                text9                               F57      F57       A9     1EAE       0
                text8                               245      245       F6      48A       0
                text7                               A98      A98       1E     1530       0
                text6                               B58      B58       3B     16B0       0
                text5                                C8       C8       B4      190       0
                text4                               CE5      CE5       60     19CA       0
                text3                               B93      B93       3B     1726       0
                text2                                18       18       B0       30       0
                text1                               447      447      115      88E       0
                maintext                            676      676      15A      CEC       0
                cstackBANK0                          20       20       50       20       1
                cstackCOMMON                         70       70        E       70       1
                cstackBANK1                          C6       C6       1E       A0       1
                clrtext                             9AC      9AC        6     1358       0
                inittext                            9B2      9B2        6     1364       0
                bssBANK3                            1A0      1A0       50      1A0       1
                dataBANK2                           120      120       10      120       1
                bssBANK2                            130      130        5      120       1
                dataBANK1                            E4       E4        A       A0       1
                bssBANK1                             A0       A0       26       A0       1
                stringtext                         1000     1000       29     2000       0
                idataBANK2                          9FA      9FA       10     13F4       0
                idataBANK1                          9C9      9C9        A     1392       0

TOTAL           Name                               Link     Load   Length     Space
        CLASS   STACK          

        CLASS   CODE           
                end_init                              2        2        2         0
                cinit                               7D0      7D0       30         0
                reset_vec                             0        0        2         0
                text36                              A31      A31       18         0
                text35                                4        4       14         0
                text34                              BCE      BCE       3F         0
                text33                              AFC      AFC       2C         0
                text32                              C94      C94       51         0
                text31                              C4F      C4F       45         0
                text30                              17C      17C       C9         0
                text29                              A49      A49       1A         0
                text28                              D45      D45       64         0
                text27                              AB6      AB6       20         0
                text26                              A7D      A7D       1B         0
                text25                              33B      33B      10C         0
                text24                              A1B      A1B       16         0
                text23                              A63      A63       1A         0
                text22                              AD6      AD6       26         0
                text21                              9B8      9B8        8         0
                text20                              E2B      E2B       87         0
                text19                              9C0      9C0        9         0
                text18                              B28      B28       30         0
                text17                              9D3      9D3        B         0
                text16                              9DE      9DE        E         0
                text15                              C0D      C0D       42         0
                text14                              EB2      EB2       A5         0
                text13                              9EC      9EC        E         0
                text12                              DA9      DA9       82         0
                text11                              A0A      A0A       11         0
                text10                              55C      55C      11A         0
                text9                               F57      F57       A9         0
                text8                               245      245       F6         0
                text7                               A98      A98       1E         0
                text6                               B58      B58       3B         0
                text5                                C8       C8       B4         0
                text4                               CE5      CE5       60         0
                text3                               B93      B93       3B         0
                text2                                18       18       B0         0
                text1                               447      447      115         0
                maintext                            676      676      15A         0
                clrtext                             9AC      9AC        6         0
                inittext                            9B2      9B2        6         0
                idataBANK2                          9FA      9FA       10         0
                idataBANK1                          9C9      9C9        A         0

        CLASS   STRCODE        
                stringtext                         1000     1000       29         0

        CLASS   STRING         

        CLASS   CONST          

        CLASS   ENTRY          

        CLASS   COMMON         
                cstackCOMMON                         70       70        E         1

        CLASS   BANK0          
                cstackBANK0                          20       20       50         1

        CLASS   BANK1          
                cstackBANK1                          C6       C6       1E         1
                dataBANK1                            E4       E4        A         1
                bssBANK1                             A0       A0       26         1

        CLASS   BANK2          
                dataBANK2                           120      120       10         1
                bssBANK2                            130      130        5         1

        CLASS   BANK3          
                bssBANK3                            1A0      1A0       50         1

        CLASS   BANK4          

        CLASS   BANK5          

        CLASS   BANK6          

        CLASS   BANK7          

        CLASS   BANK8          

        CLASS   BANK9          

        CLASS   BANK10         

        CLASS   BANK11         

        CLASS   BANK12         

        CLASS   BIGRAM         

        CLASS   RAM            

        CLASS   ABS1           
                abs_s1                               7E       7E        2         1

        CLASS   SFR0           

        CLASS   SFR1           

        CLASS   SFR2           

        CLASS   SFR3           

        CLASS   SFR4           

        CLASS   SFR5           

        CLASS   SFR6           

        CLASS   SFR7           

        CLASS   SFR8           

        CLASS   SFR9           

        CLASS   SFR10          

        CLASS   SFR11          

        CLASS   SFR12          

        CLASS   SFR13          

        CLASS   SFR14          

        CLASS   SFR15          

        CLASS   SFR16          

        CLASS   SFR17          

        CLASS   SFR18          

        CLASS   SFR19          

        CLASS   SFR20          

        CLASS   SFR21          

        CLASS   SFR22          

        CLASS   SFR23          

        CLASS   SFR24          

        CLASS   SFR25          

        CLASS   SFR26          

        CLASS   SFR27          

        CLASS   SFR28          

        CLASS   SFR29          

        CLASS   SFR30          

        CLASS   SFR31          

        CLASS   CONFIG         
                config                             8007     8007        5         0

        CLASS   IDLOC          

        CLASS   EEDATA         

        CLASS   BANK31         

        CLASS   BANK30         

        CLASS   BANK29         

        CLASS   BANK28         

        CLASS   BANK27         

        CLASS   BANK26         

        CLASS   BANK25         

        CLASS   BANK24         

        CLASS   BANK23         

        CLASS   BANK22         

        CLASS   BANK21         

        CLASS   BANK20         

        CLASS   BANK19         

        CLASS   BANK18         

        CLASS   BANK17         

        CLASS   BANK16         

        CLASS   BANK15         

        CLASS   BANK14         

        CLASS   BANK13         



SEGMENTS        Name                           Load    Length   Top    Selector   Space  Class     Delta

                reset_vec                      000000  000018  000018         0       0  CODE        2
                cstackBANK0                    000020  000050  000070        20       1  BANK0       1
                text2                          000018  0000B0  0000C8        30       0  CODE        2
                cstackCOMMON                   000070  00000E  00007E        70       1  COMMON      1
                bssBANK1                       0000A0  00004E  0000EE        A0       1  BANK1       1
                dataBANK2                      000120  000015  000135       120       1  BANK2       1
                text5                          0000C8  0000B4  00017C       190       0  CODE        2
                bssBANK3                       0001A0  000050  0001F0       1A0       1  BANK3       1
                text30                         00017C  0000C9  000245       2F8       0  CODE        2
                text8                          000245  0000F6  00033B       48A       0  CODE        2
                text25                         00033B  00010C  000447       676       0  CODE        2
                text1                          000447  000115  00055C       88E       0  CODE        2
                text10                         00055C  00011A  000676       AB8       0  CODE        2
                maintext                       000676  00015A  0007D0       CEC       0  CODE        2
                cinit                          0007D0  000030  000800       FA0       0  CODE        2
                clrtext                        0009AC  000006  0009B2      1358       0  CODE        2
                inittext                       0009B2  000006  0009B8      1364       0  CODE        2
                text21                         0009B8  000008  0009C0      1370       0  CODE        2
                text19                         0009C0  000009  0009C9      1380       0  CODE        2
                idataBANK1                     0009C9  00000A  0009D3      1392       0  CODE        2
                text17                         0009D3  00000B  0009DE      13A6       0  CODE        2
                text16                         0009DE  00000E  0009EC      13BC       0  CODE        2
                text13                         0009EC  00000E  0009FA      13D8       0  CODE        2
                idataBANK2                     0009FA  000010  000A0A      13F4       0  CODE        2
                text11                         000A0A  000011  000A1B      1414       0  CODE        2
                text24                         000A1B  000016  000A31      1436       0  CODE        2
                text36                         000A31  000018  000A49      1462       0  CODE        2
                text29                         000A49  00001A  000A63      1492       0  CODE        2
                text23                         000A63  00001A  000A7D      14C6       0  CODE        2
                text26                         000A7D  00001B  000A98      14FA       0  CODE        2
                text7                          000A98  00001E  000AB6      1530       0  CODE        2
                text27                         000AB6  000020  000AD6      156C       0  CODE        2
                text22                         000AD6  000026  000AFC      15AC       0  CODE        2
                text33                         000AFC  00002C  000B28      15F8       0  CODE        2
                text18                         000B28  000030  000B58      1650       0  CODE        2
                text6                          000B58  00003B  000B93      16B0       0  CODE        2
                text3                          000B93  00003B  000BCE      1726       0  CODE        2
                text34                         000BCE  00003F  000C0D      179C       0  CODE        2
                text15                         000C0D  000042  000C4F      181A       0  CODE        2
                text31                         000C4F  000045  000C94      189E       0  CODE        2
                text32                         000C94  000051  000CE5      1928       0  CODE        2
                text4                          000CE5  000060  000D45      19CA       0  CODE        2
                text28                         000D45  000064  000DA9      1A8A       0  CODE        2
                text12                         000DA9  000082  000E2B      1B52       0  CODE        2
                text20                         000E2B  000087  000EB2      1C56       0  CODE        2
                text14                         000EB2  0000A5  000F57      1D64       0  CODE        2
                text9                          000F57  0000A9  001000      1EAE       0  CODE        2
                stringtext                     001000  000029  001029      2000       0  STRCODE     2
                config                         008007  000005  00800C     1000E       0  CONFIG      2


UNUSED ADDRESS RANGES

        Name                Unused          Largest block    Delta
        BANK1            000EE-000EF               2           1
        BANK10           00520-0056F              50           1
        BANK11           005A0-005EF              50           1
        BANK12           00620-0064F              30           1
        BANK2            00135-0016F              3B           1
        BANK4            00220-0026F              50           1
        BANK5            002A0-002EF              50           1
        BANK6            00320-0036F              50           1
        BANK7            003A0-003EF              50           1
        BANK8            00420-0046F              50           1
        BANK9            004A0-004EF              50           1
        BIGRAM           02000-023EF             3F0           1
        CODE             00800-009AB             1AC           2
                         01029-01FFF             7D7
        CONST            00800-009AB             100           2
                         01029-01FFF             100
        EEDATA           0F000-0F0FF             100           2
        ENTRY            00800-009AB             100           2
                         01029-01FFF             100
        IDLOC            08000-08003               4           2
        RAM              000EE-000EF               2           1
                         00135-0016F              3B
                         00220-0026F              50
                         002A0-002EF              50
                         00320-0036F              50
                         003A0-003EF              50
                         00420-0046F              50
                         004A0-004EF              50
                         00520-0056F              50
                         005A0-005EF              50
                         00620-0064F              30
        SFR0             00000-0001F              20           1
        SFR1             00080-0009F              20           1
        SFR10            00500-0051F              20           1
        SFR11            00580-0059F              20           1
        SFR12            00600-0061F              20           1
        SFR13            00680-006EF              70           1
        SFR14            00700-0076F              70           1
        SFR15            00780-007EF              70           1
        SFR16            00800-0086F              70           1
        SFR17            00880-008EF              70           1
        SFR18            00900-0096F              70           1
        SFR19            00980-009EF              70           1
        SFR2             00100-0011F              20           1
        SFR20            00A00-00A6F              70           1
        SFR21            00A80-00AEF              70           1
        SFR22            00B00-00B6F              70           1
        SFR23            00B80-00BEF              70           1
        SFR24            00C00-00C6F              70           1
        SFR25            00C80-00CEF              70           1
        SFR26            00D00-00D6F              70           1
        SFR27            00D80-00DEF              70           1
        SFR28            00E00-00E6F              70           1
        SFR29            00E80-00EEF              70           1
        SFR3             00180-0019F              20           1
        SFR30            00F00-00F6F              70           1
        SFR31            00F80-00FEF              70           1
        SFR4             00200-0021F              20           1
        SFR5             00280-0029F              20           1
        SFR6             00300-0031F              20           1
        SFR7             00380-0039F              20           1
        SFR8             00400-0041F              20           1
        SFR9             00480-0049F              20           1
        STACK            02140-023EF             2B0           1
        STRCODE          00800-009AB             1AC           2
                         01029-01FFF             FD7
        STRING           00800-009AB             100           2
                         01029-01FFF             100

                                  Symbol Table

?_ADCRead                        cstackCOMMON 00070
?_PID_Calculate                  cstackBANK0  00020
?___aldiv                        cstackCOMMON 00070
?___awdiv                        cstackCOMMON 00070
?___awmod                        cstackCOMMON 00070
?___awtoft                       cstackCOMMON 00078
?___ftadd                        cstackBANK0  00040
?___ftdiv                        cstackBANK0  00030
?___ftmul                        cstackBANK0  00020
?___ftpack                       cstackCOMMON 00070
?___ftsub                        cstackBANK0  0004D
?___fttol                        cstackBANK0  00069
?___wmul                         cstackCOMMON 00070
?_eval_poly                      cstackBANK0  0004D
?_frexp                          cstackCOMMON 00070
?_log                            cstackBANK0  00057
?_readAnalog                     cstackBANK0  00026
?_tempCalc                       cstackBANK0  0005D
ADCRead@channel                  cstackCOMMON 00073
InitCustomChars@i                cstackCOMMON 00076
LCD_Cmd@a                        cstackCOMMON 00073
LCD_Init@style                   cstackCOMMON 00077
LCD_Port@a                       cstackCOMMON 00070
LCD_Set_Cursor@temp              cstackCOMMON 0007A
LCD_Set_Cursor@w                 cstackCOMMON 00079
LCD_Set_Cursor@x                 cstackCOMMON 00077
LCD_Set_Cursor@y                 cstackCOMMON 00074
LCD_Set_Cursor@z                 cstackCOMMON 00078
LCD_Write_Char@a                 cstackCOMMON 00074
LCD_Write_Char@temp              cstackCOMMON 00072
LCD_Write_Char@y                 cstackCOMMON 00073
LCD_Write_Int@F13690             bssBANK2     00130
LCD_Write_Int@fieldLength        cstackCOMMON 0007B
LCD_Write_Int@i                  cstackBANK0  0002C
LCD_Write_Int@j                  cstackBANK0  0002A
LCD_Write_Int@numPlaces          cstackCOMMON 0007C
LCD_Write_Int@sign               cstackCOMMON 0007D
LCD_Write_Int@str                cstackBANK0  00025
LCD_Write_Int@value              cstackCOMMON 00079
LCD_Write_String@a               cstackCOMMON 00075
LCD_Write_String@i               cstackCOMMON 00078
PID_Calculate@setpoint           cstackBANK0  00020
PID_Calculate@temp               cstackBANK0  00022
PIN_MANAGER_Initialize@state     cstackCOMMON 00070
PWM7_LoadDutyValue@dutyCycle7    cstackCOMMON 00070
_ADACQ                           (abs)        0009D
_ADACT                           (abs)        00099
_ADCAP                           (abs)        0009B
_ADCC_Initialize                 text23       00A63
_ADCLK                           (abs)        00098
_ADCON0                          (abs)        00093
_ADCON0bits                      (abs)        00093
_ADCON1                          (abs)        00094
_ADCON2                          (abs)        00095
_ADCON3                          (abs)        00096
_ADCRead                         text13       009EC
_ADLTHH                          (abs)        0010F
_ADLTHL                          (abs)        0010E
_ADPCH                           (abs)        0009E
_ADPRE                           (abs)        0009C
_ADREF                           (abs)        0009A
_ADRESH                          (abs)        0008D
_ADRESL                          (abs)        0008C
_ADRPT                           (abs)        0010D
_ADSTAT                          (abs)        00097
_ADSTPTH                         (abs)        00113
_ADSTPTL                         (abs)        00112
_ADUTHH                          (abs)        00111
_ADUTHL                          (abs)        00110
_ANSELA                          (abs)        00F38
_ANSELB                          (abs)        00F43
_ANSELC                          (abs)        00F4E
_CCPTMRS1bits                    (abs)        0021F
_FVRCON                          (abs)        0090C
_GIE                             (abs)        0005F
_InitCustomChars                 text22       00AD6
_Kd                              bssBANK1     000AC
_Ki                              dataBANK1    000E8
_Kp                              dataBANK1    000EA
_LATA                            (abs)        00016
_LATB                            (abs)        00017
_LATC                            (abs)        00018
_LATC2                           (abs)        000C2
_LCD_Clear                       text21       009B8
_LCD_Cmd                         text35       00004
_LCD_Init                        text20       00E2B
_LCD_Port                        text36       00A31
_LCD_Set_Cursor                  text34       00BCE
_LCD_Write_Char                  text33       00AFC
_LCD_Write_Int                   text30       0017C
_LCD_Write_String                text29       00A49
_OSCCON1                         (abs)        0088D
_OSCCON3                         (abs)        0088F
_OSCEN                           (abs)        00891
_OSCFRQ                          (abs)        00893
_OSCILLATOR_Initialize           text19       009C0
_OSCTUNE                         (abs)        00892
_PID_Calculate                   text25       0033B
_PIE0bits                        (abs)        00716
_PIN_MANAGER_Initialize          text18       00B28
_PIR4bits                        (abs)        00710
_PPSLOCK                         (abs)        00E8F
_PPSLOCKbits                     (abs)        00E8F
_PWM7CON                         (abs)        00392
_PWM7DCH                         (abs)        00391
_PWM7DCL                         (abs)        00390
_PWM7_LoadDutyValue              text24       00A1B
_PWM_Initialize                  text17       009D3
_RA0                             (abs)        00060
_RA2                             (abs)        00062
_RA6                             (abs)        00066
_RA7                             (abs)        00067
_RC0                             (abs)        00070
_RC1                             (abs)        00071
_RC3PPS                          (abs)        00F23
_Result                          bssBANK1     000AE
_SYSTEM_Initialize               text15       00C0D
_T2CLKCON                        (abs)        00290
_T2CON                           (abs)        0028E
_T2CONbits                       (abs)        0028E
_T2HLT                           (abs)        0028F
_T2PR                            (abs)        0028D
_T2RST                           (abs)        00291
_T2TMR                           (abs)        0028C
_TMR2_Initialize                 text16       009DE
_TRISA                           (abs)        00011
_TRISB                           (abs)        00012
_TRISC                           (abs)        00013
_WPUA                            (abs)        00F39
_WPUB                            (abs)        00F44
_WPUC                            (abs)        00F4F
_WPUE                            (abs)        00F65
__CFG_BOREN$ON                   (abs)        00000
__CFG_BORV$LO                    (abs)        00000
__CFG_CLKOUTEN$OFF               (abs)        00000
__CFG_CP$OFF                     (abs)        00000
__CFG_CPD$OFF                    (abs)        00000
__CFG_CSWEN$ON                   (abs)        00000
__CFG_FCMEN$ON                   (abs)        00000
__CFG_FEXTOSC$OFF                (abs)        00000
__CFG_LPBOREN$OFF                (abs)        00000
__CFG_LVP$ON                     (abs)        00000
__CFG_MCLRE$ON                   (abs)        00000
__CFG_PPS1WAY$ON                 (abs)        00000
__CFG_PWRTE$OFF                  (abs)        00000
__CFG_RSTOSC$HFINT32             (abs)        00000
__CFG_SCANE$not_available        (abs)        00000
__CFG_STVREN$ON                  (abs)        00000
__CFG_WDTCCS$SC                  (abs)        00000
__CFG_WDTCPS$WDTCPS_31           (abs)        00000
__CFG_WDTCWS$WDTCWS_7            (abs)        00000
__CFG_WDTE$OFF                   (abs)        00000
__CFG_WRT$OFF                    (abs)        00000
__CFG_ZCD$OFF                    (abs)        00000
__Habs1                          abs1         00000
__Hbank0                         bank0        00000
__Hbank1                         bank1        00000
__Hbank10                        bank10       00000
__Hbank11                        bank11       00000
__Hbank12                        bank12       00000
__Hbank13                        bank13       00000
__Hbank14                        bank14       00000
__Hbank15                        bank15       00000
__Hbank16                        bank16       00000
__Hbank17                        bank17       00000
__Hbank18                        bank18       00000
__Hbank19                        bank19       00000
__Hbank2                         bank2        00000
__Hbank20                        bank20       00000
__Hbank21                        bank21       00000
__Hbank22                        bank22       00000
__Hbank23                        bank23       00000
__Hbank24                        bank24       00000
__Hbank25                        bank25       00000
__Hbank26                        bank26       00000
__Hbank27                        bank27       00000
__Hbank28                        bank28       00000
__Hbank29                        bank29       00000
__Hbank3                         bank3        00000
__Hbank30                        bank30       00000
__Hbank31                        bank31       00000
__Hbank4                         bank4        00000
__Hbank5                         bank5        00000
__Hbank6                         bank6        00000
__Hbank7                         bank7        00000
__Hbank8                         bank8        00000
__Hbank9                         bank9        00000
__Hbigram                        bigram       00000
__HbssBANK1                      bssBANK1     00000
__HbssBANK2                      bssBANK2     00000
__HbssBANK3                      bssBANK3     00000
__Hcinit                         cinit        00800
__Hclrtext                       clrtext      00000
__Hcode                          code         00000
__Hcommon                        common       00000
__Hconfig                        config       0800C
__HcstackBANK0                   cstackBANK0  00000
__HcstackBANK1                   cstackBANK1  00000
__HcstackCOMMON                  cstackCOMMON 00000
__HdataBANK1                     dataBANK1    00000
__HdataBANK2                     dataBANK2    00000
__Heeprom_data                   eeprom_data  00000
__Hend_init                      end_init     00004
__Hfunctab                       functab      00000
__HidataBANK1                    idataBANK1   00000
__HidataBANK2                    idataBANK2   00000
__Hidloc                         idloc        00000
__Hinit                          init         00002
__Hinittext                      inittext     00000
__Hintentry                      intentry     00002
__Hmaintext                      maintext     00000
__Hpowerup                       powerup      00000
__Hram                           ram          00000
__Hreset_vec                     reset_vec    00002
__Hsfr0                          sfr0         00000
__Hsfr1                          sfr1         00000
__Hsfr10                         sfr10        00000
__Hsfr11                         sfr11        00000
__Hsfr12                         sfr12        00000
__Hsfr13                         sfr13        00000
__Hsfr14                         sfr14        00000
__Hsfr15                         sfr15        00000
__Hsfr16                         sfr16        00000
__Hsfr17                         sfr17        00000
__Hsfr18                         sfr18        00000
__Hsfr19                         sfr19        00000
__Hsfr2                          sfr2         00000
__Hsfr20                         sfr20        00000
__Hsfr21                         sfr21        00000
__Hsfr22                         sfr22        00000
__Hsfr23                         sfr23        00000
__Hsfr24                         sfr24        00000
__Hsfr25                         sfr25        00000
__Hsfr26                         sfr26        00000
__Hsfr27                         sfr27        00000
__Hsfr28                         sfr28        00000
__Hsfr29                         sfr29        00000
__Hsfr3                          sfr3         00000
__Hsfr30                         sfr30        00000
__Hsfr31                         sfr31        00000
__Hsfr4                          sfr4         00000
__Hsfr5                          sfr5         00000
__Hsfr6                          sfr6         00000
__Hsfr7                          sfr7         00000
__Hsfr8                          sfr8         00000
__Hsfr9                          sfr9         00000
__Hspace_0                       (abs)        0800C
__Hspace_1                       (abs)        001F0
__Hspace_2                       (abs)        00000
__Hspace_3                       (abs)        00000
__Hstack                         stack        00000
__Hstrings                       strings      00000
__Hstringtext                    stringtext   00000
__Htext                          text         00000
__Labs1                          abs1         00000
__Lbank0                         bank0        00000
__Lbank1                         bank1        00000
__Lbank10                        bank10       00000
__Lbank11                        bank11       00000
__Lbank12                        bank12       00000
__Lbank13                        bank13       00000
__Lbank14                        bank14       00000
__Lbank15                        bank15       00000
__Lbank16                        bank16       00000
__Lbank17                        bank17       00000
__Lbank18                        bank18       00000
__Lbank19                        bank19       00000
__Lbank2                         bank2        00000
__Lbank20                        bank20       00000
__Lbank21                        bank21       00000
__Lbank22                        bank22       00000
__Lbank23                        bank23       00000
__Lbank24                        bank24       00000
__Lbank25                        bank25       00000
__Lbank26                        bank26       00000
__Lbank27                        bank27       00000
__Lbank28                        bank28       00000
__Lbank29                        bank29       00000
__Lbank3                         bank3        00000
__Lbank30                        bank30       00000
__Lbank31                        bank31       00000
__Lbank4                         bank4        00000
__Lbank5                         bank5        00000
__Lbank6                         bank6        00000
__Lbank7                         bank7        00000
__Lbank8                         bank8        00000
__Lbank9                         bank9        00000
__Lbigram                        bigram       00000
__LbssBANK1                      bssBANK1     00000
__LbssBANK2                      bssBANK2     00000
__LbssBANK3                      bssBANK3     00000
__Lcinit                         cinit        007D0
__Lclrtext                       clrtext      00000
__Lcode                          code         00000
__Lcommon                        common       00000
__Lconfig                        config       08007
__LcstackBANK0                   cstackBANK0  00000
__LcstackBANK1                   cstackBANK1  00000
__LcstackCOMMON                  cstackCOMMON 00000
__LdataBANK1                     dataBANK1    00000
__LdataBANK2                     dataBANK2    00000
__Leeprom_data                   eeprom_data  00000
__Lend_init                      end_init     00002
__Lfunctab                       functab      00000
__LidataBANK1                    idataBANK1   00000
__LidataBANK2                    idataBANK2   00000
__Lidloc                         idloc        00000
__Linit                          init         00002
__Linittext                      inittext     00000
__Lintentry                      intentry     00002
__Lmaintext                      maintext     00000
__Lpowerup                       powerup      00000
__Lram                           ram          00000
__Lreset_vec                     reset_vec    00000
__Lsfr0                          sfr0         00000
__Lsfr1                          sfr1         00000
__Lsfr10                         sfr10        00000
__Lsfr11                         sfr11        00000
__Lsfr12                         sfr12        00000
__Lsfr13                         sfr13        00000
__Lsfr14                         sfr14        00000
__Lsfr15                         sfr15        00000
__Lsfr16                         sfr16        00000
__Lsfr17                         sfr17        00000
__Lsfr18                         sfr18        00000
__Lsfr19                         sfr19        00000
__Lsfr2                          sfr2         00000
__Lsfr20                         sfr20        00000
__Lsfr21                         sfr21        00000
__Lsfr22                         sfr22        00000
__Lsfr23                         sfr23        00000
__Lsfr24                         sfr24        00000
__Lsfr25                         sfr25        00000
__Lsfr26                         sfr26        00000
__Lsfr27                         sfr27        00000
__Lsfr28                         sfr28        00000
__Lsfr29                         sfr29        00000
__Lsfr3                          sfr3         00000
__Lsfr30                         sfr30        00000
__Lsfr31                         sfr31        00000
__Lsfr4                          sfr4         00000
__Lsfr5                          sfr5         00000
__Lsfr6                          sfr6         00000
__Lsfr7                          sfr7         00000
__Lsfr8                          sfr8         00000
__Lsfr9                          sfr9         00000
__Lspace_0                       (abs)        00000
__Lspace_1                       (abs)        00000
__Lspace_2                       (abs)        00000
__Lspace_3                       (abs)        00000
__Lstack                         stack        00000
__Lstrings                       strings      00000
__Lstringtext                    stringtext   00000
__Ltext                          text         00000
__S0                             (abs)        0800C
__S1                             (abs)        001F0
__S2                             (abs)        00000
__S3                             (abs)        00000
___aldiv                         text12       00DA9
___aldiv@counter                 cstackBANK0  00020
___aldiv@dividend                cstackCOMMON 00074
___aldiv@divisor                 cstackCOMMON 00070
___aldiv@quotient                cstackBANK0  00022
___aldiv@sign                    cstackBANK0  00021
___awdiv                         text32       00C94
___awdiv@counter                 cstackCOMMON 00075
___awdiv@dividend                cstackCOMMON 00072
___awdiv@divisor                 cstackCOMMON 00070
___awdiv@quotient                cstackCOMMON 00077
___awdiv@sign                    cstackCOMMON 00076
___awmod                         text31       00C4F
___awmod@counter                 cstackCOMMON 00075
___awmod@dividend                cstackCOMMON 00072
___awmod@divisor                 cstackCOMMON 00070
___awmod@sign                    cstackCOMMON 00076
___awtoft                        text27       00AB6
___awtoft@c                      cstackCOMMON 00078
___awtoft@sign                   cstackCOMMON 0007D
___bmul                          text11       00A0A
___bmul@multiplicand             cstackCOMMON 00070
___bmul@multiplier               cstackCOMMON 00073
___bmul@product                  cstackCOMMON 00072
___cgram                         dataBANK2    00120
___ftadd                         text8        00245
___ftadd@exp1                    cstackBANK0  0004C
___ftadd@exp2                    cstackBANK0  0004B
___ftadd@f1                      cstackBANK0  00040
___ftadd@f2                      cstackBANK0  00043
___ftadd@sign                    cstackBANK0  0004A
___ftdiv                         text9        00F57
___ftdiv@cntr                    cstackBANK0  0003A
___ftdiv@exp                     cstackBANK0  0003E
___ftdiv@f1                      cstackBANK0  00033
___ftdiv@f2                      cstackBANK0  00030
___ftdiv@f3                      cstackBANK0  0003B
___ftdiv@sign                    cstackBANK0  0003F
___ftge                          text6        00B58
___ftge@ff1                      cstackCOMMON 00070
___ftge@ff2                      cstackCOMMON 00073
___ftmul                         text5        000C8
___ftmul@cntr                    cstackBANK0  0002E
___ftmul@exp                     cstackBANK0  0002A
___ftmul@f1                      cstackBANK0  00020
___ftmul@f2                      cstackBANK0  00023
___ftmul@f3_as_product           cstackBANK0  0002B
___ftmul@sign                    cstackBANK0  0002F
___ftpack                        text28       00D45
___ftpack@arg                    cstackCOMMON 00070
___ftpack@exp                    cstackCOMMON 00073
___ftpack@sign                   cstackCOMMON 00074
___ftsub                         text7        00A98
___ftsub@f1                      cstackBANK0  00050
___ftsub@f2                      cstackBANK0  0004D
___fttol                         text14       00EB2
___fttol@exp1                    cstackBANK1  000CF
___fttol@f1                      cstackBANK0  00069
___fttol@lval                    cstackBANK1  000CB
___fttol@sign1                   cstackBANK1  000CA
___int_sp                        stack        00000
___latbits                       (abs)        00002
___sp                            stack        00000
___wmul                          text26       00A7D
___wmul@multiplicand             cstackCOMMON 00072
___wmul@multiplier               cstackCOMMON 00070
___wmul@product                  cstackCOMMON 00074
__end_of_ADCC_Initialize         text23       00A7D
__end_of_ADCRead                 text13       009FA
__end_of_InitCustomChars         text22       00AFC
__end_of_LCD_Clear               text21       009C0
__end_of_LCD_Cmd                 text35       00018
__end_of_LCD_Init                text20       00EB2
__end_of_LCD_Port                text36       00A49
__end_of_LCD_Set_Cursor          text34       00C0D
__end_of_LCD_Write_Char          text33       00B28
__end_of_LCD_Write_Int           text30       00245
__end_of_LCD_Write_String        text29       00A63
__end_of_OSCILLATOR_Initialize   text19       009C9
__end_of_PID_Calculate           text25       00447
__end_of_PIN_MANAGER_Initialize  text18       00B58
__end_of_PWM7_LoadDutyValue      text24       00A31
__end_of_PWM_Initialize          text17       009DE
__end_of_SYSTEM_Initialize       text15       00C4F
__end_of_TMR2_Initialize         text16       009EC
__end_of___aldiv                 text12       00E2B
__end_of___awdiv                 text32       00CE5
__end_of___awmod                 text31       00C94
__end_of___awtoft                text27       00AD6
__end_of___bmul                  text11       00A1B
__end_of___ftadd                 text8        0033B
__end_of___ftdiv                 text9        01000
__end_of___ftge                  text6        00B93
__end_of___ftmul                 text5        0017C
__end_of___ftpack                text28       00DA9
__end_of___ftsub                 text7        00AB6
__end_of___fttol                 text14       00F57
__end_of___wmul                  text26       00A98
__end_of__initialization         cinit        007FD
__end_of_eval_poly               text4        00D45
__end_of_frexp                   text3        00BCE
__end_of_log                     text2        000C8
__end_of_main                    maintext     007D0
__end_of_readAnalog              text10       00676
__end_of_tempCalc                text1        0055C
__end_oflog@coeff                stringtext   0101B
__initialization                 cinit        007D0
__pbssBANK1                      bssBANK1     000A0
__pbssBANK2                      bssBANK2     00130
__pbssBANK3                      bssBANK3     001A0
__pcstackBANK0                   cstackBANK0  00020
__pcstackBANK1                   cstackBANK1  000C6
__pcstackCOMMON                  cstackCOMMON 00070
__pdataBANK1                     dataBANK1    000E4
__pdataBANK2                     dataBANK2    00120
__pidataBANK1                    idataBANK1   009C9
__pidataBANK2                    idataBANK2   009FA
__pmaintext                      maintext     00676
__pstringtext                    stringtext   01000
__ptext1                         text1        00447
__ptext10                        text10       0055C
__ptext11                        text11       00A0A
__ptext12                        text12       00DA9
__ptext13                        text13       009EC
__ptext14                        text14       00EB2
__ptext15                        text15       00C0D
__ptext16                        text16       009DE
__ptext17                        text17       009D3
__ptext18                        text18       00B28
__ptext19                        text19       009C0
__ptext2                         text2        00018
__ptext20                        text20       00E2B
__ptext21                        text21       009B8
__ptext22                        text22       00AD6
__ptext23                        text23       00A63
__ptext24                        text24       00A1B
__ptext25                        text25       0033B
__ptext26                        text26       00A7D
__ptext27                        text27       00AB6
__ptext28                        text28       00D45
__ptext29                        text29       00A49
__ptext3                         text3        00B93
__ptext30                        text30       0017C
__ptext31                        text31       00C4F
__ptext32                        text32       00C94
__ptext33                        text33       00AFC
__ptext34                        text34       00BCE
__ptext35                        text35       00004
__ptext36                        text36       00A31
__ptext4                         text4        00CE5
__ptext5                         text5        000C8
__ptext6                         text6        00B58
__ptext7                         text7        00A98
__ptext8                         text8        00245
__ptext9                         text9        00F57
__size_of_ADCC_Initialize        (abs)        00000
__size_of_ADCRead                (abs)        00000
__size_of_InitCustomChars        (abs)        00000
__size_of_LCD_Clear              (abs)        00000
__size_of_LCD_Cmd                (abs)        00000
__size_of_LCD_Init               (abs)        00000
__size_of_LCD_Port               (abs)        00000
__size_of_LCD_Set_Cursor         (abs)        00000
__size_of_LCD_Write_Char         (abs)        00000
__size_of_LCD_Write_Int          (abs)        00000
__size_of_LCD_Write_String       (abs)        00000
__size_of_OSCILLATOR_Initialize  (abs)        00000
__size_of_PID_Calculate          (abs)        00000
__size_of_PIN_MANAGER_Initialize (abs)        00000
__size_of_PWM7_LoadDutyValue     (abs)        00000
__size_of_PWM_Initialize         (abs)        00000
__size_of_SYSTEM_Initialize      (abs)        00000
__size_of_TMR2_Initialize        (abs)        00000
__size_of___aldiv                (abs)        00000
__size_of___awdiv                (abs)        00000
__size_of___awmod                (abs)        00000
__size_of___awtoft               (abs)        00000
__size_of___bmul                 (abs)        00000
__size_of___ftadd                (abs)        00000
__size_of___ftdiv                (abs)        00000
__size_of___ftge                 (abs)        00000
__size_of___ftmul                (abs)        00000
__size_of___ftpack               (abs)        00000
__size_of___ftsub                (abs)        00000
__size_of___fttol                (abs)        00000
__size_of___wmul                 (abs)        00000
__size_of_eval_poly              (abs)        00000
__size_of_frexp                  (abs)        00000
__size_of_log                    (abs)        00000
__size_of_main                   (abs)        00000
__size_of_readAnalog             (abs)        00000
__size_of_tempCalc               (abs)        00000
_channels                        dataBANK1    000E4
_derivativeValue                 bssBANK1     000B0
_errno                           bssBANK1     000B2
_error                           bssBANK1     000B4
_errorValue                      bssBANK1     000B6
_eval_poly                       text4        00CE5
_frexp                           text3        00B93
_lastSign                        bssBANK1     000B8
_log                             text2        00018
_main                            maintext     00676
_pidCount                        bssBANK1     000BA
_pidIntegrated                   bssBANK1     000BC
_pidMaxOutput                    dataBANK1    000EC
_pidMinOutput                    bssBANK1     000BE
_pidPrevError                    bssBANK1     000C0
_readAnalog                      text10       0055C
_sampleIndex                     bssBANK1     000C2
_samples                         bssBANK3     001A0
_signPositive                    bssBANK1     000C4
_tempCalc                        text1        00447
_tempCalc$984                    cstackBANK0  00063
_totals                          bssBANK1     000A0
btemp                            (abs)        0007E
clear_ram0                       clrtext      009AC
end_of_initialization            cinit        007FD
eval_poly@d                      cstackBANK0  00050
eval_poly@n                      cstackBANK0  00052
eval_poly@res                    cstackBANK0  00054
eval_poly@x                      cstackBANK0  0004D
frexp@eptr                       cstackCOMMON 00073
frexp@value                      cstackCOMMON 00070
init_ram                         inittext     009B2
intlevel0                        functab      00000
intlevel1                        functab      00000
intlevel2                        functab      00000
intlevel3                        functab      00000
intlevel4                        functab      00000
intlevel5                        functab      00000
log@coeff                        stringtext   01000
log@exponent                     cstackBANK0  0005B
log@x                            cstackBANK0  00057
ltemp                            (abs)        0007E
ltemp0                           (abs)        0007E
ltemp1                           (abs)        00082
ltemp2                           (abs)        00086
ltemp3                           (abs)        00080
main@C_or_F                      cstackBANK1  000D4
main@F13660                      bssBANK1     000A8
main@analogs                     cstackBANK1  000DF
main@bCount                      cstackBANK1  000D0
main@choice                      cstackBANK1  000D3
main@dutyCycle6                  cstackBANK1  000DD
main@dutyCycle7                  cstackBANK1  000D9
main@j                           cstackBANK1  000E3
main@loop                        cstackBANK1  000D8
main@pidPeriodCounter            cstackBANK1  000DB
main@resetDelay                  cstackBANK1  000D6
main@startDelay                  cstackBANK1  000D5
main@tPadCount                   cstackBANK1  000D7
main@x                           cstackBANK1  000D2
readAnalog@analog_channel        cstackCOMMON 00079
readAnalog@channel               cstackBANK0  00026
readAnalog@value                 cstackCOMMON 0007B
reset_vec                        reset_vec    00000
stackhi                          (abs)        023EF
stacklo                          (abs)        02140
start                            init         00002
start_initialization             cinit        007D0
tempCalc@R                       cstackBANK0  00060
tempCalc@analogValue             cstackBANK0  0005D
tempCalc@steinhart               cstackBANK0  00066
ttemp                            (abs)        0007E
ttemp0                           (abs)        0007E
ttemp1                           (abs)        00081
ttemp2                           (abs)        00084
ttemp3                           (abs)        00087
ttemp4                           (abs)        0007F
wtemp                            (abs)        0007E
wtemp0                           (abs)        0007E
wtemp1                           (abs)        00080
wtemp2                           (abs)        00082
wtemp3                           (abs)        00084
wtemp4                           (abs)        00086
wtemp5                           (abs)        00088
wtemp6                           (abs)        0007F


FUNCTION INFORMATION:

 *************** function _main *****************
 Defined at:
		line 20 in file "main.c"
 Parameters:    Size  Location     Type
		None
 Auto vars:     Size  Location     Type
  analogs         4   25[BANK1 ] unsigned int [2]
  displayTemp2    3    0        float 
  displayTemp     3    0        float 
  dutyCycle6      2   23[BANK1 ] unsigned int 
  pidPeriodCou    2   21[BANK1 ] int 
  dutyCycle7      2   19[BANK1 ] unsigned int 
  bCount          2   10[BANK1 ] unsigned int 
  j               1   29[BANK1 ] unsigned char 
  loop            1   18[BANK1 ] unsigned char 
  tPadCount       1   17[BANK1 ] unsigned char 
  resetDelay      1   16[BANK1 ] unsigned char 
  startDelay      1   15[BANK1 ] unsigned char 
  C_or_F          1   14[BANK1 ] unsigned char 
  choice          1   13[BANK1 ] unsigned char 
  x               1   12[BANK1 ] unsigned char 
 Return value:  Size  Location     Type
                  1    wreg      void 
 Registers used:
		wreg, fsr0l, fsr0h, fsr1l, fsr1h, status,2, status,0, pclath, cstack
 Tracked objects:
		On entry : 
		On exit  : 
		Unchanged: 
 Data sizes:     COMMON   BANK0   BANK1   BANK2   BANK3   BANK4   BANK5   BANK6   BANK7   BANK8   BANK9  BANK10  BANK11  BANK12
      Params:         0       0       0       0       0       0       0       0       0       0       0       0       0       0
      Locals:         0       0      20       0       0       0       0       0       0       0       0       0       0       0
      Temps:          0       3       0       0       0       0       0       0       0       0       0       0       0       0
      Totals:         0       3      20       0       0       0       0       0       0       0       0       0       0       0
Total ram usage:       23 bytes
 Hardware stack levels required when called:    5
 This function calls:
		_LCD_Clear
		_LCD_Set_Cursor
		_LCD_Write_Char
		_LCD_Write_Int
		_LCD_Write_String
		_PID_Calculate
		_PWM7_LoadDutyValue
		_SYSTEM_Initialize
		___fttol
		_readAnalog
		_tempCalc
 This function is called by:
		Startup code after reset
 This function uses a non-reentrant model


 *************** function _tempCalc *****************
 Defined at:
		line 4 in file "tempCalc.c"
 Parameters:    Size  Location     Type
  analogValue     2   61[BANK0 ] int 
 Auto vars:     Size  Location     Type
  steinhart       3   70[BANK0 ] float 
  R               3   64[BANK0 ] float 
 Return value:  Size  Location     Type
                  3   61[BANK0 ] float 
 Registers used:
		wreg, fsr0l, fsr0h, fsr1l, fsr1h, status,2, status,0, pclath, cstack
 Tracked objects:
		On entry : 
		On exit  : 
		Unchanged: 
 Data sizes:     COMMON   BANK0   BANK1   BANK2   BANK3   BANK4   BANK5   BANK6   BANK7   BANK8   BANK9  BANK10  BANK11  BANK12
      Params:         0       3       0       0       0       0       0       0       0       0       0       0       0       0
      Locals:         0       9       0       0       0       0       0       0       0       0       0       0       0       0
      Temps:          0       0       0       0       0       0       0       0       0       0       0       0       0       0
      Totals:         0      12       0       0       0       0       0       0       0       0       0       0       0       0
Total ram usage:       12 bytes
 Hardware stack levels used:    1
 Hardware stack levels required when called:    4
 This function calls:
		___awtoft
		___ftadd
		___ftdiv
		___ftmul
		___ftsub
		_log
 This function is called by:
		_main
 This function uses a non-reentrant model


 *************** function _log *****************
 Defined at:
		line 5 in file "C:\Program Files (x86)\Microchip\xc8\v1.38\sources\common\log.c"
 Parameters:    Size  Location     Type
  x               3   55[BANK0 ] float 
 Auto vars:     Size  Location     Type
  exponent        2   59[BANK0 ] int 
 Return value:  Size  Location     Type
                  3   55[BANK0 ] int 
 Registers used:
		wreg, fsr0l, fsr0h, fsr1l, fsr1h, status,2, status,0, pclath, cstack
 Tracked objects:
		On entry : 
		On exit  : 
		Unchanged: 
 Data sizes:     COMMON   BANK0   BANK1   BANK2   BANK3   BANK4   BANK5   BANK6   BANK7   BANK8   BANK9  BANK10  BANK11  BANK12
      Params:         0       3       0       0       0       0       0       0       0       0       0       0       0       0
      Locals:         0       2       0       0       0       0       0       0       0       0       0       0       0       0
      Temps:          0       1       0       0       0       0       0       0       0       0       0       0       0       0
      Totals:         0       6       0       0       0       0       0       0       0       0       0       0       0       0
Total ram usage:        6 bytes
 Hardware stack levels used:    1
 Hardware stack levels required when called:    3
 This function calls:
		___awtoft
		___ftadd
		___ftge
		___ftmul
		_eval_poly
		_frexp
 This function is called by:
		_tempCalc
 This function uses a non-reentrant model


 *************** function _frexp *****************
 Defined at:
		line 254 in file "C:\Program Files (x86)\Microchip\xc8\v1.38\sources\common\frexp.c"
 Parameters:    Size  Location     Type
  value           3    0[COMMON] int 
  eptr            1    3[COMMON] PTR int 
		 -> log@exponent(2), 
 Auto vars:     Size  Location     Type
		None
 Return value:  Size  Location     Type
                  3    0[COMMON] PTR int 
 Registers used:
		wreg, fsr1l, fsr1h, status,2, status,0
 Tracked objects:
		On entry : 
		On exit  : 
		Unchanged: 
 Data sizes:     COMMON   BANK0   BANK1   BANK2   BANK3   BANK4   BANK5   BANK6   BANK7   BANK8   BANK9  BANK10  BANK11  BANK12
      Params:         4       0       0       0       0       0       0       0       0       0       0       0       0       0
      Locals:         0       0       0       0       0       0       0       0       0       0       0       0       0       0
      Temps:          2       0       0       0       0       0       0       0       0       0       0       0       0       0
      Totals:         6       0       0       0       0       0       0       0       0       0       0       0       0       0
Total ram usage:        6 bytes
 Hardware stack levels used:    1
 This function calls:
		Nothing
 This function is called by:
		_log
 This function uses a non-reentrant model


 *************** function _eval_poly *****************
 Defined at:
		line 4 in file "C:\Program Files (x86)\Microchip\xc8\v1.38\sources\common\evalpoly.c"
 Parameters:    Size  Location     Type
  x               3   45[BANK0 ] PTR int 
  d               2   48[BANK0 ] PTR const 
		 -> log@coeff(27), 
  n               2   50[BANK0 ] int 
 Auto vars:     Size  Location     Type
  res             3   52[BANK0 ] int 
 Return value:  Size  Location     Type
                  3   45[BANK0 ] int 
 Registers used:
		wreg, fsr0l, fsr0h, status,2, status,0, pclath, cstack
 Tracked objects:
		On entry : 
		On exit  : 
		Unchanged: 
 Data sizes:     COMMON   BANK0   BANK1   BANK2   BANK3   BANK4   BANK5   BANK6   BANK7   BANK8   BANK9  BANK10  BANK11  BANK12
      Params:         0       7       0       0       0       0       0       0       0       0       0       0       0       0
      Locals:         0       3       0       0       0       0       0       0       0       0       0       0       0       0
      Temps:          0       0       0       0       0       0       0       0       0       0       0       0       0       0
      Totals:         0      10       0       0       0       0       0       0       0       0       0       0       0       0
Total ram usage:       10 bytes
 Hardware stack levels used:    1
 Hardware stack levels required when called:    2
 This function calls:
		___ftadd
		___ftmul
		___wmul
 This function is called by:
		_log
 This function uses a non-reentrant model


 *************** function ___ftmul *****************
 Defined at:
		line 62 in file "C:\Program Files (x86)\Microchip\xc8\v1.38\sources\common\ftmul.c"
 Parameters:    Size  Location     Type
  f1              3    0[BANK0 ] float 
  f2              3    3[BANK0 ] float 
 Auto vars:     Size  Location     Type
  f3_as_produc    3   11[BANK0 ] unsigned um
  sign            1   15[BANK0 ] unsigned char 
  cntr            1   14[BANK0 ] unsigned char 
  exp             1   10[BANK0 ] unsigned char 
 Return value:  Size  Location     Type
                  3    0[BANK0 ] float 
 Registers used:
		wreg, status,2, status,0, pclath, cstack
 Tracked objects:
		On entry : 
		On exit  : 
		Unchanged: 
 Data sizes:     COMMON   BANK0   BANK1   BANK2   BANK3   BANK4   BANK5   BANK6   BANK7   BANK8   BANK9  BANK10  BANK11  BANK12
      Params:         0       6       0       0       0       0       0       0       0       0       0       0       0       0
      Locals:         0       6       0       0       0       0       0       0       0       0       0       0       0       0
      Temps:          0       4       0       0       0       0       0       0       0       0       0       0       0       0
      Totals:         0      16       0       0       0       0       0       0       0       0       0       0       0       0
Total ram usage:       16 bytes
 Hardware stack levels used:    1
 Hardware stack levels required when called:    1
 This function calls:
		___ftpack
 This function is called by:
		_tempCalc
		_log
		_eval_poly
 This function uses a non-reentrant model


 *************** function ___ftge *****************
 Defined at:
		line 4 in file "C:\Program Files (x86)\Microchip\xc8\v1.38\sources\common\ftge.c"
 Parameters:    Size  Location     Type
  ff1             3    0[COMMON] float 
  ff2             3    3[COMMON] float 
 Auto vars:     Size  Location     Type
		None
 Return value:  Size  Location     Type
		None               void
 Registers used:
		wreg, status,2, status,0
 Tracked objects:
		On entry : 
		On exit  : 
		Unchanged: 
 Data sizes:     COMMON   BANK0   BANK1   BANK2   BANK3   BANK4   BANK5   BANK6   BANK7   BANK8   BANK9  BANK10  BANK11  BANK12
      Params:         6       0       0       0       0       0       0       0       0       0       0       0       0       0
      Locals:         0       0       0       0       0       0       0       0       0       0       0       0       0       0
      Temps:          3       0       0       0       0       0       0       0       0       0       0       0       0       0
      Totals:         9       0       0       0       0       0       0       0       0       0       0       0       0       0
Total ram usage:        9 bytes
 Hardware stack levels used:    1
 This function calls:
		Nothing
 This function is called by:
		_log
 This function uses a non-reentrant model


 *************** function ___ftsub *****************
 Defined at:
		line 18 in file "C:\Program Files (x86)\Microchip\xc8\v1.38\sources\common\ftsub.c"
 Parameters:    Size  Location     Type
  f2              3   45[BANK0 ] float 
  f1              3   48[BANK0 ] float 
 Auto vars:     Size  Location     Type
		None
 Return value:  Size  Location     Type
                  3   45[BANK0 ] float 
 Registers used:
		wreg, status,2, status,0, pclath, cstack
 Tracked objects:
		On entry : 
		On exit  : 
		Unchanged: 
 Data sizes:     COMMON   BANK0   BANK1   BANK2   BANK3   BANK4   BANK5   BANK6   BANK7   BANK8   BANK9  BANK10  BANK11  BANK12
      Params:         0       6       0       0       0       0       0       0       0       0       0       0       0       0
      Locals:         0       0       0       0       0       0       0       0       0       0       0       0       0       0
      Temps:          0       0       0       0       0       0       0       0       0       0       0       0       0       0
      Totals:         0       6       0       0       0       0       0       0       0       0       0       0       0       0
Total ram usage:        6 bytes
 Hardware stack levels used:    1
 Hardware stack levels required when called:    2
 This function calls:
		___ftadd
 This function is called by:
		_tempCalc
 This function uses a non-reentrant model


 *************** function ___ftadd *****************
 Defined at:
		line 86 in file "C:\Program Files (x86)\Microchip\xc8\v1.38\sources\common\ftadd.c"
 Parameters:    Size  Location     Type
  f1              3   32[BANK0 ] float 
  f2              3   35[BANK0 ] float 
 Auto vars:     Size  Location     Type
  exp1            1   44[BANK0 ] unsigned char 
  exp2            1   43[BANK0 ] unsigned char 
  sign            1   42[BANK0 ] unsigned char 
 Return value:  Size  Location     Type
                  3   32[BANK0 ] float 
 Registers used:
		wreg, status,2, status,0, pclath, cstack
 Tracked objects:
		On entry : 
		On exit  : 
		Unchanged: 
 Data sizes:     COMMON   BANK0   BANK1   BANK2   BANK3   BANK4   BANK5   BANK6   BANK7   BANK8   BANK9  BANK10  BANK11  BANK12
      Params:         0       6       0       0       0       0       0       0       0       0       0       0       0       0
      Locals:         0       3       0       0       0       0       0       0       0       0       0       0       0       0
      Temps:          0       4       0       0       0       0       0       0       0       0       0       0       0       0
      Totals:         0      13       0       0       0       0       0       0       0       0       0       0       0       0
Total ram usage:       13 bytes
 Hardware stack levels used:    1
 Hardware stack levels required when called:    1
 This function calls:
		___ftpack
 This function is called by:
		_tempCalc
		___ftsub
		_log
		_eval_poly
 This function uses a non-reentrant model


 *************** function ___ftdiv *****************
 Defined at:
		line 56 in file "C:\Program Files (x86)\Microchip\xc8\v1.38\sources\common\ftdiv.c"
 Parameters:    Size  Location     Type
  f2              3   16[BANK0 ] float 
  f1              3   19[BANK0 ] float 
 Auto vars:     Size  Location     Type
  f3              3   27[BANK0 ] float 
  sign            1   31[BANK0 ] unsigned char 
  exp             1   30[BANK0 ] unsigned char 
  cntr            1   26[BANK0 ] unsigned char 
 Return value:  Size  Location     Type
                  3   16[BANK0 ] float 
 Registers used:
		wreg, status,2, status,0, pclath, cstack
 Tracked objects:
		On entry : 
		On exit  : 
		Unchanged: 
 Data sizes:     COMMON   BANK0   BANK1   BANK2   BANK3   BANK4   BANK5   BANK6   BANK7   BANK8   BANK9  BANK10  BANK11  BANK12
      Params:         0       6       0       0       0       0       0       0       0       0       0       0       0       0
      Locals:         0       6       0       0       0       0       0       0       0       0       0       0       0       0
      Temps:          0       4       0       0       0       0       0       0       0       0       0       0       0       0
      Totals:         0      16       0       0       0       0       0       0       0       0       0       0       0       0
Total ram usage:       16 bytes
 Hardware stack levels used:    1
 Hardware stack levels required when called:    1
 This function calls:
		___ftpack
 This function is called by:
		_tempCalc
 This function uses a non-reentrant model


 *************** function _readAnalog *****************
 Defined at:
		line 38 in file "adc.c"
 Parameters:    Size  Location     Type
  channel         2    6[BANK0 ] int 
 Auto vars:     Size  Location     Type
  value           2   11[COMMON] int 
  analog_chann    2    9[COMMON] int 
 Return value:  Size  Location     Type
                  2    6[BANK0 ] int 
 Registers used:
		wreg, fsr1l, fsr1h, status,2, status,0, pclath, cstack
 Tracked objects:
		On entry : 
		On exit  : 
		Unchanged: 
 Data sizes:     COMMON   BANK0   BANK1   BANK2   BANK3   BANK4   BANK5   BANK6   BANK7   BANK8   BANK9  BANK10  BANK11  BANK12
      Params:         0       2       0       0       0       0       0       0       0       0       0       0       0       0
      Locals:         4       0       0       0       0       0       0       0       0       0       0       0       0       0
      Temps:          0      15       0       0       0       0       0       0       0       0       0       0       0       0
      Totals:         4      17       0       0       0       0       0       0       0       0       0       0       0       0
Total ram usage:       21 bytes
 Hardware stack levels used:    1
 Hardware stack levels required when called:    1
 This function calls:
		_ADCRead
		___aldiv
		___bmul
 This function is called by:
		_main
 This function uses a non-reentrant model


 *************** function ___bmul *****************
 Defined at:
		line 4 in file "C:\Program Files (x86)\Microchip\xc8\v1.38\sources\common\Umul8.c"
 Parameters:    Size  Location     Type
  multiplier      1    wreg     unsigned char 
  multiplicand    1    0[COMMON] unsigned char 
 Auto vars:     Size  Location     Type
  multiplier      1    3[COMMON] unsigned char 
  product         1    2[COMMON] unsigned char 
 Return value:  Size  Location     Type
                  1    wreg      unsigned char 
 Registers used:
		wreg, status,2, status,0
 Tracked objects:
		On entry : 
		On exit  : 
		Unchanged: 
 Data sizes:     COMMON   BANK0   BANK1   BANK2   BANK3   BANK4   BANK5   BANK6   BANK7   BANK8   BANK9  BANK10  BANK11  BANK12
      Params:         1       0       0       0       0       0       0       0       0       0       0       0       0       0
      Locals:         2       0       0       0       0       0       0       0       0       0       0       0       0       0
      Temps:          1       0       0       0       0       0       0       0       0       0       0       0       0       0
      Totals:         4       0       0       0       0       0       0       0       0       0       0       0       0       0
Total ram usage:        4 bytes
 Hardware stack levels used:    1
 This function calls:
		Nothing
 This function is called by:
		_readAnalog
 This function uses a non-reentrant model


 *************** function ___aldiv *****************
 Defined at:
		line 6 in file "C:\Program Files (x86)\Microchip\xc8\v1.38\sources\common\aldiv.c"
 Parameters:    Size  Location     Type
  divisor         4    0[COMMON] long 
  dividend        4    4[COMMON] long 
 Auto vars:     Size  Location     Type
  quotient        4    2[BANK0 ] long 
  sign            1    1[BANK0 ] unsigned char 
  counter         1    0[BANK0 ] unsigned char 
 Return value:  Size  Location     Type
                  4    0[COMMON] long 
 Registers used:
		wreg, status,2, status,0
 Tracked objects:
		On entry : 
		On exit  : 
		Unchanged: 
 Data sizes:     COMMON   BANK0   BANK1   BANK2   BANK3   BANK4   BANK5   BANK6   BANK7   BANK8   BANK9  BANK10  BANK11  BANK12
      Params:         8       0       0       0       0       0       0       0       0       0       0       0       0       0
      Locals:         0       6       0       0       0       0       0       0       0       0       0       0       0       0
      Temps:          1       0       0       0       0       0       0       0       0       0       0       0       0       0
      Totals:         9       6       0       0       0       0       0       0       0       0       0       0       0       0
Total ram usage:       15 bytes
 Hardware stack levels used:    1
 This function calls:
		Nothing
 This function is called by:
		_readAnalog
 This function uses a non-reentrant model


 *************** function _ADCRead *****************
 Defined at:
		line 20 in file "adc.c"
 Parameters:    Size  Location     Type
  channel         1    wreg     enum E13559
 Auto vars:     Size  Location     Type
  channel         1    3[COMMON] enum E13559
 Return value:  Size  Location     Type
                  2    0[COMMON] unsigned int 
 Registers used:
		wreg
 Tracked objects:
		On entry : 
		On exit  : 
		Unchanged: 
 Data sizes:     COMMON   BANK0   BANK1   BANK2   BANK3   BANK4   BANK5   BANK6   BANK7   BANK8   BANK9  BANK10  BANK11  BANK12
      Params:         3       0       0       0       0       0       0       0       0       0       0       0       0       0
      Locals:         1       0       0       0       0       0       0       0       0       0       0       0       0       0
      Temps:          0       0       0       0       0       0       0       0       0       0       0       0       0       0
      Totals:         4       0       0       0       0       0       0       0       0       0       0       0       0       0
Total ram usage:        4 bytes
 Hardware stack levels used:    1
 This function calls:
		Nothing
 This function is called by:
		_readAnalog
 This function uses a non-reentrant model


 *************** function ___fttol *****************
 Defined at:
		line 44 in file "C:\Program Files (x86)\Microchip\xc8\v1.38\sources\common\fttol.c"
 Parameters:    Size  Location     Type
  f1              3   73[BANK0 ] float 
 Auto vars:     Size  Location     Type
  lval            4    5[BANK1 ] unsigned long 
  exp1            1    9[BANK1 ] unsigned char 
  sign1           1    4[BANK1 ] unsigned char 
 Return value:  Size  Location     Type
                  4   73[BANK0 ] long 
 Registers used:
		wreg, status,2, status,0
 Tracked objects:
		On entry : 
		On exit  : 
		Unchanged: 
 Data sizes:     COMMON   BANK0   BANK1   BANK2   BANK3   BANK4   BANK5   BANK6   BANK7   BANK8   BANK9  BANK10  BANK11  BANK12
      Params:         0       4       0       0       0       0       0       0       0       0       0       0       0       0
      Locals:         0       0       6       0       0       0       0       0       0       0       0       0       0       0
      Temps:          0       0       4       0       0       0       0       0       0       0       0       0       0       0
      Totals:         0       4      10       0       0       0       0       0       0       0       0       0       0       0
Total ram usage:       14 bytes
 Hardware stack levels used:    1
 This function calls:
		Nothing
 This function is called by:
		_main
 This function uses a non-reentrant model


 *************** function _SYSTEM_Initialize *****************
 Defined at:
		line 71 in file "system.c"
 Parameters:    Size  Location     Type
		None
 Auto vars:     Size  Location     Type
		None
 Return value:  Size  Location     Type
                  1    wreg      void 
 Registers used:
		wreg, fsr1l, fsr1h, status,2, status,0, pclath, cstack
 Tracked objects:
		On entry : 
		On exit  : 
		Unchanged: 
[...]
      Params:         4       0       0       0       0       0       0       0       0       0       0       0       0       0
      Locals:         2       0       0       0       0       0       0       0       0       0       0       0       0       0
      Temps:          0       0       0       0       0       0       0       0       0       0       0       0       0       0
      Totals:         6       0       0       0       0       0       0       0       0       0       0       0       0       0
Total ram usage:        6 bytes
 Hardware stack levels used:    1
 This function calls:
		Nothing
 This function is called by:
		_PID_Calculate
		_eval_poly
 This function uses a non-reentrant model


 *************** function ___awtoft *****************
 Defined at:
		line 32 in file "C:\Program Files (x86)\Microchip\xc8\v1.38\sources\common\awtoft.c"
 Parameters:    Size  Location     Type
  c               2    8[COMMON] int 
 Auto vars:     Size  Location     Type
  sign            1   13[COMMON] unsigned char 
 Return value:  Size  Location     Type
                  3    8[COMMON] float 
 Registers used:
		wreg, status,2, status,0, pclath, cstack
 Tracked objects:
		On entry : 
		On exit  : 
		Unchanged: 
 Data sizes:     COMMON   BANK0   BANK1   BANK2   BANK3   BANK4   BANK5   BANK6   BANK7   BANK8   BANK9  BANK10  BANK11  BANK12
      Params:         3       0       0       0       0       0       0       0       0       0       0       0       0       0
      Locals:         1       0       0       0       0       0       0       0       0       0       0       0       0       0
      Temps:          2       0       0       0       0       0       0       0       0       0       0       0       0       0
      Totals:         6       0       0       0       0       0       0       0       0       0       0       0       0       0
Total ram usage:        6 bytes
 Hardware stack levels used:    1
 Hardware stack levels required when called:    1
 This function calls:
		___ftpack
 This function is called by:
		_PID_Calculate
		_tempCalc
		_log
 This function uses a non-reentrant model


 *************** function ___ftpack *****************
 Defined at:
		line 62 in file "C:\Program Files (x86)\Microchip\xc8\v1.38\sources\common\float.c"
 Parameters:    Size  Location     Type
  arg             3    0[COMMON] unsigned um
  exp             1    3[COMMON] unsigned char 
  sign            1    4[COMMON] unsigned char 
 Auto vars:     Size  Location     Type
		None
 Return value:  Size  Location     Type
                  3    0[COMMON] float 
 Registers used:
		wreg, status,2, status,0
 Tracked objects:
		On entry : 
		On exit  : 
		Unchanged: 
 Data sizes:     COMMON   BANK0   BANK1   BANK2   BANK3   BANK4   BANK5   BANK6   BANK7   BANK8   BANK9  BANK10  BANK11  BANK12
      Params:         5       0       0       0       0       0       0       0       0       0       0       0       0       0
      Locals:         0       0       0       0       0       0       0       0       0       0       0       0       0       0
      Temps:          3       0       0       0       0       0       0       0       0       0       0       0       0       0
      Totals:         8       0       0       0       0       0       0       0       0       0       0       0       0       0
Total ram usage:        8 bytes
 Hardware stack levels used:    1
 This function calls:
		Nothing
 This function is called by:
		___awtoft
		___ftadd
		___ftdiv
		___ftmul
 This function uses a non-reentrant model


 *************** function _LCD_Write_String *****************
 Defined at:
		line 239 in file "lcd.c"
 Parameters:    Size  Location     Type
  a               2    5[COMMON] PTR const unsigned char 
		 -> STR_2(9), STR_1(5), 
 Auto vars:     Size  Location     Type
  i               2    8[COMMON] int 
 Return value:  Size  Location     Type
                  1    wreg      void 
 Registers used:
		wreg, fsr0l, fsr0h, status,2, status,0, pclath, cstack
 Tracked objects:
		On entry : 
		On exit  : 
		Unchanged: 
 Data sizes:     COMMON   BANK0   BANK1   BANK2   BANK3   BANK4   BANK5   BANK6   BANK7   BANK8   BANK9  BANK10  BANK11  BANK12
      Params:         2       0       0       0       0       0       0       0       0       0       0       0       0       0
      Locals:         2       0       0       0       0       0       0       0       0       0       0       0       0       0
      Temps:          1       0       0       0       0       0       0       0       0       0       0       0       0       0
      Totals:         5       0       0       0       0       0       0       0       0       0       0       0       0       0
Total ram usage:        5 bytes
 Hardware stack levels used:    1
 Hardware stack levels required when called:    2
 This function calls:
		_LCD_Write_Char
 This function is called by:
		_main
 This function uses a non-reentrant model


 *************** function _LCD_Write_Int *****************
 Defined at:
		line 246 in file "lcd.c"
 Parameters:    Size  Location     Type
  value           2    9[COMMON] int 
  fieldLength     1   11[COMMON] char 
  numPlaces       1   12[COMMON] char 
  sign            1   13[COMMON] char 
 Auto vars:     Size  Location     Type
  str             5    5[BANK0 ] unsigned char [5]
  i               2   12[BANK0 ] int 
  j               2   10[BANK0 ] int 
 Return value:  Size  Location     Type
                  1    wreg      void 
 Registers used:
		wreg, fsr0l, fsr0h, fsr1l, fsr1h, status,2, status,0, pclath, cstack
 Tracked objects:
		On entry : 
		On exit  : 
		Unchanged: 
 Data sizes:     COMMON   BANK0   BANK1   BANK2   BANK3   BANK4   BANK5   BANK6   BANK7   BANK8   BANK9  BANK10  BANK11  BANK12
      Params:         5       0       0       0       0       0       0       0       0       0       0       0       0       0
      Locals:         0       9       0       0       0       0       0       0       0       0       0       0       0       0
      Temps:          0       5       0       0       0       0       0       0       0       0       0       0       0       0
      Totals:         5      14       0       0       0       0       0       0       0       0       0       0       0       0
Total ram usage:       19 bytes
 Hardware stack levels used:    1
 Hardware stack levels required when called:    2
 This function calls:
		_LCD_Write_Char
		___awdiv
		___awmod
 This function is called by:
		_main
 This function uses a non-reentrant model


 *************** function ___awmod *****************
 Defined at:
		line 6 in file "C:\Program Files (x86)\Microchip\xc8\v1.38\sources\common\awmod.c"
 Parameters:    Size  Location     Type
  divisor         2    0[COMMON] int 
  dividend        2    2[COMMON] int 
 Auto vars:     Size  Location     Type
  sign            1    6[COMMON] unsigned char 
  counter         1    5[COMMON] unsigned char 
 Return value:  Size  Location     Type
                  2    0[COMMON] int 
 Registers used:
		wreg, status,2, status,0
 Tracked objects:
		On entry : 
		On exit  : 
		Unchanged: 
 Data sizes:     COMMON   BANK0   BANK1   BANK2   BANK3   BANK4   BANK5   BANK6   BANK7   BANK8   BANK9  BANK10  BANK11  BANK12
      Params:         4       0       0       0       0       0       0       0       0       0       0       0       0       0
      Locals:         2       0       0       0       0       0       0       0       0       0       0       0       0       0
      Temps:          1       0       0       0       0       0       0       0       0       0       0       0       0       0
      Totals:         7       0       0       0       0       0       0       0       0       0       0       0       0       0
Total ram usage:        7 bytes
 Hardware stack levels used:    1
 This function calls:
		Nothing
 This function is called by:
		_LCD_Write_Int
 This function uses a non-reentrant model


 *************** function ___awdiv *****************
 Defined at:
		line 6 in file "C:\Program Files (x86)\Microchip\xc8\v1.38\sources\common\awdiv.c"
 Parameters:    Size  Location     Type
  divisor         2    0[COMMON] int 
  dividend        2    2[COMMON] int 
 Auto vars:     Size  Location     Type
  quotient        2    7[COMMON] int 
  sign            1    6[COMMON] unsigned char 
  counter         1    5[COMMON] unsigned char 
 Return value:  Size  Location     Type
                  2    0[COMMON] int 
 Registers used:
		wreg, status,2, status,0
 Tracked objects:
		On entry : 
		On exit  : 
		Unchanged: 
 Data sizes:     COMMON   BANK0   BANK1   BANK2   BANK3   BANK4   BANK5   BANK6   BANK7   BANK8   BANK9  BANK10  BANK11  BANK12
      Params:         4       0       0       0       0       0       0       0       0       0       0       0       0       0
      Locals:         4       0       0       0       0       0       0       0       0       0       0       0       0       0
      Temps:          1       0       0       0       0       0       0       0       0       0       0       0       0       0
      Totals:         9       0       0       0       0       0       0       0       0       0       0       0       0       0
Total ram usage:        9 bytes
 Hardware stack levels used:    1
 This function calls:
		Nothing
 This function is called by:
		_LCD_Write_Int
 This function uses a non-reentrant model


 *************** function _LCD_Write_Char *****************
 Defined at:
		line 223 in file "lcd.c"
 Parameters:    Size  Location     Type
  a               1    wreg     const unsigned char 
 Auto vars:     Size  Location     Type
  a               1    4[COMMON] const unsigned char 
  y               1    3[COMMON] unsigned char 
  temp            1    2[COMMON] unsigned char 
 Return value:  Size  Location     Type
                  1    wreg      void 
 Registers used:
		wreg, status,2, status,0, pclath, cstack
 Tracked objects:
		On entry : 
		On exit  : 
		Unchanged: 
 Data sizes:     COMMON   BANK0   BANK1   BANK2   BANK3   BANK4   BANK5   BANK6   BANK7   BANK8   BANK9  BANK10  BANK11  BANK12
      Params:         0       0       0       0       0       0       0       0       0       0       0       0       0       0
      Locals:         3       0       0       0       0       0       0       0       0       0       0       0       0       0
      Temps:          1       0       0       0       0       0       0       0       0       0       0       0       0       0
      Totals:         4       0       0       0       0       0       0       0       0       0       0       0       0       0
Total ram usage:        4 bytes
 Hardware stack levels used:    1
 Hardware stack levels required when called:    1
 This function calls:
		_LCD_Port
 This function is called by:
		_main
		_InitCustomChars
		_LCD_Write_String
		_LCD_Write_Int
 This function uses a non-reentrant model


 *************** function _LCD_Set_Cursor *****************
 Defined at:
		line 82 in file "lcd.c"
 Parameters:    Size  Location     Type
  x               1    wreg     unsigned char 
  y               1    4[COMMON] unsigned char 
 Auto vars:     Size  Location     Type
  x               1    7[COMMON] unsigned char 
  temp            1   10[COMMON] unsigned char 
  w               1    9[COMMON] unsigned char 
  z               1    8[COMMON] unsigned char 
 Return value:  Size  Location     Type
                  1    wreg      void 
 Registers used:
		wreg, status,2, status,0, pclath, cstack
 Tracked objects:
		On entry : 
		On exit  : 
		Unchanged: 
 Data sizes:     COMMON   BANK0   BANK1   BANK2   BANK3   BANK4   BANK5   BANK6   BANK7   BANK8   BANK9  BANK10  BANK11  BANK12
      Params:         1       0       0       0       0       0       0       0       0       0       0       0       0       0
      Locals:         4       0       0       0       0       0       0       0       0       0       0       0       0       0
      Temps:          2       0       0       0       0       0       0       0       0       0       0       0       0       0
      Totals:         7       0       0       0       0       0       0       0       0       0       0       0       0       0
Total ram usage:        7 bytes
 Hardware stack levels used:    1
 Hardware stack levels required when called:    2
 This function calls:
		_LCD_Cmd
 This function is called by:
		_main
 This function uses a non-reentrant model


 *************** function _LCD_Cmd *****************
 Defined at:
		line 65 in file "lcd.c"
 Parameters:    Size  Location     Type
  a               1    wreg     unsigned char 
 Auto vars:     Size  Location     Type
  a               1    3[COMMON] unsigned char 
 Return value:  Size  Location     Type
                  1    wreg      void 
 Registers used:
		wreg, status,2, status,0, pclath, cstack
 Tracked objects:
		On entry : 
		On exit  : 
		Unchanged: 
 Data sizes:     COMMON   BANK0   BANK1   BANK2   BANK3   BANK4   BANK5   BANK6   BANK7   BANK8   BANK9  BANK10  BANK11  BANK12
      Params:         0       0       0       0       0       0       0       0       0       0       0       0       0       0
      Locals:         1       0       0       0       0       0       0       0       0       0       0       0       0       0
      Temps:          2       0       0       0       0       0       0       0       0       0       0       0       0       0
      Totals:         3       0       0       0       0       0       0       0       0       0       0       0       0       0
Total ram usage:        3 bytes
 Hardware stack levels used:    1
 Hardware stack levels required when called:    1
 This function calls:
		_LCD_Port
 This function is called by:
		_InitCustomChars
		_LCD_Clear
		_LCD_Set_Cursor
		_LCD_Init
 This function uses a non-reentrant model


 *************** function _LCD_Port *****************
 Defined at:
		line 41 in file "lcd.c"
 Parameters:    Size  Location     Type
  a               1    wreg     unsigned char 
 Auto vars:     Size  Location     Type
  a               1    0[COMMON] unsigned char 
 Return value:  Size  Location     Type
                  1    wreg      void 
 Registers used:
		wreg
 Tracked objects:
		On entry : 
		On exit  : 
		Unchanged: 
 Data sizes:     COMMON   BANK0   BANK1   BANK2   BANK3   BANK4   BANK5   BANK6   BANK7   BANK8   BANK9  BANK10  BANK11  BANK12
      Params:         0       0       0       0       0       0       0       0       0       0       0       0       0       0
      Locals:         1       0       0       0       0       0       0       0       0       0       0       0       0       0
      Temps:          0       0       0       0       0       0       0       0       0       0       0       0       0       0
      Totals:         1       0       0       0       0       0       0       0       0       0       0       0       0       0
Total ram usage:        1 bytes
 Hardware stack levels used:    1
 This function calls:
		Nothing
 This function is called by:
		_LCD_Cmd
		_LCD_Init
		_LCD_Write_Char
 This function uses a non-reentrant model



MODULE INFORMATION

Module		Function		Class		Link	Load	Size
C:\Program Files (x86)\Microchip\xc8\v1.38\sources\common\log.c
		_log           		CODE           	0018	0000	177

C:\Program Files (x86)\Microchip\xc8\v1.38\sources\common\log.c estimated size: 177

C:\Program Files (x86)\Microchip\xc8\v1.38\sources\common\ftsub.c
		___ftsub       		CODE           	0A98	0000	31

C:\Program Files (x86)\Microchip\xc8\v1.38\sources\common\ftsub.c estimated size: 31

C:\Program Files (x86)\Microchip\xc8\v1.38\sources\common\float.c
		___ftpack      		CODE           	0D45	0000	101

C:\Program Files (x86)\Microchip\xc8\v1.38\sources\common\float.c estimated size: 101

C:\Program Files (x86)\Microchip\xc8\v1.38\sources\common\awmod.c
		___awmod       		CODE           	0C4F	0000	70

C:\Program Files (x86)\Microchip\xc8\v1.38\sources\common\awmod.c estimated size: 70

C:\Program Files (x86)\Microchip\xc8\v1.38\sources\common\Umul16.c
		___wmul        		CODE           	0A7D	0000	28

C:\Program Files (x86)\Microchip\xc8\v1.38\sources\common\Umul16.c estimated size: 28

C:\Program Files (x86)\Microchip\xc8\v1.38\sources\common\frexp.c
		_frexp         		CODE           	0B93	0000	60

C:\Program Files (x86)\Microchip\xc8\v1.38\sources\common\frexp.c estimated size: 60

C:\Program Files (x86)\Microchip\xc8\v1.38\sources\common\ftmul.c
		___ftmul       		CODE           	00C8	0000	181

C:\Program Files (x86)\Microchip\xc8\v1.38\sources\common\ftmul.c estimated size: 181

C:\Program Files (x86)\Microchip\xc8\v1.38\sources\common\ftdiv.c
		___ftdiv       		CODE           	0F57	0000	170

C:\Program Files (x86)\Microchip\xc8\v1.38\sources\common\ftdiv.c estimated size: 170

pwm.c
		_PWM_Initialize		CODE           	09D3	0000	12
		_PWM7_LoadDutyValue		CODE           	0A1B	0000	23

pwm.c estimated size: 35

C:\Program Files (x86)\Microchip\xc8\v1.38\sources\common\awdiv.c
		___awdiv       		CODE           	0C94	0000	82

C:\Program Files (x86)\Microchip\xc8\v1.38\sources\common\awdiv.c estimated size: 82

adc.c
		_readAnalog    		CODE           	055C	0000	283
		_ADCC_Initialize		CODE           	0A63	0000	27
		_ADCRead       		CODE           	09EC	0000	15

adc.c estimated size: 325

C:\Program Files (x86)\Microchip\xc8\v1.38\sources\common\aldiv.c
		___aldiv       		CODE           	0DA9	0000	131

C:\Program Files (x86)\Microchip\xc8\v1.38\sources\common\aldiv.c estimated size: 131

tmr2.c
		_TMR2_Initialize		CODE           	09DE	0000	15

tmr2.c estimated size: 15

C:\Program Files (x86)\Microchip\xc8\v1.38\sources\common\Umul8.c
		___bmul        		CODE           	0A0A	0000	18

C:\Program Files (x86)\Microchip\xc8\v1.38\sources\common\Umul8.c estimated size: 18

C:\Program Files (x86)\Microchip\xc8\v1.38\sources\common\fttol.c
		___fttol       		CODE           	0EB2	0000	166

C:\Program Files (x86)\Microchip\xc8\v1.38\sources\common\fttol.c estimated size: 166

shared
		__initialization		CODE           	07D0	0000	46
		log@coeff      		STRCODE        	1000	0000	28

shared estimated size: 74

tempCalc.c
		_tempCalc      		CODE           	0447	0000	278

tempCalc.c estimated size: 278

C:\Program Files (x86)\Microchip\xc8\v1.38\sources\common\awtoft.c
		___awtoft      		CODE           	0AB6	0000	33

C:\Program Files (x86)\Microchip\xc8\v1.38\sources\common\awtoft.c estimated size: 33

C:\Program Files (x86)\Microchip\xc8\v1.38\sources\common\ftadd.c
		___ftadd       		CODE           	0245	0000	247

C:\Program Files (x86)\Microchip\xc8\v1.38\sources\common\ftadd.c estimated size: 247

lcd.c
		_LCD_Init      		CODE           	0E2B	0000	136
		_LCD_Write_Char		CODE           	0AFC	0000	45
		_InitCustomChars		CODE           	0AD6	0000	39
		_LCD_Cmd       		CODE           	0004	0000	21
		_LCD_Set_Cursor		CODE           	0BCE	0000	64
		_LCD_Clear     		CODE           	09B8	0000	9
		_LCD_Port      		CODE           	0A31	0000	25
		_LCD_Write_String		CODE           	0A49	0000	27
		_LCD_Write_Int 		CODE           	017C	0000	202

lcd.c estimated size: 568

C:\Program Files (x86)\Microchip\xc8\v1.38\sources\common\evalpoly.c
		_eval_poly     		CODE           	0CE5	0000	97

C:\Program Files (x86)\Microchip\xc8\v1.38\sources\common\evalpoly.c estimated size: 97

pin_manager.c
		_PIN_MANAGER_Initialize		CODE           	0B28	0000	49

pin_manager.c estimated size: 49

main.c
		_main          		CODE           	0676	0000	347

main.c estimated size: 347

pid.c
		_PID_Calculate 		CODE           	033B	0000	269

pid.c estimated size: 269

system.c
		_OSCILLATOR_Initialize		CODE           	09C0	0000	10
		_SYSTEM_Initialize		CODE           	0C0D	0000	67

system.c estimated size: 77

C:\Program Files (x86)\Microchip\xc8\v1.38\sources\common\ftge.c
		___ftge        		CODE           	0B58	0000	60

C:\Program Files (x86)\Microchip\xc8\v1.38\sources\common\ftge.c estimated size: 60

