Microchip MPLAB XC8 Compiler V1.38 ()

Linker command line:

-W-3 --edf=C:\Program Files (x86)\Microchip\xc8\v1.38\dat\en_msgs.txt -cs \
  -h+dist/default/production\BBQ_Controller.X.production.sym \
  --cmf=dist/default/production\BBQ_Controller.X.production.cmf -z \
  -Q16F18855 -oC:\Users\DAVE\AppData\Local\Temp\s5i0.2 \
  -Mdist/default/production/BBQ_Controller.X.production.map -E1 -ver=XC8 \
  -ASTACK=02190h-0234fh -pstack=STACK -ACODE=00h-07FFhx4 \
  -ASTRCODE=00h-01FFFh -ASTRING=00h-0FFhx32 -ACONST=00h-0FFhx32 \
  -AENTRY=00h-0FFhx32 -ACOMMON=070h-07Fh -ABANK0=020h-06Fh \
  -ABANK1=0A0h-0EFh -ABANK2=0120h-016Fh -ABANK3=01A0h-01EFh \
  -ABANK4=0220h-026Fh -ABANK5=02A0h-02EFh -ABANK6=0320h-036Fh \
  -ABANK7=03A0h-03EFh -ABANK8=0420h-046Fh -ABANK9=04A0h-04EFh \
  -ABANK10=0520h-056Fh -ABANK11=05A0h-05EFh -ABANK12=0620h-064Fh \
  -ABIGRAM=02000h-023EFh \
  -ARAM=020h-06Fh,0A0h-0EFh,0120h-016Fh,01A0h-01EFh,0220h-026Fh,02A0h-02EFh,0320h-036Fh,03A0h-03EFh,0420h-046Fh,04A0h-04EFh,0520h-056Fh,05A0h-05EFh,0620h-064Fh \
  -AABS1=020h-07Fh,0A0h-0EFh,0120h-016Fh,01A0h-01EFh,0220h-026Fh,02A0h-02EFh,0320h-036Fh,03A0h-03EFh,0420h-046Fh,04A0h-04EFh,0520h-056Fh,05A0h-05EFh,0620h-064Fh \
  -ASFR0=00h-01Fh -ASFR1=080h-09Fh -ASFR2=0100h-011Fh -ASFR3=0180h-019Fh \
  -ASFR4=0200h-021Fh -ASFR5=0280h-029Fh -ASFR6=0300h-031Fh \
  -ASFR7=0380h-039Fh -ASFR8=0400h-041Fh -ASFR9=0480h-049Fh \
  -ASFR10=0500h-051Fh -ASFR11=0580h-059Fh -ASFR12=0600h-061Fh \
  -ASFR13=0680h-06EFh -ASFR14=0700h-076Fh -ASFR15=0780h-07EFh \
  -ASFR16=0800h-086Fh -ASFR17=0880h-08EFh -ASFR18=0900h-096Fh \
  -ASFR19=0980h-09EFh -ASFR20=0A00h-0A6Fh -ASFR21=0A80h-0AEFh \
  -ASFR22=0B00h-0B6Fh -ASFR23=0B80h-0BEFh -ASFR24=0C00h-0C6Fh \
  -ASFR25=0C80h-0CEFh -ASFR26=0D00h-0D6Fh -ASFR27=0D80h-0DEFh \
  -ASFR28=0E00h-0E6Fh -ASFR29=0E80h-0EEFh -ASFR30=0F00h-0F6Fh \
  -ASFR31=0F80h-0FEFh -preset_vec=00h,intentry,init,end_init -ppowerup=CODE \
  -pcinit=CODE -pfunctab=CODE -ACONFIG=08007h-0800Bh -pconfig=CONFIG \
  -DCONFIG=2 -AIDLOC=08000h-08003h -pidloc=IDLOC -DIDLOC=2 \
  -AEEDATA=00h-0FFh/0F000h -peeprom_data=EEDATA -DEEDATA=2 -DCODE=2 \
  -DSTRCODE=2 -DSTRING=2 -DCONST=2 -DENTRY=2 -k \
  C:\Users\DAVE\AppData\Local\Temp\s5i0.obj \
  dist/default/production\BBQ_Controller.X.production.obj 

Object code version is 3.11

Machine type is 16F18855



                Name                               Link     Load   Length Selector   Space Scale
C:\Users\DAVE\AppData\Local\Temp\s5i0.obj
                end_init                              2        2        2        0       0
                reset_vec                             0        0        2        0       0
                config                             8007     8007        5    1000E       0
dist/default/production\BBQ_Controller.X.production.obj
                cinit                               7B7      7B7       49      F6E       0
                text37                             17E5     17E5       1B     2FCA       0
                text36                              F25      F25       DB     1E4A       0
                text35                             176C     176C       16     2ED8       0
                text34                             17B1     17B1       1A     2F62       0
                text33                             1799     1799       18     2F32       0
                text32                             1758     1758       14     2EB0       0
                text31                              894      894       2C     1128       0
                text30                              86E      86E       26     10DC       0
                text29                             1709     1709        8     2E12       0
                text28                              BC8      BC8       87     1790       0
                text27                             1711     1711        9     2E22       0
                text26                              8C0      8C0       31     1180       0
                text25                             171A     171A        B     2E34       0
                text24                             174A     174A        E     2E94       0
                text23                              9A6      9A6       42     134C       0
                text22                              967      967       3F     12CE       0
                text21                              A2D      A2D       51     145A       0
                text20                              9E8      9E8       45     13D0       0
                text19                              E5C      E5C       C9     1CB8       0
                text18                             17CB     17CB       1A     2F96       0
                text17                             1782     1782       17     2F04       0
                text16                              3D8      3D8      174      7B0       0
                text15                              802      802        E     1004       0
                text14                                6        6       82        C       0
                text13                              29B      29B      13D      536       0
                text12                              ADE      ADE       64     15BC       0
                text11                              C4F      C4F       A9     189E       0
                text10                               88       88       F6      110       0
                text9                               810      810       1E     1020       0
                text8                               B42      B42       86     1684       0
                text7                               82E      82E       20     105C       0
                text6                               8F1      8F1       3B     11E2       0
                text5                               DA8      DA8       B4     1B50       0
                text4                               A7E      A7E       60     14FC       0
                text3                               92C      92C       3B     1258       0
                text2                               CF8      CF8       B0     19F0       0
                text1                               17E      17E      11D      2FC       0
                maintext                            54C      54C      26B      A98       0
                cstackBANK0                          20       20       50       20       1
                cstackCOMMON                         70       70        E       70       1
                cstackBANK1                          C8       C8       19       A0       1
                cstackBANK2                         120      120       50      120       1
                clrtext                            1725     1725        C     2E4A       0
                inittext                           1731     1731        C     2E62       0
                bssBANK4                            220      220       50      220       1
                dataBANK3                           1A0      1A0       20      1A0       1
                bssBANK3                            1C0      1C0        9      1A0       1
                dataBANK1                            E1       E1        D       A0       1
                bssBANK1                             A0       A0       28       A0       1
                stringtext                         1000     1000       82     2000       0
                idataBANK3                          84E      84E       20     109C       0
                idataBANK1                         173D     173D        D     2E7A       0

TOTAL           Name                               Link     Load   Length     Space
        CLASS   STACK          

        CLASS   CODE           
                end_init                              2        2        2         0
                cinit                               7B7      7B7       49         0
                reset_vec                             0        0        2         0
                text37                             17E5     17E5       1B         0
                text36                              F25      F25       DB         0
                text35                             176C     176C       16         0
                text34                             17B1     17B1       1A         0
                text33                             1799     1799       18         0
                text32                             1758     1758       14         0
                text31                              894      894       2C         0
                text30                              86E      86E       26         0
                text29                             1709     1709        8         0
                text28                              BC8      BC8       87         0
                text27                             1711     1711        9         0
                text26                              8C0      8C0       31         0
                text25                             171A     171A        B         0
                text24                             174A     174A        E         0
                text23                              9A6      9A6       42         0
                text22                              967      967       3F         0
                text21                              A2D      A2D       51         0
                text20                              9E8      9E8       45         0
                text19                              E5C      E5C       C9         0
                text18                             17CB     17CB       1A         0
                text17                             1782     1782       17         0
                text16                              3D8      3D8      174         0
                text15                              802      802        E         0
                text14                                6        6       82         0
                text13                              29B      29B      13D         0
                text12                              ADE      ADE       64         0
                text11                              C4F      C4F       A9         0
                text10                               88       88       F6         0
                text9                               810      810       1E         0
                text8                               B42      B42       86         0
                text7                               82E      82E       20         0
                text6                               8F1      8F1       3B         0
                text5                               DA8      DA8       B4         0
                text4                               A7E      A7E       60         0
                text3                               92C      92C       3B         0
                text2                               CF8      CF8       B0         0
                text1                               17E      17E      11D         0
                maintext                            54C      54C      26B         0
                clrtext                            1725     1725        C         0
                inittext                           1731     1731        C         0
                idataBANK3                          84E      84E       20         0
                idataBANK1                         173D     173D        D         0

        CLASS   STRCODE        
                stringtext                         1000     1000       82         0

        CLASS   STRING         

        CLASS   CONST          

        CLASS   ENTRY          

        CLASS   COMMON         
                cstackCOMMON                         70       70        E         1

        CLASS   BANK0          
                cstackBANK0                          20       20       50         1

        CLASS   BANK1          
                cstackBANK1                          C8       C8       19         1
                dataBANK1                            E1       E1        D         1
                bssBANK1                             A0       A0       28         1

        CLASS   BANK2          
                cstackBANK2                         120      120       50         1

        CLASS   BANK3          
                dataBANK3                           1A0      1A0       20         1
                bssBANK3                            1C0      1C0        9         1

        CLASS   BANK4          
                bssBANK4                            220      220       50         1

        CLASS   BANK5          

        CLASS   BANK6          

        CLASS   BANK7          

        CLASS   BANK8          

        CLASS   BANK9          

        CLASS   BANK10         

        CLASS   BANK11         

        CLASS   BANK12         

        CLASS   BIGRAM         

        CLASS   RAM            

        CLASS   ABS1           
                abs_s1                               7E       7E        2         1
                abs_s1                              550      550       20         1
                abs_s1                              5A0      5A0       50         1
                abs_s1                              620      620       30         1
                abs_s1                             2350     2350        0         1

        CLASS   SFR0           

        CLASS   SFR1           

        CLASS   SFR2           

        CLASS   SFR3           

        CLASS   SFR4           

        CLASS   SFR5           

        CLASS   SFR6           

        CLASS   SFR7           

        CLASS   SFR8           

        CLASS   SFR9           

        CLASS   SFR10          

        CLASS   SFR11          

        CLASS   SFR12          

        CLASS   SFR13          

        CLASS   SFR14          

        CLASS   SFR15          

        CLASS   SFR16          

        CLASS   SFR17          

        CLASS   SFR18          

        CLASS   SFR19          

        CLASS   SFR20          

        CLASS   SFR21          

        CLASS   SFR22          

        CLASS   SFR23          

        CLASS   SFR24          

        CLASS   SFR25          

        CLASS   SFR26          

        CLASS   SFR27          

        CLASS   SFR28          

        CLASS   SFR29          

        CLASS   SFR30          

        CLASS   SFR31          

        CLASS   CONFIG         
                config                             8007     8007        5         0

        CLASS   IDLOC          

        CLASS   EEDATA         

        CLASS   BANK31         

        CLASS   BANK30         

        CLASS   BANK29         

        CLASS   BANK28         

        CLASS   BANK27         

        CLASS   BANK26         

        CLASS   BANK25         

        CLASS   BANK24         

        CLASS   BANK23         

        CLASS   BANK22         

        CLASS   BANK21         

        CLASS   BANK20         

        CLASS   BANK19         

        CLASS   BANK18         

        CLASS   BANK17         

        CLASS   BANK16         

        CLASS   BANK15         

        CLASS   BANK14         

        CLASS   BANK13         



SEGMENTS        Name                           Load    Length   Top    Selector   Space  Class     Delta

                reset_vec                      000000  000004  000004         0       0  CODE        2
                text14                         000006  000082  000088         C       0  CODE        2
                cstackBANK0                    000020  000050  000070        20       1  BANK0       1
                cstackCOMMON                   000070  00000E  00007E        70       1  COMMON      1
                bssBANK1                       0000A0  00004E  0000EE        A0       1  BANK1       1
                text10                         000088  0000F6  00017E       110       0  CODE        2
                cstackBANK2                    000120  000050  000170       120       1  BANK2       1
                dataBANK3                      0001A0  000029  0001C9       1A0       1  BANK3       1
                bssBANK4                       000220  000050  000270       220       1  BANK4       1
                text1                          00017E  00011D  00029B       2FC       0  CODE        2
                text13                         00029B  00013D  0003D8       536       0  CODE        2
                text16                         0003D8  000174  00054C       7B0       0  CODE        2
                maintext                       00054C  00026B  0007B7       A98       0  CODE        2
                cinit                          0007B7  000049  000800       F6E       0  CODE        2
                text15                         000802  00000E  000810      1004       0  CODE        2
                text9                          000810  00001E  00082E      1020       0  CODE        2
                text7                          00082E  000020  00084E      105C       0  CODE        2
                idataBANK3                     00084E  000020  00086E      109C       0  CODE        2
                text30                         00086E  000026  000894      10DC       0  CODE        2
                text31                         000894  00002C  0008C0      1128       0  CODE        2
                text26                         0008C0  000031  0008F1      1180       0  CODE        2
                text6                          0008F1  00003B  00092C      11E2       0  CODE        2
                text3                          00092C  00003B  000967      1258       0  CODE        2
                text22                         000967  00003F  0009A6      12CE       0  CODE        2
                text23                         0009A6  000042  0009E8      134C       0  CODE        2
                text20                         0009E8  000045  000A2D      13D0       0  CODE        2
                text21                         000A2D  000051  000A7E      145A       0  CODE        2
                text4                          000A7E  000060  000ADE      14FC       0  CODE        2
                text12                         000ADE  000064  000B42      15BC       0  CODE        2
                text8                          000B42  000086  000BC8      1684       0  CODE        2
                text28                         000BC8  000087  000C4F      1790       0  CODE        2
                text11                         000C4F  0000A9  000CF8      189E       0  CODE        2
                text2                          000CF8  0000B0  000DA8      19F0       0  CODE        2
                text5                          000DA8  0000B4  000E5C      1B50       0  CODE        2
                text19                         000E5C  0000C9  000F25      1CB8       0  CODE        2
                text36                         000F25  0000DB  001000      1E4A       0  CODE        2
                stringtext                     001000  000082  001082      2000       0  STRCODE     2
                text29                         001709  000008  001711      2E12       0  CODE        2
                text27                         001711  000009  00171A      2E22       0  CODE        2
                text25                         00171A  00000B  001725      2E34       0  CODE        2
                clrtext                        001725  00000C  001731      2E4A       0  CODE        2
                inittext                       001731  00000C  00173D      2E62       0  CODE        2
                idataBANK1                     00173D  00000D  00174A      2E7A       0  CODE        2
                text24                         00174A  00000E  001758      2E94       0  CODE        2
                text32                         001758  000014  00176C      2EB0       0  CODE        2
                text35                         00176C  000016  001782      2ED8       0  CODE        2
                text17                         001782  000017  001799      2F04       0  CODE        2
                text33                         001799  000018  0017B1      2F32       0  CODE        2
                text34                         0017B1  00001A  0017CB      2F62       0  CODE        2
                text18                         0017CB  00001A  0017E5      2F96       0  CODE        2
                text37                         0017E5  00001B  001800      2FCA       0  CODE        2
                config                         008007  000005  00800C     1000E       0  CONFIG      2


UNUSED ADDRESS RANGES

        Name                Unused          Largest block    Delta
        BANK1            000EE-000EF               2           1
        BANK10           00520-0054F              30           1
        BANK3            001C9-001EF              27           1
        BANK5            002A0-002EF              50           1
        BANK6            00320-0036F              50           1
        BANK7            003A0-003EF              50           1
        BANK8            00420-0046F              50           1
        BANK9            004A0-004EF              50           1
        BIGRAM           02000-023EF             3F0           1
        CODE             00004-00005               2           2
                         00800-00801               2
                         01082-01708             687
                         01800-01FFF             800
        CONST            00004-00005               2           2
                         00800-00801               2
                         01082-01708             100
                         01800-01FFF             100
        EEDATA           0F000-0F0FF             100           2
        ENTRY            00004-00005               2           2
                         00800-00801               2
                         01082-01708             100
                         01800-01FFF             100
        IDLOC            08000-08003               4           2
        RAM              000EE-000EF               2           1
                         001C9-001EF              27
                         002A0-002EF              50
                         00320-0036F              50
                         003A0-003EF              50
                         00420-0046F              50
                         004A0-004EF              50
                         00520-0054F              30
        SFR0             00000-0001F              20           1
        SFR1             00080-0009F              20           1
        SFR10            00500-0051F              20           1
        SFR11            00580-0059F              20           1
        SFR12            00600-0061F              20           1
        SFR13            00680-006EF              70           1
        SFR14            00700-0076F              70           1
        SFR15            00780-007EF              70           1
        SFR16            00800-0086F              70           1
        SFR17            00880-008EF              70           1
        SFR18            00900-0096F              70           1
        SFR19            00980-009EF              70           1
        SFR2             00100-0011F              20           1
        SFR20            00A00-00A6F              70           1
        SFR21            00A80-00AEF              70           1
        SFR22            00B00-00B6F              70           1
        SFR23            00B80-00BEF              70           1
        SFR24            00C00-00C6F              70           1
        SFR25            00C80-00CEF              70           1
        SFR26            00D00-00D6F              70           1
        SFR27            00D80-00DEF              70           1
        SFR28            00E00-00E6F              70           1
        SFR29            00E80-00EEF              70           1
        SFR3             00180-0019F              20           1
        SFR30            00F00-00F6F              70           1
        SFR31            00F80-00FEF              70           1
        SFR4             00200-0021F              20           1
        SFR5             00280-0029F              20           1
        SFR6             00300-0031F              20           1
        SFR7             00380-0039F              20           1
        SFR8             00400-0041F              20           1
        SFR9             00480-0049F              20           1
        STACK            02190-0234F             1C0           1
        STRCODE          00004-00005               2           2
                         00800-00801               2
                         01082-01708             687
                         01800-01FFF             800
        STRING           00004-00005               2           2
                         00800-00801               2
                         01082-01708             100
                         01800-01FFF             100

                                  Symbol Table

?_ADCRead                        cstackCOMMON 00070
?_PID_Calculate                  cstackCOMMON 00076
?___aldiv                        cstackCOMMON 00070
?___awdiv                        cstackCOMMON 00070
?___awmod                        cstackCOMMON 00070
?___awtoft                       cstackCOMMON 00078
?___ftadd                        cstackBANK0  00040
?___ftdiv                        cstackBANK0  00030
?___ftmul                        cstackBANK0  00020
?___ftpack                       cstackCOMMON 00070
?___ftsub                        cstackBANK0  0004D
?___fttol                        cstackCOMMON 00070
?___wmul                         cstackCOMMON 00070
?_eval_poly                      cstackBANK0  0004D
?_frexp                          cstackCOMMON 00070
?_log                            cstackBANK0  00057
?_readAnalog                     cstackBANK0  00026
?_tempCalc                       cstackBANK0  0005D
ADCRead@channel                  cstackCOMMON 00073
InitCustomChars@i                cstackCOMMON 00076
LCD_Cmd@a                        cstackCOMMON 00073
LCD_Init@style                   cstackCOMMON 00077
LCD_Port@a                       cstackCOMMON 00070
LCD_Set_Cursor@temp              cstackCOMMON 0007A
LCD_Set_Cursor@w                 cstackCOMMON 00079
LCD_Set_Cursor@x                 cstackCOMMON 00077
LCD_Set_Cursor@y                 cstackCOMMON 00074
LCD_Set_Cursor@z                 cstackCOMMON 00078
LCD_Write_Char@a                 cstackCOMMON 00074
LCD_Write_Char@temp              cstackCOMMON 00072
LCD_Write_Char@y                 cstackCOMMON 00073
LCD_Write_Int@F13694             bssBANK3     001C0
LCD_Write_Int@fieldLength        cstackCOMMON 0007B
LCD_Write_Int@i                  cstackBANK0  0002C
LCD_Write_Int@j                  cstackBANK0  0002A
LCD_Write_Int@numPlaces          cstackCOMMON 0007C
LCD_Write_Int@sign               cstackCOMMON 0007D
LCD_Write_Int@str                cstackBANK0  00025
LCD_Write_Int@value              cstackCOMMON 00079
LCD_Write_String@a               cstackCOMMON 00075
LCD_Write_String@i               cstackCOMMON 00078
PID_Calculate@setpoint           cstackCOMMON 00076
PID_Calculate@temp               cstackCOMMON 00078
PIN_MANAGER_Initialize@state     cstackCOMMON 00070
PWM7_LoadDutyValue@dutyCycle7    cstackCOMMON 00070
_ADACQ                           (abs)        0009D
_ADACT                           (abs)        00099
_ADCAP                           (abs)        0009B
_ADCC_Initialize                 text34       017B1
_ADCLK                           (abs)        00098
_ADCON0                          (abs)        00093
_ADCON0bits                      (abs)        00093
_ADCON1                          (abs)        00094
_ADCON2                          (abs)        00095
_ADCON3                          (abs)        00096
_ADCRead                         text15       00802
_ADLTHH                          (abs)        0010F
_ADLTHL                          (abs)        0010E
_ADPCH                           (abs)        0009E
_ADPRE                           (abs)        0009C
_ADREF                           (abs)        0009A
_ADRESH                          (abs)        0008D
_ADRESL                          (abs)        0008C
_ADRPT                           (abs)        0010D
_ADSTAT                          (abs)        00097
_ADSTPTH                         (abs)        00113
_ADSTPTL                         (abs)        00112
_ADUTHH                          (abs)        00111
_ADUTHL                          (abs)        00110
_ANSELA                          (abs)        00F38
_ANSELB                          (abs)        00F43
_ANSELC                          (abs)        00F4E
_CCPTMRS1bits                    (abs)        0021F
_FVRCON                          (abs)        0090C
_GIE                             (abs)        0005F
_InitCustomChars                 text30       0086E
_Kd                              dataBANK1    000E5
_Ki                              dataBANK1    000E7
_Kp                              dataBANK1    000E9
_LATA                            (abs)        00016
_LATB                            (abs)        00017
_LATC                            (abs)        00018
_LATC2                           (abs)        000C2
_LCD_Clear                       text29       01709
_LCD_Cmd                         text32       01758
_LCD_Init                        text28       00BC8
_LCD_Port                        text33       01799
_LCD_Set_Cursor                  text22       00967
_LCD_Write_Char                  text31       00894
_LCD_Write_Int                   text19       00E5C
_LCD_Write_String                text18       017CB
_OSCCON1                         (abs)        0088D
_OSCCON3                         (abs)        0088F
_OSCEN                           (abs)        00891
_OSCFRQ                          (abs)        00893
_OSCILLATOR_Initialize           text27       01711
_OSCTUNE                         (abs)        00892
_PID_Calculate                   text36       00F25
_PIE0bits                        (abs)        00716
_PIN_MANAGER_Initialize          text26       008C0
_PIR4bits                        (abs)        00710
_PPSLOCK                         (abs)        00E8F
_PPSLOCKbits                     (abs)        00E8F
_PWM7CON                         (abs)        00392
_PWM7DCH                         (abs)        00391
_PWM7DCL                         (abs)        00390
_PWM7_LoadDutyValue              text35       0176C
_PWM_Initialize                  text25       0171A
_RA0                             (abs)        00060
_RA2                             (abs)        00062
_RA6                             (abs)        00066
_RA7                             (abs)        00067
_RB0                             (abs)        00068
_RB1                             (abs)        00069
_RB2                             (abs)        0006A
_RC0                             (abs)        00070
_RC1                             (abs)        00071
_RC3PPS                          (abs)        00F23
_Result                          bssBANK1     000A8
_SYSTEM_Initialize               text23       009A6
_T2CLKCON                        (abs)        00290
_T2CON                           (abs)        0028E
_T2CONbits                       (abs)        0028E
_T2HLT                           (abs)        0028F
_T2PR                            (abs)        0028D
_T2RST                           (abs)        00291
_T2TMR                           (abs)        0028C
_TMR2_Initialize                 text24       0174A
_TRISA                           (abs)        00011
_TRISB                           (abs)        00012
_TRISC                           (abs)        00013
_WPUA                            (abs)        00F39
_WPUB                            (abs)        00F44
_WPUC                            (abs)        00F4F
_WPUE                            (abs)        00F65
__CFG_BOREN$ON                   (abs)        00000
__CFG_BORV$LO                    (abs)        00000
__CFG_CLKOUTEN$OFF               (abs)        00000
__CFG_CP$OFF                     (abs)        00000
__CFG_CPD$OFF                    (abs)        00000
__CFG_CSWEN$ON                   (abs)        00000
__CFG_FCMEN$ON                   (abs)        00000
__CFG_FEXTOSC$OFF                (abs)        00000
__CFG_LPBOREN$OFF                (abs)        00000
__CFG_LVP$ON                     (abs)        00000
__CFG_MCLRE$ON                   (abs)        00000
__CFG_PPS1WAY$ON                 (abs)        00000
__CFG_PWRTE$OFF                  (abs)        00000
__CFG_RSTOSC$HFINT32             (abs)        00000
__CFG_SCANE$not_available        (abs)        00000
__CFG_STVREN$ON                  (abs)        00000
__CFG_WDTCCS$SC                  (abs)        00000
__CFG_WDTCPS$WDTCPS_31           (abs)        00000
__CFG_WDTCWS$WDTCWS_7            (abs)        00000
__CFG_WDTE$OFF                   (abs)        00000
__CFG_WRT$OFF                    (abs)        00000
__CFG_ZCD$OFF                    (abs)        00000
__Habs1                          abs1         00000
__Hbank0                         bank0        00000
__Hbank1                         bank1        00000
__Hbank10                        bank10       00000
__Hbank11                        bank11       00000
__Hbank12                        bank12       00000
__Hbank13                        bank13       00000
__Hbank14                        bank14       00000
__Hbank15                        bank15       00000
__Hbank16                        bank16       00000
__Hbank17                        bank17       00000
__Hbank18                        bank18       00000
__Hbank19                        bank19       00000
__Hbank2                         bank2        00000
__Hbank20                        bank20       00000
__Hbank21                        bank21       00000
__Hbank22                        bank22       00000
__Hbank23                        bank23       00000
__Hbank24                        bank24       00000
__Hbank25                        bank25       00000
__Hbank26                        bank26       00000
__Hbank27                        bank27       00000
__Hbank28                        bank28       00000
__Hbank29                        bank29       00000
__Hbank3                         bank3        00000
__Hbank30                        bank30       00000
__Hbank31                        bank31       00000
__Hbank4                         bank4        00000
__Hbank5                         bank5        00000
__Hbank6                         bank6        00000
__Hbank7                         bank7        00000
__Hbank8                         bank8        00000
__Hbank9                         bank9        00000
__Hbigram                        bigram       00000
__HbssBANK1                      bssBANK1     00000
__HbssBANK3                      bssBANK3     00000
__HbssBANK4                      bssBANK4     00000
__Hcinit                         cinit        00800
__Hclrtext                       clrtext      00000
__Hcode                          code         00000
__Hcommon                        common       00000
__Hconfig                        config       0800C
__HcstackBANK0                   cstackBANK0  00000
__HcstackBANK1                   cstackBANK1  00000
__HcstackBANK2                   cstackBANK2  00000
__HcstackCOMMON                  cstackCOMMON 00000
__HdataBANK1                     dataBANK1    00000
__HdataBANK3                     dataBANK3    00000
__Heeprom_data                   eeprom_data  00000
__Hend_init                      end_init     00004
__Hfunctab                       functab      00000
__HidataBANK1                    idataBANK1   00000
__HidataBANK3                    idataBANK3   00000
__Hidloc                         idloc        00000
__Hinit                          init         00002
__Hinittext                      inittext     00000
__Hintentry                      intentry     00002
__Hmaintext                      maintext     00000
__Hpowerup                       powerup      00000
__Hram                           ram          00000
__Hreset_vec                     reset_vec    00002
__Hsfr0                          sfr0         00000
__Hsfr1                          sfr1         00000
__Hsfr10                         sfr10        00000
__Hsfr11                         sfr11        00000
__Hsfr12                         sfr12        00000
__Hsfr13                         sfr13        00000
__Hsfr14                         sfr14        00000
__Hsfr15                         sfr15        00000
__Hsfr16                         sfr16        00000
__Hsfr17                         sfr17        00000
__Hsfr18                         sfr18        00000
__Hsfr19                         sfr19        00000
__Hsfr2                          sfr2         00000
__Hsfr20                         sfr20        00000
__Hsfr21                         sfr21        00000
__Hsfr22                         sfr22        00000
__Hsfr23                         sfr23        00000
__Hsfr24                         sfr24        00000
__Hsfr25                         sfr25        00000
__Hsfr26                         sfr26        00000
__Hsfr27                         sfr27        00000
__Hsfr28                         sfr28        00000
__Hsfr29                         sfr29        00000
__Hsfr3                          sfr3         00000
__Hsfr30                         sfr30        00000
__Hsfr31                         sfr31        00000
__Hsfr4                          sfr4         00000
__Hsfr5                          sfr5         00000
__Hsfr6                          sfr6         00000
__Hsfr7                          sfr7         00000
__Hsfr8                          sfr8         00000
__Hsfr9                          sfr9         00000
__Hspace_0                       (abs)        0800C
__Hspace_1                       (abs)        00270
__Hspace_2                       (abs)        00000
__Hspace_3                       (abs)        00000
__Hstack                         stack        00000
__Hstrings                       strings      00000
__Hstringtext                    stringtext   00000
__Htext                          text         00000
__Labs1                          abs1         00000
__Lbank0                         bank0        00000
__Lbank1                         bank1        00000
__Lbank10                        bank10       00000
__Lbank11                        bank11       00000
__Lbank12                        bank12       00000
__Lbank13                        bank13       00000
__Lbank14                        bank14       00000
__Lbank15                        bank15       00000
__Lbank16                        bank16       00000
__Lbank17                        bank17       00000
__Lbank18                        bank18       00000
__Lbank19                        bank19       00000
__Lbank2                         bank2        00000
__Lbank20                        bank20       00000
__Lbank21                        bank21       00000
__Lbank22                        bank22       00000
__Lbank23                        bank23       00000
__Lbank24                        bank24       00000
__Lbank25                        bank25       00000
__Lbank26                        bank26       00000
__Lbank27                        bank27       00000
__Lbank28                        bank28       00000
__Lbank29                        bank29       00000
__Lbank3                         bank3        00000
__Lbank30                        bank30       00000
__Lbank31                        bank31       00000
__Lbank4                         bank4        00000
__Lbank5                         bank5        00000
__Lbank6                         bank6        00000
__Lbank7                         bank7        00000
__Lbank8                         bank8        00000
__Lbank9                         bank9        00000
__Lbigram                        bigram       00000
__LbssBANK1                      bssBANK1     00000
__LbssBANK3                      bssBANK3     00000
__LbssBANK4                      bssBANK4     00000
__Lcinit                         cinit        007B7
__Lclrtext                       clrtext      00000
__Lcode                          code         00000
__Lcommon                        common       00000
__Lconfig                        config       08007
__LcstackBANK0                   cstackBANK0  00000
__LcstackBANK1                   cstackBANK1  00000
__LcstackBANK2                   cstackBANK2  00000
__LcstackCOMMON                  cstackCOMMON 00000
__LdataBANK1                     dataBANK1    00000
__LdataBANK3                     dataBANK3    00000
__Leeprom_data                   eeprom_data  00000
__Lend_init                      end_init     00002
__Lfunctab                       functab      00000
__LidataBANK1                    idataBANK1   00000
__LidataBANK3                    idataBANK3   00000
__Lidloc                         idloc        00000
__Linit                          init         00002
__Linittext                      inittext     00000
__Lintentry                      intentry     00002
__Lmaintext                      maintext     00000
__Lpowerup                       powerup      00000
__Lram                           ram          00000
__Lreset_vec                     reset_vec    00000
__Lsfr0                          sfr0         00000
__Lsfr1                          sfr1         00000
__Lsfr10                         sfr10        00000
__Lsfr11                         sfr11        00000
__Lsfr12                         sfr12        00000
__Lsfr13                         sfr13        00000
__Lsfr14                         sfr14        00000
__Lsfr15                         sfr15        00000
__Lsfr16                         sfr16        00000
__Lsfr17                         sfr17        00000
__Lsfr18                         sfr18        00000
__Lsfr19                         sfr19        00000
__Lsfr2                          sfr2         00000
__Lsfr20                         sfr20        00000
__Lsfr21                         sfr21        00000
__Lsfr22                         sfr22        00000
__Lsfr23                         sfr23        00000
__Lsfr24                         sfr24        00000
__Lsfr25                         sfr25        00000
__Lsfr26                         sfr26        00000
__Lsfr27                         sfr27        00000
__Lsfr28                         sfr28        00000
__Lsfr29                         sfr29        00000
__Lsfr3                          sfr3         00000
__Lsfr30                         sfr30        00000
__Lsfr31                         sfr31        00000
__Lsfr4                          sfr4         00000
__Lsfr5                          sfr5         00000
__Lsfr6                          sfr6         00000
__Lsfr7                          sfr7         00000
__Lsfr8                          sfr8         00000
__Lsfr9                          sfr9         00000
__Lspace_0                       (abs)        00000
__Lspace_1                       (abs)        00000
__Lspace_2                       (abs)        00000
__Lspace_3                       (abs)        00000
__Lstack                         stack        00000
__Lstrings                       strings      00000
__Lstringtext                    stringtext   00000
__Ltext                          text         00000
__S0                             (abs)        0800C
__S1                             (abs)        00270
__S2                             (abs)        00000
__S3                             (abs)        00000
___aldiv                         text14       00006
___aldiv@counter                 cstackBANK0  00020
___aldiv@dividend                cstackCOMMON 00074
___aldiv@divisor                 cstackCOMMON 00070
___aldiv@quotient                cstackBANK0  00022
___aldiv@sign                    cstackBANK0  00021
___awdiv                         text21       00A2D
___awdiv@counter                 cstackCOMMON 00075
___awdiv@dividend                cstackCOMMON 00072
___awdiv@divisor                 cstackCOMMON 00070
___awdiv@quotient                cstackCOMMON 00077
___awdiv@sign                    cstackCOMMON 00076
___awmod                         text20       009E8
___awmod@counter                 cstackCOMMON 00075
___awmod@dividend                cstackCOMMON 00072
___awmod@divisor                 cstackCOMMON 00070
___awmod@sign                    cstackCOMMON 00076
___awtoft                        text7        0082E
___awtoft@c                      cstackCOMMON 00078
___awtoft@sign                   cstackCOMMON 0007D
___cgram                         dataBANK3    001A0
___ftadd                         text10       00088
___ftadd@exp1                    cstackBANK0  0004C
___ftadd@exp2                    cstackBANK0  0004B
___ftadd@f1                      cstackBANK0  00040
___ftadd@f2                      cstackBANK0  00043
___ftadd@sign                    cstackBANK0  0004A
___ftdiv                         text11       00C4F
___ftdiv@cntr                    cstackBANK0  0003A
___ftdiv@exp                     cstackBANK0  0003E
___ftdiv@f1                      cstackBANK0  00033
___ftdiv@f2                      cstackBANK0  00030
___ftdiv@f3                      cstackBANK0  0003B
___ftdiv@sign                    cstackBANK0  0003F
___ftge                          text6        008F1
___ftge@ff1                      cstackCOMMON 00070
___ftge@ff2                      cstackCOMMON 00073
___ftmul                         text5        00DA8
___ftmul@cntr                    cstackBANK0  0002E
___ftmul@exp                     cstackBANK0  0002A
___ftmul@f1                      cstackBANK0  00020
___ftmul@f2                      cstackBANK0  00023
___ftmul@f3_as_product           cstackBANK0  0002B
___ftmul@sign                    cstackBANK0  0002F
___ftpack                        text12       00ADE
___ftpack@arg                    cstackCOMMON 00070
___ftpack@exp                    cstackCOMMON 00073
___ftpack@sign                   cstackCOMMON 00074
___ftsub                         text9        00810
___ftsub@f1                      cstackBANK0  00050
___ftsub@f2                      cstackBANK0  0004D
___fttol                         text8        00B42
___fttol@exp1                    cstackCOMMON 0007D
___fttol@f1                      cstackCOMMON 00070
___fttol@lval                    cstackCOMMON 00079
___fttol@sign1                   cstackCOMMON 00078
___int_sp                        stack        00000
___latbits                       (abs)        00002
___sp                            stack        00000
___wmul                          text37       017E5
___wmul@multiplicand             cstackCOMMON 00072
___wmul@multiplier               cstackCOMMON 00070
___wmul@product                  cstackCOMMON 00074
__end_of_ADCC_Initialize         text34       017CB
__end_of_ADCRead                 text15       00810
__end_of_InitCustomChars         text30       00894
__end_of_LCD_Clear               text29       01711
__end_of_LCD_Cmd                 text32       0176C
__end_of_LCD_Init                text28       00C4F
__end_of_LCD_Port                text33       017B1
__end_of_LCD_Set_Cursor          text22       009A6
__end_of_LCD_Write_Char          text31       008C0
__end_of_LCD_Write_Int           text19       00F25
__end_of_LCD_Write_String        text18       017E5
__end_of_OSCILLATOR_Initialize   text27       0171A
__end_of_PID_Calculate           text36       01000
__end_of_PIN_MANAGER_Initialize  text26       008F1
__end_of_PWM7_LoadDutyValue      text35       01782
__end_of_PWM_Initialize          text25       01725
__end_of_SYSTEM_Initialize       text23       009E8
__end_of_TMR2_Initialize         text24       01758
__end_of___aldiv                 text14       00088
__end_of___awdiv                 text21       00A7E
__end_of___awmod                 text20       00A2D
__end_of___awtoft                text7        0084E
__end_of___ftadd                 text10       0017E
__end_of___ftdiv                 text11       00CF8
__end_of___ftge                  text6        0092C
__end_of___ftmul                 text5        00E5C
__end_of___ftpack                text12       00B42
__end_of___ftsub                 text9        0082E
__end_of___fttol                 text8        00BC8
__end_of___wmul                  text37       01800
__end_of__initialization         cinit        007FD
__end_of_eval_poly               text4        00ADE
__end_of_frexp                   text3        00967
__end_of_log                     text2        00DA8
__end_of_main                    maintext     007B7
__end_of_menuChoice              text16       0054C
__end_of_readAnalog              text13       003D8
__end_of_readKey                 text17       01799
__end_of_tempCalc                text1        0029B
__end_oflog@coeff                stringtext   0101B
__initialization                 cinit        007B7
__pbssBANK1                      bssBANK1     000A0
__pbssBANK3                      bssBANK3     001C0
__pbssBANK4                      bssBANK4     00220
__pbssBIGRAM                     (abs)        02350
__pcstackBANK0                   cstackBANK0  00020
__pcstackBANK1                   cstackBANK1  000C8
__pcstackBANK2                   cstackBANK2  00120
__pcstackCOMMON                  cstackCOMMON 00070
__pdataBANK1                     dataBANK1    000E1
__pdataBANK3                     dataBANK3    001A0
__pidataBANK1                    idataBANK1   0173D
__pidataBANK3                    idataBANK3   0084E
__pmaintext                      maintext     0054C
__pstringtext                    stringtext   01000
__ptext1                         text1        0017E
__ptext10                        text10       00088
__ptext11                        text11       00C4F
__ptext12                        text12       00ADE
__ptext13                        text13       0029B
__ptext14                        text14       00006
__ptext15                        text15       00802
__ptext16                        text16       003D8
__ptext17                        text17       01782
__ptext18                        text18       017CB
__ptext19                        text19       00E5C
__ptext2                         text2        00CF8
__ptext20                        text20       009E8
__ptext21                        text21       00A2D
__ptext22                        text22       00967
__ptext23                        text23       009A6
__ptext24                        text24       0174A
__ptext25                        text25       0171A
__ptext26                        text26       008C0
__ptext27                        text27       01711
__ptext28                        text28       00BC8
__ptext29                        text29       01709
__ptext3                         text3        0092C
__ptext30                        text30       0086E
__ptext31                        text31       00894
__ptext32                        text32       01758
__ptext33                        text33       01799
__ptext34                        text34       017B1
__ptext35                        text35       0176C
__ptext36                        text36       00F25
__ptext37                        text37       017E5
__ptext4                         text4        00A7E
__ptext5                         text5        00DA8
__ptext6                         text6        008F1
__ptext7                         text7        0082E
__ptext8                         text8        00B42
__ptext9                         text9        00810
__size_of_ADCC_Initialize        (abs)        00000
__size_of_ADCRead                (abs)        00000
__size_of_InitCustomChars        (abs)        00000
__size_of_LCD_Clear              (abs)        00000
__size_of_LCD_Cmd                (abs)        00000
__size_of_LCD_Init               (abs)        00000
__size_of_LCD_Port               (abs)        00000
__size_of_LCD_Set_Cursor         (abs)        00000
__size_of_LCD_Write_Char         (abs)        00000
__size_of_LCD_Write_Int          (abs)        00000
__size_of_LCD_Write_String       (abs)        00000
__size_of_OSCILLATOR_Initialize  (abs)        00000
__size_of_PID_Calculate          (abs)        00000
__size_of_PIN_MANAGER_Initialize (abs)        00000
__size_of_PWM7_LoadDutyValue     (abs)        00000
__size_of_PWM_Initialize         (abs)        00000
__size_of_SYSTEM_Initialize      (abs)        00000
__size_of_TMR2_Initialize        (abs)        00000
__size_of___aldiv                (abs)        00000
__size_of___awdiv                (abs)        00000
__size_of___awmod                (abs)        00000
__size_of___awtoft               (abs)        00000
__size_of___ftadd                (abs)        00000
__size_of___ftdiv                (abs)        00000
__size_of___ftge                 (abs)        00000
__size_of___ftmul                (abs)        00000
__size_of___ftpack               (abs)        00000
__size_of___ftsub                (abs)        00000
__size_of___fttol                (abs)        00000
__size_of___wmul                 (abs)        00000
__size_of_eval_poly              (abs)        00000
__size_of_frexp                  (abs)        00000
__size_of_log                    (abs)        00000
__size_of_main                   (abs)        00000
__size_of_menuChoice             (abs)        00000
__size_of_readAnalog             (abs)        00000
__size_of_readKey                (abs)        00000
__size_of_tempCalc               (abs)        00000
_channels                        dataBANK3    001B0
_choice                          bssBANK1     000C2
_delayCount                      bssBANK1     000C3
_derivativeValue                 bssBANK1     000AA
_desc                            dataBANK3    001B4
_errno                           bssBANK1     000AC
_error                           bssBANK1     000AE
_errorValue                      bssBANK1     000B0
_eval_poly                       text4        00A7E
_frexp                           text3        0092C
_highRangeSet                    dataBANK3    001B8
_key                             bssBANK1     000C4
_lastSign                        bssBANK1     000B2
_log                             text2        00CF8
_loop                            dataBANK1    000ED
_lowRangeSet                     dataBANK3    001BC
_main                            maintext     0054C
_menuChoice                      text16       003D8
_menuDelay                       bssBANK1     000C5
_pidCount                        bssBANK1     000B4
_pidIntegrated                   bssBANK1     000B6
_pidMaxOutput                    dataBANK1    000EB
_pidMinOutput                    bssBANK1     000B8
_pidPrevError                    bssBANK1     000BA
_readAnalog                      text13       0029B
_readKey                         text17       01782
_sampleIndex                     bssBANK1     000BC
_samples                         (abs)        02350
_setpoint                        dataBANK1    000E1
_signPositive                    bssBANK1     000BE
_tempCalc                        text1        0017E
_tempCalc$1009                   cstackBANK0  00062
_timer                           bssBANK1     000C0
_timer2                          bssBANK1     000C7
_totals                          bssBANK1     000A0
btemp                            (abs)        0007E
clear_ram0                       clrtext      01725
end_of_initialization            cinit        007FD
eval_poly@d                      cstackBANK0  00050
eval_poly@n                      cstackBANK0  00052
eval_poly@res                    cstackBANK0  00054
eval_poly@x                      cstackBANK0  0004D
frexp@eptr                       cstackCOMMON 00073
frexp@value                      cstackCOMMON 00070
init_ram                         inittext     01731
intlevel0                        functab      00000
intlevel1                        functab      00000
intlevel2                        functab      00000
intlevel3                        functab      00000
intlevel4                        functab      00000
intlevel5                        functab      00000
log@coeff                        stringtext   01000
log@exponent                     cstackBANK0  0005B
log@x                            cstackBANK0  00057
ltemp                            (abs)        0007E
ltemp0                           (abs)        0007E
ltemp1                           (abs)        00082
ltemp2                           (abs)        00086
ltemp3                           (abs)        00080
main@F13664                      bssBANK3     001C5
main@F13670                      bssBANK4     00220
main@analogs                     cstackBANK1  000DC
main@currentTemperature          cstackBANK1  000D4
main@dutyCycle6                  cstackBANK1  000DA
main@holdOutput                  cstackBANK0  0006B
main@j                           cstackBANK1  000E0
main@lastTemperature             cstackBANK0  0006D
main@lidOpenCount                cstackBANK0  0006C
main@output                      cstackBANK0  00069
main@outputIndex                 cstackBANK0  0006F
main@outputSamples               cstackBANK2  00120
main@outputTotal                 cstackBANK1  000D6
main@pidPeriodCounter            cstackBANK1  000D2
main@x                           cstackBANK0  00068
readAnalog@analog_channel        cstackCOMMON 00079
readAnalog@channel               cstackBANK0  00026
readAnalog@value                 cstackCOMMON 0007B
reset_vec                        reset_vec    00000
stackhi                          (abs)        0234F
stacklo                          (abs)        02190
start                            init         00002
start_initialization             cinit        007B7
tempCalc@R                       cstackBANK0  0005F
tempCalc@analogValue             cstackBANK0  0005D
tempCalc@steinhart               cstackBANK0  00065
ttemp                            (abs)        0007E
ttemp0                           (abs)        0007E
ttemp1                           (abs)        00081
ttemp2                           (abs)        00084
ttemp3                           (abs)        00087
ttemp4                           (abs)        0007F
wtemp                            (abs)        0007E
wtemp0                           (abs)        0007E
wtemp1                           (abs)        00080
wtemp2                           (abs)        00082
wtemp3                           (abs)        00084
wtemp4                           (abs)        00086
wtemp5                           (abs)        00088
wtemp6                           (abs)        0007F


FUNCTION INFORMATION:

 *************** function _main *****************
 Defined at:
		line 29 in file "main.c"
 Parameters:    Size  Location     Type
		None
 Auto vars:     Size  Location     Type
  outputSample   80    0[BANK2 ] int [40]
  analogs         4   20[BANK1 ] unsigned int [2]
  outputTotal     4   14[BANK1 ] long 
  dutyCycle6      2   18[BANK1 ] unsigned int 
  currentTempe    2   12[BANK1 ] int 
  pidPeriodCou    2   10[BANK1 ] int 
  lastTemperat    2   77[BANK0 ] int 
  output          2   73[BANK0 ] int 
  j               1   24[BANK1 ] unsigned char 
  outputIndex     1   79[BANK0 ] unsigned char 
  lidOpenCount    1   76[BANK0 ] unsigned char 
  holdOutput      1   75[BANK0 ] unsigned char 
  x               1   72[BANK0 ] unsigned char 
 Return value:  Size  Location     Type
                  1    wreg      void 
 Registers used:
		wreg, fsr0l, fsr0h, fsr1l, fsr1h, status,2, status,0, pclath, cstack
 Tracked objects:
		On entry : 
		On exit  : 
		Unchanged: 
 Data sizes:     COMMON   BANK0   BANK1   BANK2   BANK3   BANK4   BANK5   BANK6   BANK7   BANK8   BANK9  BANK10  BANK11  BANK12
      Params:         0       0       0       0       0       0       0       0       0       0       0       0       0       0
      Locals:         0       8      15      80       0       0       0       0       0       0       0       0       0       0
      Temps:          0       0      10       0       0       0       0       0       0       0       0       0       0       0
      Totals:         0       8      25      80       0       0       0       0       0       0       0       0       0       0
Total ram usage:      113 bytes
 Hardware stack levels required when called:    5
 This function calls:
		_LCD_Clear
		_LCD_Set_Cursor
		_LCD_Write_Char
		_LCD_Write_Int
		_LCD_Write_String
		_PID_Calculate
		_PWM7_LoadDutyValue
		_SYSTEM_Initialize
		___aldiv
		_menuChoice
		_readAnalog
		_tempCalc
 This function is called by:
		Startup code after reset
 This function uses a non-reentrant model


 *************** function _tempCalc *****************
 Defined at:
		line 4 in file "tempCalc.c"
 Parameters:    Size  Location     Type
  analogValue     2   61[BANK0 ] int 
 Auto vars:     Size  Location     Type
  steinhart       3   69[BANK0 ] float 
  R               3   63[BANK0 ] float 
 Return value:  Size  Location     Type
                  2   61[BANK0 ] int 
 Registers used:
		wreg, fsr0l, fsr0h, fsr1l, fsr1h, status,2, status,0, pclath, cstack
 Tracked objects:
		On entry : 
		On exit  : 
		Unchanged: 
 Data sizes:     COMMON   BANK0   BANK1   BANK2   BANK3   BANK4   BANK5   BANK6   BANK7   BANK8   BANK9  BANK10  BANK11  BANK12
      Params:         0       2       0       0       0       0       0       0       0       0       0       0       0       0
      Locals:         0       9       0       0       0       0       0       0       0       0       0       0       0       0
      Temps:          0       0       0       0       0       0       0       0       0       0       0       0       0       0
      Totals:         0      11       0       0       0       0       0       0       0       0       0       0       0       0
Total ram usage:       11 bytes
 Hardware stack levels used:    1
 Hardware stack levels required when called:    4
 This function calls:
		___awtoft
		___ftadd
		___ftdiv
		___ftmul
		___ftsub
		___fttol
		_log
 This function is called by:
		_main
 This function uses a non-reentrant model


 *************** function _log *****************
 Defined at:
		line 5 in file "C:\Program Files (x86)\Microchip\xc8\v1.38\sources\common\log.c"
 Parameters:    Size  Location     Type
  x               3   55[BANK0 ] int 
 Auto vars:     Size  Location     Type
  exponent        2   59[BANK0 ] int 
 Return value:  Size  Location     Type
                  3   55[BANK0 ] int 
 Registers used:
		wreg, fsr0l, fsr0h, fsr1l, fsr1h, status,2, status,0, pclath, cstack
 Tracked objects:
		On entry : 
		On exit  : 
		Unchanged: 
 Data sizes:     COMMON   BANK0   BANK1   BANK2   BANK3   BANK4   BANK5   BANK6   BANK7   BANK8   BANK9  BANK10  BANK11  BANK12
      Params:         0       3       0       0       0       0       0       0       0       0       0       0       0       0
      Locals:         0       2       0       0       0       0       0       0       0       0       0       0       0       0
      Temps:          0       1       0       0       0       0       0       0       0       0       0       0       0       0
      Totals:         0       6       0       0       0       0       0       0       0       0       0       0       0       0
Total ram usage:        6 bytes
 Hardware stack levels used:    1
 Hardware stack levels required when called:    3
 This function calls:
		___awtoft
		___ftadd
		___ftge
		___ftmul
		_eval_poly
		_frexp
 This function is called by:
		_tempCalc
 This function uses a non-reentrant model


 *************** function _frexp *****************
 Defined at:
		line 254 in file "C:\Program Files (x86)\Microchip\xc8\v1.38\sources\common\frexp.c"
 Parameters:    Size  Location     Type
  value           3    0[COMMON] int 
  eptr            1    3[COMMON] PTR int 
		 -> log@exponent(2), 
 Auto vars:     Size  Location     Type
		None
 Return value:  Size  Location     Type
                  3    0[COMMON] PTR int 
 Registers used:
		wreg, fsr1l, fsr1h, status,2, status,0
 Tracked objects:
		On entry : 
		On exit  : 
		Unchanged: 
 Data sizes:     COMMON   BANK0   BANK1   BANK2   BANK3   BANK4   BANK5   BANK6   BANK7   BANK8   BANK9  BANK10  BANK11  BANK12
      Params:         4       0       0       0       0       0       0       0       0       0       0       0       0       0
      Locals:         0       0       0       0       0       0       0       0       0       0       0       0       0       0
      Temps:          2       0       0       0       0       0       0       0       0       0       0       0       0       0
      Totals:         6       0       0       0       0       0       0       0       0       0       0       0       0       0
Total ram usage:        6 bytes
 Hardware stack levels used:    1
 This function calls:
		Nothing
 This function is called by:
		_log
 This function uses a non-reentrant model


 *************** function _eval_poly *****************
 Defined at:
		line 4 in file "C:\Program Files (x86)\Microchip\xc8\v1.38\sources\common\evalpoly.c"
 Parameters:    Size  Location     Type
  x               3   45[BANK0 ] PTR int 
  d               2   48[BANK0 ] PTR const 
		 -> log@coeff(27), 
  n               2   50[BANK0 ] int 
 Auto vars:     Size  Location     Type
  res             3   52[BANK0 ] int 
 Return value:  Size  Location     Type
                  3   45[BANK0 ] int 
 Registers used:
		wreg, fsr0l, fsr0h, status,2, status,0, pclath, cstack
 Tracked objects:
		On entry : 
		On exit  : 
		Unchanged: 
 Data sizes:     COMMON   BANK0   BANK1   BANK2   BANK3   BANK4   BANK5   BANK6   BANK7   BANK8   BANK9  BANK10  BANK11  BANK12
      Params:         0       7       0       0       0       0       0       0       0       0       0       0       0       0
      Locals:         0       3       0       0       0       0       0       0       0       0       0       0       0       0
      Temps:          0       0       0       0       0       0       0       0       0       0       0       0       0       0
      Totals:         0      10       0       0       0       0       0       0       0       0       0       0       0       0
Total ram usage:       10 bytes
 Hardware stack levels used:    1
 Hardware stack levels required when called:    2
 This function calls:
		___ftadd
		___ftmul
		___wmul
 This function is called by:
		_log
 This function uses a non-reentrant model


 *************** function ___ftmul *****************
 Defined at:
		line 62 in file "C:\Program Files (x86)\Microchip\xc8\v1.38\sources\common\ftmul.c"
 Parameters:    Size  Location     Type
  f1              3    0[BANK0 ] float 
  f2              3    3[BANK0 ] float 
 Auto vars:     Size  Location     Type
  f3_as_produc    3   11[BANK0 ] unsigned um
  sign            1   15[BANK0 ] unsigned char 
  cntr            1   14[BANK0 ] unsigned char 
  exp             1   10[BANK0 ] unsigned char 
 Return value:  Size  Location     Type
                  3    0[BANK0 ] float 
 Registers used:
		wreg, status,2, status,0, pclath, cstack
 Tracked objects:
		On entry : 
		On exit  : 
		Unchanged: 
 Data sizes:     COMMON   BANK0   BANK1   BANK2   BANK3   BANK4   BANK5   BANK6   BANK7   BANK8   BANK9  BANK10  BANK11  BANK12
      Params:         0       6       0       0       0       0       0       0       0       0       0       0       0       0
      Locals:         0       6       0       0       0       0       0       0       0       0       0       0       0       0
      Temps:          0       4       0       0       0       0       0       0       0       0       0       0       0       0
      Totals:         0      16       0       0       0       0       0       0       0       0       0       0       0       0
Total ram usage:       16 bytes
 Hardware stack levels used:    1
 Hardware stack levels required when called:    1
 This function calls:
		___ftpack
 This function is called by:
		_tempCalc
		_log
		_eval_poly
 This function uses a non-reentrant model


 *************** function ___ftge *****************
 Defined at:
		line 4 in file "C:\Program Files (x86)\Microchip\xc8\v1.38\sources\common\ftge.c"
 Parameters:    Size  Location     Type
  ff1             3    0[COMMON] float 
  ff2             3    3[COMMON] float 
 Auto vars:     Size  Location     Type
		None
 Return value:  Size  Location     Type
		None               void
 Registers used:
		wreg, status,2, status,0
 Tracked objects:
		On entry : 
		On exit  : 
		Unchanged: 
 Data sizes:     COMMON   BANK0   BANK1   BANK2   BANK3   BANK4   BANK5   BANK6   BANK7   BANK8   BANK9  BANK10  BANK11  BANK12
      Params:         6       0       0       0       0       0       0       0       0       0       0       0       0       0
      Locals:         0       0       0       0       0       0       0       0       0       0       0       0       0       0
      Temps:          3       0       0       0       0       0       0       0       0       0       0       0       0       0
      Totals:         9       0       0       0       0       0       0       0       0       0       0       0       0       0
Total ram usage:        9 bytes
 Hardware stack levels used:    1
 This function calls:
		Nothing
 This function is called by:
		_log
 This function uses a non-reentrant model


 *************** function ___awtoft *****************
 Defined at:
		line 32 in file "C:\Program Files (x86)\Microchip\xc8\v1.38\sources\common\awtoft.c"
 Parameters:    Size  Location     Type
  c               2    8[COMMON] int 
 Auto vars:     Size  Location     Type
  sign            1   13[COMMON] unsigned char 
 Return value:  Size  Location     Type
                  3    8[COMMON] float 
 Registers used:
		wreg, status,2, status,0, pclath, cstack
 Tracked objects:
		On entry : 
		On exit  : 
		Unchanged: 
 Data sizes:     COMMON   BANK0   BANK1   BANK2   BANK3   BANK4   BANK5   BANK6   BANK7   BANK8   BANK9  BANK10  BANK11  BANK12
      Params:         3       0       0       0       0       0       0       0       0       0       0       0       0       0
      Locals:         1       0       0       0       0       0       0       0       0       0       0       0       0       0
      Temps:          2       0       0       0       0       0       0       0       0       0       0       0       0       0
      Totals:         6       0       0       0       0       0       0       0       0       0       0       0       0       0
Total ram usage:        6 bytes
 Hardware stack levels used:    1
 Hardware stack levels required when called:    1
 This function calls:
		___ftpack
 This function is called by:
		_tempCalc
		_log
 This function uses a non-reentrant model


 *************** function ___fttol *****************
 Defined at:
		line 44 in file "C:\Program Files (x86)\Microchip\xc8\v1.38\sources\common\fttol.c"
 Parameters:    Size  Location     Type
  f1              3    0[COMMON] float 
 Auto vars:     Size  Location     Type
  lval            4    9[COMMON] unsigned long 
  exp1            1   13[COMMON] unsigned char 
  sign1           1    8[COMMON] unsigned char 
 Return value:  Size  Location     Type
                  4    0[COMMON] long 
 Registers used:
		wreg, status,2, status,0
 Tracked objects:
		On entry : 
		On exit  : 
		Unchanged: 
 Data sizes:     COMMON   BANK0   BANK1   BANK2   BANK3   BANK4   BANK5   BANK6   BANK7   BANK8   BANK9  BANK10  BANK11  BANK12
      Params:         4       0       0       0       0       0       0       0       0       0       0       0       0       0
      Locals:         6       0       0       0       0       0       0       0       0       0       0       0       0       0
      Temps:          4       0       0       0       0       0       0       0       0       0       0       0       0       0
      Totals:        14       0       0       0       0       0       0       0       0       0       0       0       0       0
Total ram usage:       14 bytes
 Hardware stack levels used:    1
 This function calls:
		Nothing
 This function is called by:
		_tempCalc
 This function uses a non-reentrant model


 *************** function ___ftsub *****************
 Defined at:
		line 18 in file "C:\Program Files (x86)\Microchip\xc8\v1.38\sources\common\ftsub.c"
 Parameters:    Size  Location     Type
  f2              3   45[BANK0 ] float 
  f1              3   48[BANK0 ] float 
 Auto vars:     Size  Location     Type
		None
 Return value:  Size  Location     Type
                  3   45[BANK0 ] float 
 Registers used:
		wreg, status,2, status,0, pclath, cstack
 Tracked objects:
		On entry : 
		On exit  : 
		Unchanged: 
 Data sizes:     COMMON   BANK0   BANK1   BANK2   BANK3   BANK4   BANK5   BANK6   BANK7   BANK8   BANK9  BANK10  BANK11  BANK12
      Params:         0       6       0       0       0       0       0       0       0       0       0       0       0       0
      Locals:         0       0       0       0       0       0       0       0       0       0       0       0       0       0
      Temps:          0       0       0       0       0       0       0       0       0       0       0       0       0       0
      Totals:         0       6       0       0       0       0       0       0       0       0       0       0       0       0
Total ram usage:        6 bytes
 Hardware stack levels used:    1
 Hardware stack levels required when called:    2
 This function calls:
		___ftadd
 This function is called by:
		_tempCalc
 This function uses a non-reentrant model


 *************** function ___ftadd *****************
 Defined at:
		line 86 in file "C:\Program Files (x86)\Microchip\xc8\v1.38\sources\common\ftadd.c"
 Parameters:    Size  Location     Type
  f1              3   32[BANK0 ] float 
  f2              3   35[BANK0 ] float 
 Auto vars:     Size  Location     Type
  exp1            1   44[BANK0 ] unsigned char 
  exp2            1   43[BANK0 ] unsigned char 
  sign            1   42[BANK0 ] unsigned char 
 Return value:  Size  Location     Type
                  3   32[BANK0 ] float 
 Registers used:
		wreg, status,2, status,0, pclath, cstack
 Tracked objects:
		On entry : 
		On exit  : 
		Unchanged: 
 Data sizes:     COMMON   BANK0   BANK1   BANK2   BANK3   BANK4   BANK5   BANK6   BANK7   BANK8   BANK9  BANK10  BANK11  BANK12
      Params:         0       6       0       0       0       0       0       0       0       0       0       0       0       0
      Locals:         0       3       0       0       0       0       0       0       0       0       0       0       0       0
      Temps:          0       4       0       0       0       0       0       0       0       0       0       0       0       0
      Totals:         0      13       0       0       0       0       0       0       0       0       0       0       0       0
Total ram usage:       13 bytes
 Hardware stack levels used:    1
 Hardware stack levels required when called:    1
 This function calls:
		___ftpack
 This function is called by:
		_tempCalc
		___ftsub
		_log
		_eval_poly
 This function uses a non-reentrant model


 *************** function ___ftdiv *****************
 Defined at:
		line 56 in file "C:\Program Files (x86)\Microchip\xc8\v1.38\sources\common\ftdiv.c"
 Parameters:    Size  Location     Type
  f2              3   16[BANK0 ] float 
  f1              3   19[BANK0 ] float 
 Auto vars:     Size  Location     Type
  f3              3   27[BANK0 ] float 
  sign            1   31[BANK0 ] unsigned char 
  exp             1   30[BANK0 ] unsigned char 
  cntr            1   26[BANK0 ] unsigned char 
 Return value:  Size  Location     Type
                  3   16[BANK0 ] float 
 Registers used:
		wreg, status,2, status,0, pclath, cstack
 Tracked objects:
		On entry : 
		On exit  : 
		Unchanged: 
 Data sizes:     COMMON   BANK0   BANK1   BANK2   BANK3   BANK4   BANK5   BANK6   BANK7   BANK8   BANK9  BANK10  BANK11  BANK12
      Params:         0       6       0       0       0       0       0       0       0       0       0       0       0       0
      Locals:         0       6       0       0       0       0       0       0       0       0       0       0       0       0
      Temps:          0       4       0       0       0       0       0       0       0       0       0       0       0       0
      Totals:         0      16       0       0       0       0       0       0       0       0       0       0       0       0
Total ram usage:       16 bytes
 Hardware stack levels used:    1
 Hardware stack levels required when called:    1
 This function calls:
		___ftpack
 This function is called by:
		_tempCalc
 This function uses a non-reentrant model


 *************** function ___ftpack *****************
 Defined at:
		line 62 in file "C:\Program Files (x86)\Microchip\xc8\v1.38\sources\common\float.c"
 Parameters:    Size  Location     Type
  arg             3    0[COMMON] unsigned um
  exp             1    3[COMMON] unsigned char 
  sign            1    4[COMMON] unsigned char 
 Auto vars:     Size  Location     Type
		None
 Return value:  Size  Location     Type
                  3    0[COMMON] float 
 Registers used:
		wreg, status,2, status,0
 Tracked objects:
		On entry : 
		On exit  : 
		Unchanged: 
 Data sizes:     COMMON   BANK0   BANK1   BANK2   BANK3   BANK4   BANK5   BANK6   BANK7   BANK8   BANK9  BANK10  BANK11  BANK12
      Params:         5       0       0       0       0       0       0       0       0       0       0       0       0       0
      Locals:         0       0       0       0       0       0       0       0       0       0       0       0       0       0
      Temps:          3       0       0       0       0       0       0       0       0       0       0       0       0       0
      Totals:         8       0       0       0       0       0       0       0       0       0       0       0       0       0
Total ram usage:        8 bytes
 Hardware stack levels used:    1
 This function calls:
		Nothing
 This function is called by:
		___awtoft
		___ftadd
		___ftdiv
		___ftmul
 This function uses a non-reentrant model


 *************** function _readAnalog *****************
 Defined at:
		line 34 in file "adc.c"
 Parameters:    Size  Location     Type
  channel         2    6[BANK0 ] int 
 Auto vars:     Size  Location     Type
  value           2   11[COMMON] int 
  analog_chann    2    9[COMMON] int 
 Return value:  Size  Location     Type
                  2    6[BANK0 ] int 
 Registers used:
		wreg, fsr0l, fsr0h, fsr1l, fsr1h, status,2, status,0, pclath, cstack
 Tracked objects:
		On entry : 
		On exit  : 
		Unchanged: 
 Data sizes:     COMMON   BANK0   BANK1   BANK2   BANK3   BANK4   BANK5   BANK6   BANK7   BANK8   BANK9  BANK10  BANK11  BANK12
      Params:         0       2       0       0       0       0       0       0       0       0       0       0       0       0
      Locals:         4       0       0       0       0       0       0       0       0       0       0       0       0       0
      Temps:          0      16       0       0       0       0       0       0       0       0       0       0       0       0
[...]
      Locals:         1       0       0       0       0       0       0       0       0       0       0       0       0       0
      Temps:          0       0       0       0       0       0       0       0       0       0       0       0       0       0
      Totals:         1       0       0       0       0       0       0       0       0       0       0       0       0       0
Total ram usage:        1 bytes
 Hardware stack levels used:    1
 This function calls:
		Nothing
 This function is called by:
		_SYSTEM_Initialize
 This function uses a non-reentrant model


 *************** function _OSCILLATOR_Initialize *****************
 Defined at:
		line 89 in file "system.c"
 Parameters:    Size  Location     Type
		None
 Auto vars:     Size  Location     Type
		None
 Return value:  Size  Location     Type
                  1    wreg      void 
 Registers used:
		wreg, status,2
 Tracked objects:
		On entry : 
		On exit  : 
		Unchanged: 
 Data sizes:     COMMON   BANK0   BANK1   BANK2   BANK3   BANK4   BANK5   BANK6   BANK7   BANK8   BANK9  BANK10  BANK11  BANK12
      Params:         0       0       0       0       0       0       0       0       0       0       0       0       0       0
      Locals:         0       0       0       0       0       0       0       0       0       0       0       0       0       0
      Temps:          0       0       0       0       0       0       0       0       0       0       0       0       0       0
      Totals:         0       0       0       0       0       0       0       0       0       0       0       0       0       0
Total ram usage:        0 bytes
 Hardware stack levels used:    1
 This function calls:
		Nothing
 This function is called by:
		_SYSTEM_Initialize
 This function uses a non-reentrant model


 *************** function _LCD_Init *****************
 Defined at:
		line 154 in file "lcd.c"
 Parameters:    Size  Location     Type
  style           1    wreg     unsigned char 
 Auto vars:     Size  Location     Type
  style           1    7[COMMON] unsigned char 
 Return value:  Size  Location     Type
                  1    wreg      void 
 Registers used:
		wreg, status,2, status,0, pclath, cstack
 Tracked objects:
		On entry : 
		On exit  : 
		Unchanged: 
 Data sizes:     COMMON   BANK0   BANK1   BANK2   BANK3   BANK4   BANK5   BANK6   BANK7   BANK8   BANK9  BANK10  BANK11  BANK12
      Params:         0       0       0       0       0       0       0       0       0       0       0       0       0       0
      Locals:         1       0       0       0       0       0       0       0       0       0       0       0       0       0
      Temps:          3       0       0       0       0       0       0       0       0       0       0       0       0       0
      Totals:         4       0       0       0       0       0       0       0       0       0       0       0       0       0
Total ram usage:        4 bytes
 Hardware stack levels used:    1
 Hardware stack levels required when called:    2
 This function calls:
		_LCD_Cmd
		_LCD_Port
 This function is called by:
		_SYSTEM_Initialize
 This function uses a non-reentrant model


 *************** function _LCD_Clear *****************
 Defined at:
		line 75 in file "lcd.c"
 Parameters:    Size  Location     Type
		None
 Auto vars:     Size  Location     Type
		None
 Return value:  Size  Location     Type
                  1    wreg      void 
 Registers used:
		wreg, status,2, status,0, pclath, cstack
 Tracked objects:
		On entry : 
		On exit  : 
		Unchanged: 
 Data sizes:     COMMON   BANK0   BANK1   BANK2   BANK3   BANK4   BANK5   BANK6   BANK7   BANK8   BANK9  BANK10  BANK11  BANK12
      Params:         0       0       0       0       0       0       0       0       0       0       0       0       0       0
      Locals:         0       0       0       0       0       0       0       0       0       0       0       0       0       0
      Temps:          0       0       0       0       0       0       0       0       0       0       0       0       0       0
      Totals:         0       0       0       0       0       0       0       0       0       0       0       0       0       0
Total ram usage:        0 bytes
 Hardware stack levels used:    1
 Hardware stack levels required when called:    2
 This function calls:
		_LCD_Cmd
 This function is called by:
		_SYSTEM_Initialize
		_main
 This function uses a non-reentrant model


 *************** function _InitCustomChars *****************
 Defined at:
		line 29 in file "lcd.c"
 Parameters:    Size  Location     Type
		None
 Auto vars:     Size  Location     Type
  i               1    6[COMMON] unsigned char 
 Return value:  Size  Location     Type
                  1    wreg      void 
 Registers used:
		wreg, fsr1l, fsr1h, status,2, status,0, pclath, cstack
 Tracked objects:
		On entry : 
		On exit  : 
		Unchanged: 
 Data sizes:     COMMON   BANK0   BANK1   BANK2   BANK3   BANK4   BANK5   BANK6   BANK7   BANK8   BANK9  BANK10  BANK11  BANK12
      Params:         0       0       0       0       0       0       0       0       0       0       0       0       0       0
      Locals:         1       0       0       0       0       0       0       0       0       0       0       0       0       0
      Temps:          1       0       0       0       0       0       0       0       0       0       0       0       0       0
      Totals:         2       0       0       0       0       0       0       0       0       0       0       0       0       0
Total ram usage:        2 bytes
 Hardware stack levels used:    1
 Hardware stack levels required when called:    2
 This function calls:
		_LCD_Cmd
		_LCD_Write_Char
 This function is called by:
		_SYSTEM_Initialize
 This function uses a non-reentrant model


 *************** function _LCD_Write_Char *****************
 Defined at:
		line 223 in file "lcd.c"
 Parameters:    Size  Location     Type
  a               1    wreg     const unsigned char 
 Auto vars:     Size  Location     Type
  a               1    4[COMMON] const unsigned char 
  y               1    3[COMMON] unsigned char 
  temp            1    2[COMMON] unsigned char 
 Return value:  Size  Location     Type
                  1    wreg      void 
 Registers used:
		wreg, status,2, status,0, pclath, cstack
 Tracked objects:
		On entry : 
		On exit  : 
		Unchanged: 
 Data sizes:     COMMON   BANK0   BANK1   BANK2   BANK3   BANK4   BANK5   BANK6   BANK7   BANK8   BANK9  BANK10  BANK11  BANK12
      Params:         0       0       0       0       0       0       0       0       0       0       0       0       0       0
      Locals:         3       0       0       0       0       0       0       0       0       0       0       0       0       0
      Temps:          1       0       0       0       0       0       0       0       0       0       0       0       0       0
      Totals:         4       0       0       0       0       0       0       0       0       0       0       0       0       0
Total ram usage:        4 bytes
 Hardware stack levels used:    1
 Hardware stack levels required when called:    1
 This function calls:
		_LCD_Port
 This function is called by:
		_InitCustomChars
		_LCD_Write_String
		_LCD_Write_Int
		_main
 This function uses a non-reentrant model


 *************** function _LCD_Cmd *****************
 Defined at:
		line 65 in file "lcd.c"
 Parameters:    Size  Location     Type
  a               1    wreg     unsigned char 
 Auto vars:     Size  Location     Type
  a               1    3[COMMON] unsigned char 
 Return value:  Size  Location     Type
                  1    wreg      void 
 Registers used:
		wreg, status,2, status,0, pclath, cstack
 Tracked objects:
		On entry : 
		On exit  : 
		Unchanged: 
 Data sizes:     COMMON   BANK0   BANK1   BANK2   BANK3   BANK4   BANK5   BANK6   BANK7   BANK8   BANK9  BANK10  BANK11  BANK12
      Params:         0       0       0       0       0       0       0       0       0       0       0       0       0       0
      Locals:         1       0       0       0       0       0       0       0       0       0       0       0       0       0
      Temps:          2       0       0       0       0       0       0       0       0       0       0       0       0       0
      Totals:         3       0       0       0       0       0       0       0       0       0       0       0       0       0
Total ram usage:        3 bytes
 Hardware stack levels used:    1
 Hardware stack levels required when called:    1
 This function calls:
		_LCD_Port
 This function is called by:
		_InitCustomChars
		_LCD_Clear
		_LCD_Set_Cursor
		_LCD_Init
 This function uses a non-reentrant model


 *************** function _LCD_Port *****************
 Defined at:
		line 41 in file "lcd.c"
 Parameters:    Size  Location     Type
  a               1    wreg     unsigned char 
 Auto vars:     Size  Location     Type
  a               1    0[COMMON] unsigned char 
 Return value:  Size  Location     Type
                  1    wreg      void 
 Registers used:
		wreg
 Tracked objects:
		On entry : 
		On exit  : 
		Unchanged: 
 Data sizes:     COMMON   BANK0   BANK1   BANK2   BANK3   BANK4   BANK5   BANK6   BANK7   BANK8   BANK9  BANK10  BANK11  BANK12
      Params:         0       0       0       0       0       0       0       0       0       0       0       0       0       0
      Locals:         1       0       0       0       0       0       0       0       0       0       0       0       0       0
      Temps:          0       0       0       0       0       0       0       0       0       0       0       0       0       0
      Totals:         1       0       0       0       0       0       0       0       0       0       0       0       0       0
Total ram usage:        1 bytes
 Hardware stack levels used:    1
 This function calls:
		Nothing
 This function is called by:
		_LCD_Cmd
		_LCD_Init
		_LCD_Write_Char
 This function uses a non-reentrant model


 *************** function _ADCC_Initialize *****************
 Defined at:
		line 60 in file "adc.c"
 Parameters:    Size  Location     Type
		None
 Auto vars:     Size  Location     Type
		None
 Return value:  Size  Location     Type
                  1    wreg      void 
 Registers used:
		wreg, status,2
 Tracked objects:
		On entry : 
		On exit  : 
		Unchanged: 
 Data sizes:     COMMON   BANK0   BANK1   BANK2   BANK3   BANK4   BANK5   BANK6   BANK7   BANK8   BANK9  BANK10  BANK11  BANK12
      Params:         0       0       0       0       0       0       0       0       0       0       0       0       0       0
      Locals:         0       0       0       0       0       0       0       0       0       0       0       0       0       0
      Temps:          0       0       0       0       0       0       0       0       0       0       0       0       0       0
      Totals:         0       0       0       0       0       0       0       0       0       0       0       0       0       0
Total ram usage:        0 bytes
 Hardware stack levels used:    1
 This function calls:
		Nothing
 This function is called by:
		_SYSTEM_Initialize
 This function uses a non-reentrant model


 *************** function _PWM7_LoadDutyValue *****************
 Defined at:
		line 32 in file "pwm.c"
 Parameters:    Size  Location     Type
  dutyCycle7      2    0[COMMON] unsigned int 
 Auto vars:     Size  Location     Type
		None
 Return value:  Size  Location     Type
                  1    wreg      void 
 Registers used:
		wreg, status,2, status,0
 Tracked objects:
		On entry : 
		On exit  : 
		Unchanged: 
 Data sizes:     COMMON   BANK0   BANK1   BANK2   BANK3   BANK4   BANK5   BANK6   BANK7   BANK8   BANK9  BANK10  BANK11  BANK12
      Params:         2       0       0       0       0       0       0       0       0       0       0       0       0       0
      Locals:         0       0       0       0       0       0       0       0       0       0       0       0       0       0
      Temps:          2       0       0       0       0       0       0       0       0       0       0       0       0       0
      Totals:         4       0       0       0       0       0       0       0       0       0       0       0       0       0
Total ram usage:        4 bytes
 Hardware stack levels used:    1
 This function calls:
		Nothing
 This function is called by:
		_main
 This function uses a non-reentrant model


 *************** function _PID_Calculate *****************
 Defined at:
		line 21 in file "pid.c"
 Parameters:    Size  Location     Type
  setpoint        2    6[COMMON] int 
  temp            2    8[COMMON] int 
 Auto vars:     Size  Location     Type
		None
 Return value:  Size  Location     Type
                  2    6[COMMON] int 
 Registers used:
		wreg, status,2, status,0, pclath, cstack
 Tracked objects:
		On entry : 
		On exit  : 
		Unchanged: 
 Data sizes:     COMMON   BANK0   BANK1   BANK2   BANK3   BANK4   BANK5   BANK6   BANK7   BANK8   BANK9  BANK10  BANK11  BANK12
      Params:         4       0       0       0       0       0       0       0       0       0       0       0       0       0
      Locals:         0       0       0       0       0       0       0       0       0       0       0       0       0       0
      Temps:          2       0       0       0       0       0       0       0       0       0       0       0       0       0
      Totals:         6       0       0       0       0       0       0       0       0       0       0       0       0       0
Total ram usage:        6 bytes
 Hardware stack levels used:    1
 Hardware stack levels required when called:    1
 This function calls:
		___wmul
 This function is called by:
		_main
 This function uses a non-reentrant model


 *************** function ___wmul *****************
 Defined at:
		line 15 in file "C:\Program Files (x86)\Microchip\xc8\v1.38\sources\common\Umul16.c"
 Parameters:    Size  Location     Type
  multiplier      2    0[COMMON] unsigned int 
  multiplicand    2    2[COMMON] unsigned int 
 Auto vars:     Size  Location     Type
  product         2    4[COMMON] unsigned int 
 Return value:  Size  Location     Type
                  2    0[COMMON] unsigned int 
 Registers used:
		wreg, status,2, status,0
 Tracked objects:
		On entry : 
		On exit  : 
		Unchanged: 
 Data sizes:     COMMON   BANK0   BANK1   BANK2   BANK3   BANK4   BANK5   BANK6   BANK7   BANK8   BANK9  BANK10  BANK11  BANK12
      Params:         4       0       0       0       0       0       0       0       0       0       0       0       0       0
      Locals:         2       0       0       0       0       0       0       0       0       0       0       0       0       0
      Temps:          0       0       0       0       0       0       0       0       0       0       0       0       0       0
      Totals:         6       0       0       0       0       0       0       0       0       0       0       0       0       0
Total ram usage:        6 bytes
 Hardware stack levels used:    1
 This function calls:
		Nothing
 This function is called by:
		_readAnalog
		_PID_Calculate
		_eval_poly
 This function uses a non-reentrant model



MODULE INFORMATION

Module		Function		Class		Link	Load	Size
C:\Program Files (x86)\Microchip\xc8\v1.38\sources\common\log.c
		_log           		CODE           	0CF8	0000	177

C:\Program Files (x86)\Microchip\xc8\v1.38\sources\common\log.c estimated size: 177

C:\Program Files (x86)\Microchip\xc8\v1.38\sources\common\ftsub.c
		___ftsub       		CODE           	0810	0000	31

C:\Program Files (x86)\Microchip\xc8\v1.38\sources\common\ftsub.c estimated size: 31

C:\Program Files (x86)\Microchip\xc8\v1.38\sources\common\float.c
		___ftpack      		CODE           	0ADE	0000	101

C:\Program Files (x86)\Microchip\xc8\v1.38\sources\common\float.c estimated size: 101

C:\Program Files (x86)\Microchip\xc8\v1.38\sources\common\awmod.c
		___awmod       		CODE           	09E8	0000	70

C:\Program Files (x86)\Microchip\xc8\v1.38\sources\common\awmod.c estimated size: 70

C:\Program Files (x86)\Microchip\xc8\v1.38\sources\common\Umul16.c
		___wmul        		CODE           	17E5	0000	28

C:\Program Files (x86)\Microchip\xc8\v1.38\sources\common\Umul16.c estimated size: 28

C:\Program Files (x86)\Microchip\xc8\v1.38\sources\common\frexp.c
		_frexp         		CODE           	092C	0000	60

C:\Program Files (x86)\Microchip\xc8\v1.38\sources\common\frexp.c estimated size: 60

C:\Program Files (x86)\Microchip\xc8\v1.38\sources\common\ftmul.c
		___ftmul       		CODE           	0DA8	0000	181

C:\Program Files (x86)\Microchip\xc8\v1.38\sources\common\ftmul.c estimated size: 181

C:\Program Files (x86)\Microchip\xc8\v1.38\sources\common\ftdiv.c
		___ftdiv       		CODE           	0C4F	0000	170

C:\Program Files (x86)\Microchip\xc8\v1.38\sources\common\ftdiv.c estimated size: 170

pwm.c
		_PWM_Initialize		CODE           	171A	0000	12
		_PWM7_LoadDutyValue		CODE           	176C	0000	23

pwm.c estimated size: 35

C:\Program Files (x86)\Microchip\xc8\v1.38\sources\common\awdiv.c
		___awdiv       		CODE           	0A2D	0000	82

C:\Program Files (x86)\Microchip\xc8\v1.38\sources\common\awdiv.c estimated size: 82

adc.c
		_readAnalog    		CODE           	029B	0000	318
		_ADCC_Initialize		CODE           	17B1	0000	27
		_ADCRead       		CODE           	0802	0000	15

adc.c estimated size: 360

C:\Program Files (x86)\Microchip\xc8\v1.38\sources\common\aldiv.c
		___aldiv       		CODE           	0006	0000	131

C:\Program Files (x86)\Microchip\xc8\v1.38\sources\common\aldiv.c estimated size: 131

tmr2.c
		_TMR2_Initialize		CODE           	174A	0000	15

tmr2.c estimated size: 15

C:\Program Files (x86)\Microchip\xc8\v1.38\sources\common\fttol.c
		___fttol       		CODE           	0B42	0000	135

C:\Program Files (x86)\Microchip\xc8\v1.38\sources\common\fttol.c estimated size: 135

shared
		__initialization		CODE           	07B7	0000	71
		log@coeff      		STRCODE        	1000	0000	28

shared estimated size: 99

tempCalc.c
		_tempCalc      		CODE           	017E	0000	286

tempCalc.c estimated size: 286

C:\Program Files (x86)\Microchip\xc8\v1.38\sources\common\awtoft.c
		___awtoft      		CODE           	082E	0000	33

C:\Program Files (x86)\Microchip\xc8\v1.38\sources\common\awtoft.c estimated size: 33

C:\Program Files (x86)\Microchip\xc8\v1.38\sources\common\ftadd.c
		___ftadd       		CODE           	0088	0000	247

C:\Program Files (x86)\Microchip\xc8\v1.38\sources\common\ftadd.c estimated size: 247

menu.c
		_readKey       		CODE           	1782	0000	24
		_menuChoice    		CODE           	03D8	0000	373

menu.c estimated size: 397

lcd.c
		_LCD_Init      		CODE           	0BC8	0000	136
		_LCD_Write_Char		CODE           	0894	0000	45
		_InitCustomChars		CODE           	086E	0000	39
		_LCD_Cmd       		CODE           	1758	0000	21
		_LCD_Set_Cursor		CODE           	0967	0000	64
		_LCD_Clear     		CODE           	1709	0000	9
		_LCD_Port      		CODE           	1799	0000	25
		_LCD_Write_String		CODE           	17CB	0000	27
		_LCD_Write_Int 		CODE           	0E5C	0000	202

lcd.c estimated size: 568

C:\Program Files (x86)\Microchip\xc8\v1.38\sources\common\evalpoly.c
		_eval_poly     		CODE           	0A7E	0000	97

C:\Program Files (x86)\Microchip\xc8\v1.38\sources\common\evalpoly.c estimated size: 97

pin_manager.c
		_PIN_MANAGER_Initialize		CODE           	08C0	0000	50

pin_manager.c estimated size: 50

main.c
		_main          		CODE           	054C	0000	620

main.c estimated size: 620

pid.c
		_PID_Calculate 		CODE           	0F25	0000	220

pid.c estimated size: 220

system.c
		_OSCILLATOR_Initialize		CODE           	1711	0000	10
		_SYSTEM_Initialize		CODE           	09A6	0000	67

system.c estimated size: 77

C:\Program Files (x86)\Microchip\xc8\v1.38\sources\common\ftge.c
		___ftge        		CODE           	08F1	0000	60

C:\Program Files (x86)\Microchip\xc8\v1.38\sources\common\ftge.c estimated size: 60

