Microchip MPLAB XC8 Compiler V1.45 ()

Linker command line:

-W-3 --edf=C:\Program Files (x86)\Microchip\xc8\v1.45\dat\en_msgs.txt -cs \
  -h+dist/default/production\MPPT_Charger.X.production.sym \
  --cmf=dist/default/production\MPPT_Charger.X.production.cmf -z -Q16F18855 \
  -oC:\Users\DAVE\AppData\Local\Temp\s3pk.2 \
  -Mdist/default/production/MPPT_Charger.X.production.map -E1 -ver=XC8 \
  -ASTACK=020B0h-022afh -pstack=STACK -ACODE=00h-07FFhx4 \
  -ASTRCODE=00h-01FFFh -ASTRING=00h-0FFhx32 -ACONST=00h-0FFhx32 \
  -AENTRY=00h-0FFhx32 -ACOMMON=070h-07Fh -ABANK0=020h-06Fh \
  -ABANK1=0A0h-0EFh -ABANK2=0120h-016Fh -ABANK3=01A0h-01EFh \
  -ABANK4=0220h-026Fh -ABANK5=02A0h-02EFh -ABANK6=0320h-036Fh \
  -ABANK7=03A0h-03EFh -ABANK8=0420h-046Fh -ABANK9=04A0h-04EFh \
  -ABANK10=0520h-056Fh -ABANK11=05A0h-05EFh -ABANK12=0620h-064Fh \
  -ABIGRAM=02000h-023EFh \
  -ARAM=020h-06Fh,0A0h-0EFh,0120h-016Fh,01A0h-01EFh,0220h-026Fh,02A0h-02EFh,0320h-036Fh,03A0h-03EFh,0420h-046Fh,04A0h-04EFh,0520h-056Fh,05A0h-05EFh,0620h-064Fh \
  -AABS1=020h-07Fh,0A0h-0EFh,0120h-016Fh,01A0h-01EFh,0220h-026Fh,02A0h-02EFh,0320h-036Fh,03A0h-03EFh,0420h-046Fh,04A0h-04EFh,0520h-056Fh,05A0h-05EFh,0620h-064Fh \
  -ASFR0=00h-01Fh -ASFR1=080h-09Fh -ASFR2=0100h-011Fh -ASFR3=0180h-019Fh \
  -ASFR4=0200h-021Fh -ASFR5=0280h-029Fh -ASFR6=0300h-031Fh \
  -ASFR7=0380h-039Fh -ASFR8=0400h-041Fh -ASFR9=0480h-049Fh \
  -ASFR10=0500h-051Fh -ASFR11=0580h-059Fh -ASFR12=0600h-061Fh \
  -ASFR13=0680h-06EFh -ASFR14=0700h-076Fh -ASFR15=0780h-07EFh \
  -ASFR16=0800h-086Fh -ASFR17=0880h-08EFh -ASFR18=0900h-096Fh \
  -ASFR19=0980h-09EFh -ASFR20=0A00h-0A6Fh -ASFR21=0A80h-0AEFh \
  -ASFR22=0B00h-0B6Fh -ASFR23=0B80h-0BEFh -ASFR24=0C00h-0C6Fh \
  -ASFR25=0C80h-0CEFh -ASFR26=0D00h-0D6Fh -ASFR27=0D80h-0DEFh \
  -ASFR28=0E00h-0E6Fh -ASFR29=0E80h-0EEFh -ASFR30=0F00h-0F6Fh \
  -ASFR31=0F80h-0FEFh -preset_vec=00h,intentry,init,end_init -ppowerup=CODE \
  -pcinit=CODE -pfunctab=ENTRY -ACONFIG=08007h-0800Bh -pconfig=CONFIG \
  -DCONFIG=2 -AIDLOC=08000h-08003h -pidloc=IDLOC -DIDLOC=2 \
  -AEEDATA=00h-0FFh/0F000h -peeprom_data=EEDATA -DEEDATA=2 -DCODE=2 \
  -DSTRCODE=2 -DSTRING=2 -DCONST=2 -DENTRY=2 -k \
  C:\Users\DAVE\AppData\Local\Temp\s3pk.obj \
  dist/default/production\MPPT_Charger.X.production.obj 

Object code version is 3.11

Machine type is 16F18855



                Name                               Link     Load   Length Selector   Space Scale
C:\Users\DAVE\AppData\Local\Temp\s3pk.obj
                end_init                              2        2        2        0       0
                reset_vec                             0        0        2        0       0
                config                             8007     8007        5    1000E       0
dist/default/production\MPPT_Charger.X.production.obj
                cinit                               7CF      7CF       31      F9E       0
                text26                              E46      E46       25     1C8C       0
                text25                              DCE      DCE       1B     1B9C       0
                text24                              FAC      FAC       54     1F58       0
                text23                              F5B      F5B       51     1EB6       0
                text22                              E91      E91       2C     1D22       0
                text21                              2B0      2B0       B9      560       0
                text20                              DA2      DA2       16     1B44       0
                text19                              DB8      DB8       16     1B70       0
                text18                              E07      E07       1F     1C0E       0
                text17                                5        5       13        A       0
                text16                              E6B      E6B       26     1CD6       0
                text15                              F20      F20       3B     1E40       0
                text14                              D40      D40        9     1A80       0
                text13                              EEB      EEB       35     1DD6       0
                text12                              D8D      D8D       15     1B1A       0
                text11                              D61      D61        E     1AC2       0
                text10                              EBD      EBD       2E     1D7A       0
                text9                                18       18       64       30       0
                text8                               E26      E26       20     1C4C       0
                text7                               207      207       A9      40E       0
                text6                               180      180       87      300       0
                text5                               DE9      DE9       1E     1BD2       0
                text4                               D6F      D6F        E     1ADE       0
                text3                                7C       7C       82       F8       0
                text2                               369      369      139      6D2       0
                text1                                FE       FE       82      1FC       0
                maintext                            4A2      4A2      32D      944       0
                cstackBANK0                          20       20       38       20       1
                cstackCOMMON                         70       70        E       70       1
                clrtext                             D49      D49        C     1A92       0
                inittext                            D55      D55        C     1AAA       0
                dataBANK2                           120      120       10      120       1
                bssBANK1                             A0       A0       45       A0       1
                bssBANK0                             58       58       13       20       1
                stringtext1                         800      800      12F     1000       0
                idataBANK2                          D7D      D7D       10     1AFA       0

TOTAL           Name                               Link     Load   Length     Space
        CLASS   STACK          

        CLASS   CODE           
                end_init                              2        2        2         0
                cinit                               7CF      7CF       31         0
                reset_vec                             0        0        2         0
                text26                              E46      E46       25         0
                text25                              DCE      DCE       1B         0
                text24                              FAC      FAC       54         0
                text23                              F5B      F5B       51         0
                text22                              E91      E91       2C         0
                text21                              2B0      2B0       B9         0
                text20                              DA2      DA2       16         0
                text19                              DB8      DB8       16         0
                text18                              E07      E07       1F         0
                text17                                5        5       13         0
                text16                              E6B      E6B       26         0
                text15                              F20      F20       3B         0
                text14                              D40      D40        9         0
                text13                              EEB      EEB       35         0
                text12                              D8D      D8D       15         0
                text11                              D61      D61        E         0
                text10                              EBD      EBD       2E         0
                text9                                18       18       64         0
                text8                               E26      E26       20         0
                text7                               207      207       A9         0
                text6                               180      180       87         0
                text5                               DE9      DE9       1E         0
                text4                               D6F      D6F        E         0
                text3                                7C       7C       82         0
                text2                               369      369      139         0
                text1                                FE       FE       82         0
                maintext                            4A2      4A2      32D         0
                clrtext                             D49      D49        C         0
                inittext                            D55      D55        C         0
                idataBANK2                          D7D      D7D       10         0

        CLASS   STRCODE        
                stringtext1                         800      800      12F         0

        CLASS   STRING         

        CLASS   CONST          

        CLASS   ENTRY          

        CLASS   COMMON         
                cstackCOMMON                         70       70        E         1

        CLASS   BANK0          
                cstackBANK0                          20       20       38         1
                bssBANK0                             58       58       13         1

        CLASS   BANK1          
                bssBANK1                             A0       A0       45         1

        CLASS   BANK2          
                dataBANK2                           120      120       10         1

        CLASS   BANK3          

        CLASS   BANK4          

        CLASS   BANK5          

        CLASS   BANK6          

        CLASS   BANK7          

        CLASS   BANK8          

        CLASS   BANK9          

        CLASS   BANK10         

        CLASS   BANK11         

        CLASS   BANK12         

        CLASS   BIGRAM         

        CLASS   RAM            

        CLASS   ABS1           
                abs_s1                               7E       7E        2         1
                abs_s1                              450      450       20         1
                abs_s1                              4A0      4A0       50         1
                abs_s1                              520      520       50         1
                abs_s1                              5A0      5A0       50         1
                abs_s1                              620      620       30         1
                abs_s1                             22B0     22B0        0         1

        CLASS   SFR0           

        CLASS   SFR1           

        CLASS   SFR2           

        CLASS   SFR3           

        CLASS   SFR4           

        CLASS   SFR5           

        CLASS   SFR6           

        CLASS   SFR7           

        CLASS   SFR8           

        CLASS   SFR9           

        CLASS   SFR10          

        CLASS   SFR11          

        CLASS   SFR12          

        CLASS   SFR13          

        CLASS   SFR14          

        CLASS   SFR15          

        CLASS   SFR16          

        CLASS   SFR17          

        CLASS   SFR18          

        CLASS   SFR19          

        CLASS   SFR20          

        CLASS   SFR21          

        CLASS   SFR22          

        CLASS   SFR23          

        CLASS   SFR24          

        CLASS   SFR25          

        CLASS   SFR26          

        CLASS   SFR27          

        CLASS   SFR28          

        CLASS   SFR29          

        CLASS   SFR30          

        CLASS   SFR31          

        CLASS   CONFIG         
                config                             8007     8007        5         0

        CLASS   IDLOC          

        CLASS   EEDATA         

        CLASS   BANK31         

        CLASS   BANK30         

        CLASS   BANK29         

        CLASS   BANK28         

        CLASS   BANK27         

        CLASS   BANK26         

        CLASS   BANK25         

        CLASS   BANK24         

        CLASS   BANK23         

        CLASS   BANK22         

        CLASS   BANK21         

        CLASS   BANK20         

        CLASS   BANK19         

        CLASS   BANK18         

        CLASS   BANK17         

        CLASS   BANK16         

        CLASS   BANK15         

        CLASS   BANK14         

        CLASS   BANK13         



SEGMENTS        Name                           Load    Length   Top    Selector   Space  Class     Delta

                reset_vec                      000000  000004  000004         0       0  CODE        2
                text17                         000005  000013  000018         A       0  CODE        2
                cstackBANK0                    000020  00004B  00006B        20       1  BANK0       1
                text9                          000018  000064  00007C        30       0  CODE        2
                cstackCOMMON                   000070  00000E  00007E        70       1  COMMON      1
                bssBANK1                       0000A0  000045  0000E5        A0       1  BANK1       1
                text3                          00007C  000082  0000FE        F8       0  CODE        2
                dataBANK2                      000120  000010  000130       120       1  BANK2       1
                text1                          0000FE  000082  000180       1FC       0  CODE        2
                text6                          000180  000087  000207       300       0  CODE        2
                text7                          000207  0000A9  0002B0       40E       0  CODE        2
                text21                         0002B0  0000B9  000369       560       0  CODE        2
                text2                          000369  000139  0004A2       6D2       0  CODE        2
                maintext                       0004A2  00032D  0007CF       944       0  CODE        2
                cinit                          0007CF  000031  000800       F9E       0  CODE        2
                stringtext1                    000800  00012F  00092F      1000       0  STRCODE     2
                text14                         000D40  000009  000D49      1A80       0  CODE        2
                clrtext                        000D49  00000C  000D55      1A92       0  CODE        2
                inittext                       000D55  00000C  000D61      1AAA       0  CODE        2
                text11                         000D61  00000E  000D6F      1AC2       0  CODE        2
                text4                          000D6F  00000E  000D7D      1ADE       0  CODE        2
                idataBANK2                     000D7D  000010  000D8D      1AFA       0  CODE        2
                text12                         000D8D  000015  000DA2      1B1A       0  CODE        2
                text20                         000DA2  000016  000DB8      1B44       0  CODE        2
                text19                         000DB8  000016  000DCE      1B70       0  CODE        2
                text25                         000DCE  00001B  000DE9      1B9C       0  CODE        2
                text5                          000DE9  00001E  000E07      1BD2       0  CODE        2
                text18                         000E07  00001F  000E26      1C0E       0  CODE        2
                text8                          000E26  000020  000E46      1C4C       0  CODE        2
                text26                         000E46  000025  000E6B      1C8C       0  CODE        2
                text16                         000E6B  000026  000E91      1CD6       0  CODE        2
                text22                         000E91  00002C  000EBD      1D22       0  CODE        2
                text10                         000EBD  00002E  000EEB      1D7A       0  CODE        2
                text13                         000EEB  000035  000F20      1DD6       0  CODE        2
                text15                         000F20  00003B  000F5B      1E40       0  CODE        2
                text23                         000F5B  000051  000FAC      1EB6       0  CODE        2
                text24                         000FAC  000054  001000      1F58       0  CODE        2
                config                         008007  000005  00800C     1000E       0  CONFIG      2


UNUSED ADDRESS RANGES

        Name                Unused          Largest block    Delta
        BANK0            0006B-0006F               5           1
        BANK1            000E5-000EF               B           1
        BANK2            00130-0016F              40           1
        BANK3            001A0-001EF              50           1
        BANK4            00220-0026F              50           1
        BANK5            002A0-002EF              50           1
        BANK6            00320-0036F              50           1
        BANK7            003A0-003EF              50           1
        BANK8            00420-0044F              30           1
        BIGRAM           02000-023EF             3F0           1
        CODE             00004-00004               1           2
                         0092F-00D3F             411
                         01000-01FFF             800
        CONST            00004-00004               1           2
                         0092F-00D3F             100
                         01000-01FFF             100
        EEDATA           0F000-0F0FF             100           2
        ENTRY            00004-00004               1           2
                         0092F-00D3F             100
                         01000-01FFF             100
        IDLOC            08000-08003               4           2
        RAM              0006B-0006F               5           1
                         000E5-000EF               B
                         00130-0016F              40
                         001A0-001EF              50
                         00220-0026F              50
                         002A0-002EF              50
                         00320-0036F              50
                         003A0-003EF              50
                         00420-0044F              30
        SFR0             00000-0001F              20           1
        SFR1             00080-0009F              20           1
        SFR10            00500-0051F              20           1
        SFR11            00580-0059F              20           1
        SFR12            00600-0061F              20           1
        SFR13            00680-006EF              70           1
        SFR14            00700-0076F              70           1
        SFR15            00780-007EF              70           1
        SFR16            00800-0086F              70           1
        SFR17            00880-008EF              70           1
        SFR18            00900-0096F              70           1
        SFR19            00980-009EF              70           1
        SFR2             00100-0011F              20           1
        SFR20            00A00-00A6F              70           1
        SFR21            00A80-00AEF              70           1
        SFR22            00B00-00B6F              70           1
        SFR23            00B80-00BEF              70           1
        SFR24            00C00-00C6F              70           1
        SFR25            00C80-00CEF              70           1
        SFR26            00D00-00D6F              70           1
        SFR27            00D80-00DEF              70           1
        SFR28            00E00-00E6F              70           1
        SFR29            00E80-00EEF              70           1
        SFR3             00180-0019F              20           1
        SFR30            00F00-00F6F              70           1
        SFR31            00F80-00FEF              70           1
        SFR4             00200-0021F              20           1
        SFR5             00280-0029F              20           1
        SFR6             00300-0031F              20           1
        SFR7             00380-0039F              20           1
        SFR8             00400-0041F              20           1
        SFR9             00480-0049F              20           1
        STACK            020B0-022AF             200           1
        STRCODE          00004-00004               1           2
                         0092F-00D3F             411
                         01000-01FFF            1000
        STRING           00004-00004               1           2
                         0092F-00D3F             100
                         01000-01FFF             100

                                  Symbol Table

?_ADCRead                        cstackCOMMON 00070
?___aldiv                        cstackCOMMON 00070
?___awdiv                        cstackCOMMON 00070
?___awtoft                       cstackCOMMON 00078
?___ftdiv                        cstackBANK0  00020
?___ftpack                       cstackCOMMON 00070
?___fttol                        cstackBANK0  00030
?___lwmod                        cstackCOMMON 00070
?___wmul                         cstackCOMMON 00070
?_readAnalog                     cstackBANK0  00026
ADCRead@channel                  cstackCOMMON 00073
LCDClear@index                   cstackCOMMON 00079
LCDWrite@d                       cstackCOMMON 00073
LCDWrite@data                    cstackCOMMON 00070
LCDWrite@data_or_command         cstackCOMMON 00072
LCDWrite@i                       cstackCOMMON 00074
LCDWriteCharacter@base           cstackCOMMON 0007A
LCDWriteCharacter@character      cstackCOMMON 00079
LCDWriteInt@F14395               bssBANK1     000D8
LCDWriteInt@fieldLength          cstackBANK0  00022
LCDWriteInt@i                    cstackBANK0  0002F
LCDWriteInt@j                    cstackBANK0  0002E
LCDWriteInt@numPlaces            cstackBANK0  00023
LCDWriteInt@sign                 cstackBANK0  00024
LCDWriteInt@str                  cstackBANK0  00029
LCDWriteInt@value                cstackBANK0  00020
PIN_MANAGER_Initialize@state     cstackCOMMON 00070
PWM6_LoadDutyValue@dutyCycle6    cstackCOMMON 00070
PWM7_LoadDutyValue@dutyCycle7    cstackCOMMON 00070
_ADACQ                           (abs)        0009D
_ADACT                           (abs)        00099
_ADCAP                           (abs)        0009B
_ADCLK                           (abs)        00098
_ADCON0                          (abs)        00093
_ADCON0bits                      (abs)        00093
_ADCON1                          (abs)        00094
_ADCON2                          (abs)        00095
_ADCON3                          (abs)        00096
_ADCRead                         text4        00D6F
_ADC_Initialize                  text18       00E07
_ADLTHH                          (abs)        0010F
_ADLTHL                          (abs)        0010E
_ADPCH                           (abs)        0009E
_ADPRE                           (abs)        0009C
_ADREF                           (abs)        0009A
_ADRESH                          (abs)        0008D
_ADRESL                          (abs)        0008C
_ADRPT                           (abs)        0010D
_ADSTAT                          (abs)        00097
_ADSTPTH                         (abs)        00113
_ADSTPTL                         (abs)        00112
_ADUTHH                          (abs)        00111
_ADUTHL                          (abs)        00110
_ANSELA                          (abs)        00F38
_ANSELB                          (abs)        00F43
_ANSELC                          (abs)        00F4E
_CCPTMRS1bits                    (abs)        0021F
_FVRCON                          (abs)        0090C
_GIE                             (abs)        0005F
_Iflat_db                        bssBANK0     00060
_Imin                            bssBANK0     0005E
_Imin_db                         bssBANK0     00069
_Imode                           bssBANK0     00068
_Iout                            bssBANK1     000DD
_Iref                            bssBANK1     000E1
_LATA                            (abs)        00016
_LATAbits                        (abs)        00016
_LATB                            (abs)        00017
_LATC                            (abs)        00018
_LCDClear                        text16       00E6B
_LCDInit                         text15       00F20
_LCDWrite                        text26       00E46
_LCDWriteCharacter               text24       00FAC
_LCDWriteInt                     text21       002B0
_OSCCON1                         (abs)        0088D
_OSCCON3                         (abs)        0088F
_OSCEN                           (abs)        00891
_OSCFRQ                          (abs)        00893
_OSCILLATOR_Initialize           text14       00D40
_OSCTUNE                         (abs)        00892
_PIE0bits                        (abs)        00716
_PIN_MANAGER_Initialize          text13       00EEB
_PIR4bits                        (abs)        00710
_PPSLOCK                         (abs)        00E8F
_PPSLOCKbits                     (abs)        00E8F
_PWM6CON                         (abs)        0038E
_PWM6DCH                         (abs)        0038D
_PWM6DCL                         (abs)        0038C
_PWM6_LoadDutyValue              text20       00DA2
_PWM7CON                         (abs)        00392
_PWM7DCH                         (abs)        00391
_PWM7DCL                         (abs)        00390
_PWM7_LoadDutyValue              text19       00DB8
_PWM_Initialize                  text12       00D8D
_RA6PPS                          (abs)        00F16
_RA7PPS                          (abs)        00F17
_RB2                             (abs)        0006A
_SYSTEM_Initialize               text10       00EBD
_T2CLKCON                        (abs)        00290
_T2CON                           (abs)        0028E
_T2CONbits                       (abs)        0028E
_T2HLT                           (abs)        0028F
_T2PR                            (abs)        0028D
_T2RST                           (abs)        00291
_T2TMR                           (abs)        0028C
_TMR2_Initialize                 text11       00D61
_TRISA                           (abs)        00011
_TRISA6                          (abs)        0008E
_TRISA7                          (abs)        0008F
_TRISAbits                       (abs)        00011
_TRISB                           (abs)        00012
_TRISC                           (abs)        00013
_Vout                            bssBANK0     0005A
_Vref                            bssBANK0     0005C
_WPUA                            (abs)        00F39
_WPUB                            (abs)        00F44
_WPUC                            (abs)        00F4F
_WPUE                            (abs)        00F65
__CFG_BOREN$ON                   (abs)        00000
__CFG_BORV$LO                    (abs)        00000
__CFG_CLKOUTEN$OFF               (abs)        00000
__CFG_CP$OFF                     (abs)        00000
__CFG_CPD$OFF                    (abs)        00000
__CFG_CSWEN$ON                   (abs)        00000
__CFG_FCMEN$ON                   (abs)        00000
__CFG_FEXTOSC$OFF                (abs)        00000
__CFG_LPBOREN$OFF                (abs)        00000
__CFG_LVP$ON                     (abs)        00000
__CFG_MCLRE$ON                   (abs)        00000
__CFG_PPS1WAY$ON                 (abs)        00000
__CFG_PWRTE$OFF                  (abs)        00000
__CFG_RSTOSC$HFINT32             (abs)        00000
__CFG_SCANE$not_available        (abs)        00000
__CFG_STVREN$ON                  (abs)        00000
__CFG_WDTCCS$SC                  (abs)        00000
__CFG_WDTCPS$WDTCPS_31           (abs)        00000
__CFG_WDTCWS$WDTCWS_7            (abs)        00000
__CFG_WDTE$OFF                   (abs)        00000
__CFG_WRT$OFF                    (abs)        00000
__CFG_ZCD$OFF                    (abs)        00000
__Habs1                          abs1         00000
__Hbank0                         bank0        00000
__Hbank1                         bank1        00000
__Hbank10                        bank10       00000
__Hbank11                        bank11       00000
__Hbank12                        bank12       00000
__Hbank13                        bank13       00000
__Hbank14                        bank14       00000
__Hbank15                        bank15       00000
__Hbank16                        bank16       00000
__Hbank17                        bank17       00000
__Hbank18                        bank18       00000
__Hbank19                        bank19       00000
__Hbank2                         bank2        00000
__Hbank20                        bank20       00000
__Hbank21                        bank21       00000
__Hbank22                        bank22       00000
__Hbank23                        bank23       00000
__Hbank24                        bank24       00000
__Hbank25                        bank25       00000
__Hbank26                        bank26       00000
__Hbank27                        bank27       00000
__Hbank28                        bank28       00000
__Hbank29                        bank29       00000
__Hbank3                         bank3        00000
__Hbank30                        bank30       00000
__Hbank31                        bank31       00000
__Hbank4                         bank4        00000
__Hbank5                         bank5        00000
__Hbank6                         bank6        00000
__Hbank7                         bank7        00000
__Hbank8                         bank8        00000
__Hbank9                         bank9        00000
__Hbigram                        bigram       00000
__HbssBANK0                      bssBANK0     00000
__HbssBANK1                      bssBANK1     00000
__Hcinit                         cinit        00800
__Hclrtext                       clrtext      00000
__Hcode                          code         00000
__Hcommon                        common       00000
__Hconfig                        config       0800C
__HcstackBANK0                   cstackBANK0  00000
__HcstackCOMMON                  cstackCOMMON 00000
__HdataBANK2                     dataBANK2    00000
__Heeprom_data                   eeprom_data  00000
__Hend_init                      end_init     00004
__Hfunctab                       functab      00000
__HidataBANK2                    idataBANK2   00000
__Hidloc                         idloc        00000
__Hinit                          init         00002
__Hinittext                      inittext     00000
__Hintentry                      intentry     00002
__Hmaintext                      maintext     00000
__Hpowerup                       powerup      00000
__Hram                           ram          00000
__Hreset_vec                     reset_vec    00002
__Hsfr0                          sfr0         00000
__Hsfr1                          sfr1         00000
__Hsfr10                         sfr10        00000
__Hsfr11                         sfr11        00000
__Hsfr12                         sfr12        00000
__Hsfr13                         sfr13        00000
__Hsfr14                         sfr14        00000
__Hsfr15                         sfr15        00000
__Hsfr16                         sfr16        00000
__Hsfr17                         sfr17        00000
__Hsfr18                         sfr18        00000
__Hsfr19                         sfr19        00000
__Hsfr2                          sfr2         00000
__Hsfr20                         sfr20        00000
__Hsfr21                         sfr21        00000
__Hsfr22                         sfr22        00000
__Hsfr23                         sfr23        00000
__Hsfr24                         sfr24        00000
__Hsfr25                         sfr25        00000
__Hsfr26                         sfr26        00000
__Hsfr27                         sfr27        00000
__Hsfr28                         sfr28        00000
__Hsfr29                         sfr29        00000
__Hsfr3                          sfr3         00000
__Hsfr30                         sfr30        00000
__Hsfr31                         sfr31        00000
__Hsfr4                          sfr4         00000
__Hsfr5                          sfr5         00000
__Hsfr6                          sfr6         00000
__Hsfr7                          sfr7         00000
__Hsfr8                          sfr8         00000
__Hsfr9                          sfr9         00000
__Hspace_0                       (abs)        0800C
__Hspace_1                       (abs)        00130
__Hspace_2                       (abs)        00000
__Hspace_3                       (abs)        00000
__Hstack                         stack        00000
__Hstrings                       strings      00000
__Hstringtext1                   stringtext1  00000
__Htext                          text         00000
__Labs1                          abs1         00000
__Lbank0                         bank0        00000
__Lbank1                         bank1        00000
__Lbank10                        bank10       00000
__Lbank11                        bank11       00000
__Lbank12                        bank12       00000
__Lbank13                        bank13       00000
__Lbank14                        bank14       00000
__Lbank15                        bank15       00000
__Lbank16                        bank16       00000
__Lbank17                        bank17       00000
__Lbank18                        bank18       00000
__Lbank19                        bank19       00000
__Lbank2                         bank2        00000
__Lbank20                        bank20       00000
__Lbank21                        bank21       00000
__Lbank22                        bank22       00000
__Lbank23                        bank23       00000
__Lbank24                        bank24       00000
__Lbank25                        bank25       00000
__Lbank26                        bank26       00000
__Lbank27                        bank27       00000
__Lbank28                        bank28       00000
__Lbank29                        bank29       00000
__Lbank3                         bank3        00000
__Lbank30                        bank30       00000
__Lbank31                        bank31       00000
__Lbank4                         bank4        00000
__Lbank5                         bank5        00000
__Lbank6                         bank6        00000
__Lbank7                         bank7        00000
__Lbank8                         bank8        00000
__Lbank9                         bank9        00000
__Lbigram                        bigram       00000
__LbssBANK0                      bssBANK0     00000
__LbssBANK1                      bssBANK1     00000
__Lcinit                         cinit        007CF
__Lclrtext                       clrtext      00000
__Lcode                          code         00000
__Lcommon                        common       00000
__Lconfig                        config       08007
__LcstackBANK0                   cstackBANK0  00000
__LcstackCOMMON                  cstackCOMMON 00000
__LdataBANK2                     dataBANK2    00000
__Leeprom_data                   eeprom_data  00000
__Lend_init                      end_init     00002
__Lfunctab                       functab      00000
__LidataBANK2                    idataBANK2   00000
__Lidloc                         idloc        00000
__Linit                          init         00002
__Linittext                      inittext     00000
__Lintentry                      intentry     00002
__Lmaintext                      maintext     00000
__Lpowerup                       powerup      00000
__Lram                           ram          00000
__Lreset_vec                     reset_vec    00000
__Lsfr0                          sfr0         00000
__Lsfr1                          sfr1         00000
__Lsfr10                         sfr10        00000
__Lsfr11                         sfr11        00000
__Lsfr12                         sfr12        00000
__Lsfr13                         sfr13        00000
__Lsfr14                         sfr14        00000
__Lsfr15                         sfr15        00000
__Lsfr16                         sfr16        00000
__Lsfr17                         sfr17        00000
__Lsfr18                         sfr18        00000
__Lsfr19                         sfr19        00000
__Lsfr2                          sfr2         00000
__Lsfr20                         sfr20        00000
__Lsfr21                         sfr21        00000
__Lsfr22                         sfr22        00000
__Lsfr23                         sfr23        00000
__Lsfr24                         sfr24        00000
__Lsfr25                         sfr25        00000
__Lsfr26                         sfr26        00000
__Lsfr27                         sfr27        00000
__Lsfr28                         sfr28        00000
__Lsfr29                         sfr29        00000
__Lsfr3                          sfr3         00000
__Lsfr30                         sfr30        00000
__Lsfr31                         sfr31        00000
__Lsfr4                          sfr4         00000
__Lsfr5                          sfr5         00000
__Lsfr6                          sfr6         00000
__Lsfr7                          sfr7         00000
__Lsfr8                          sfr8         00000
__Lsfr9                          sfr9         00000
__Lspace_0                       (abs)        00000
__Lspace_1                       (abs)        00000
__Lspace_2                       (abs)        00000
__Lspace_3                       (abs)        00000
__Lstack                         stack        00000
__Lstrings                       strings      00000
__Lstringtext1                   stringtext1  00000
__Ltext                          text         00000
__S0                             (abs)        0800C
__S1                             (abs)        00130
__S2                             (abs)        00000
__S3                             (abs)        00000
___aldiv                         text3        0007C
___aldiv@counter                 cstackBANK0  00020
___aldiv@dividend                cstackCOMMON 00074
___aldiv@divisor                 cstackCOMMON 00070
___aldiv@quotient                cstackBANK0  00022
___aldiv@sign                    cstackBANK0  00021
___awdiv                         text23       00F5B
___awdiv@counter                 cstackCOMMON 00075
___awdiv@dividend                cstackCOMMON 00072
___awdiv@divisor                 cstackCOMMON 00070
___awdiv@quotient                cstackCOMMON 00077
___awdiv@sign                    cstackCOMMON 00076
___awtoft                        text8        00E26
___awtoft@c                      cstackCOMMON 00078
___awtoft@sign                   cstackCOMMON 0007D
___ftdiv                         text7        00207
___ftdiv@cntr                    cstackBANK0  0002A
___ftdiv@exp                     cstackBANK0  0002E
___ftdiv@f1                      cstackBANK0  00023
___ftdiv@f2                      cstackBANK0  00020
___ftdiv@f3                      cstackBANK0  0002B
___ftdiv@sign                    cstackBANK0  0002F
___ftpack                        text9        00018
___ftpack@arg                    cstackCOMMON 00070
___ftpack@exp                    cstackCOMMON 00073
___ftpack@sign                   cstackCOMMON 00074
___fttol                         text6        00180
___fttol@exp1                    cstackBANK0  0003D
___fttol@f1                      cstackBANK0  00030
___fttol@lval                    cstackBANK0  00039
___fttol@sign1                   cstackBANK0  00038
___int_sp                        stack        00000
___latbits                       (abs)        00002
___lwmod                         text22       00E91
___lwmod@counter                 cstackCOMMON 00075
___lwmod@dividend                cstackCOMMON 00072
___lwmod@divisor                 cstackCOMMON 00070
___sp                            stack        00000
___wmul                          text25       00DCE
___wmul@multiplicand             cstackCOMMON 00072
___wmul@multiplier               cstackCOMMON 00070
___wmul@product                  cstackCOMMON 00074
__end_of_ADCRead                 text4        00D7D
__end_of_ADC_Initialize          text18       00E26
__end_of_LCDClear                text16       00E91
__end_of_LCDInit                 text15       00F5B
__end_of_LCDWrite                text26       00E6B
__end_of_LCDWriteCharacter       text24       01000
__end_of_LCDWriteInt             text21       00369
__end_of_OSCILLATOR_Initialize   text14       00D49
__end_of_PIN_MANAGER_Initialize  text13       00F20
__end_of_PWM6_LoadDutyValue      text20       00DB8
__end_of_PWM7_LoadDutyValue      text19       00DCE
__end_of_PWM_Initialize          text12       00DA2
__end_of_SYSTEM_Initialize       text10       00EEB
__end_of_TMR2_Initialize         text11       00D6F
__end_of___aldiv                 text3        000FE
__end_of___awdiv                 text23       00FAC
__end_of___awtoft                text8        00E46
__end_of___ftdiv                 text7        002B0
__end_of___ftpack                text9        0007C
__end_of___fttol                 text6        00207
__end_of___lwmod                 text22       00EBD
__end_of___wmul                  text25       00DE9
__end_of__initialization         cinit        007FD
__end_of_cc_cv_mode              text5        00E07
__end_of_fonts                   stringtext1  0092F
__end_of_gotoXY                  text17       00018
__end_of_main                    maintext     007CF
__end_of_readAnalog              text2        004A2
__end_of_readButton              text1        00180
__initialization                 cinit        007CF
__pbssBANK0                      bssBANK0     00058
__pbssBANK1                      bssBANK1     000A0
__pbssBIGRAM                     (abs)        022B0
__pcstackBANK0                   cstackBANK0  00020
__pcstackCOMMON                  cstackCOMMON 00070
__pdataBANK2                     dataBANK2    00120
__pidataBANK2                    idataBANK2   00D7D
__pmaintext                      maintext     004A2
__pstringtext1                   stringtext1  00800
__ptext1                         text1        000FE
__ptext10                        text10       00EBD
__ptext11                        text11       00D61
__ptext12                        text12       00D8D
__ptext13                        text13       00EEB
__ptext14                        text14       00D40
__ptext15                        text15       00F20
__ptext16                        text16       00E6B
__ptext17                        text17       00005
__ptext18                        text18       00E07
__ptext19                        text19       00DB8
__ptext2                         text2        00369
__ptext20                        text20       00DA2
__ptext21                        text21       002B0
__ptext22                        text22       00E91
__ptext23                        text23       00F5B
__ptext24                        text24       00FAC
__ptext25                        text25       00DCE
__ptext26                        text26       00E46
__ptext3                         text3        0007C
__ptext4                         text4        00D6F
__ptext5                         text5        00DE9
__ptext6                         text6        00180
__ptext7                         text7        00207
__ptext8                         text8        00E26
__ptext9                         text9        00018
__size_of_ADCRead                (abs)        00000
__size_of_ADC_Initialize         (abs)        00000
__size_of_LCDClear               (abs)        00000
__size_of_LCDInit                (abs)        00000
__size_of_LCDWrite               (abs)        00000
__size_of_LCDWriteCharacter      (abs)        00000
__size_of_LCDWriteInt            (abs)        00000
__size_of_OSCILLATOR_Initialize  (abs)        00000
__size_of_PIN_MANAGER_Initialize (abs)        00000
__size_of_PWM6_LoadDutyValue     (abs)        00000
__size_of_PWM7_LoadDutyValue     (abs)        00000
__size_of_PWM_Initialize         (abs)        00000
__size_of_SYSTEM_Initialize      (abs)        00000
__size_of_TMR2_Initialize        (abs)        00000
__size_of___aldiv                (abs)        00000
__size_of___awdiv                (abs)        00000
__size_of___awtoft               (abs)        00000
__size_of___ftdiv                (abs)        00000
__size_of___ftpack               (abs)        00000
__size_of___fttol                (abs)        00000
__size_of___lwmod                (abs)        00000
__size_of___wmul                 (abs)        00000
__size_of_cc_cv_mode             (abs)        00000
__size_of_gotoXY                 (abs)        00000
__size_of_main                   (abs)        00000
__size_of_readAnalog             (abs)        00000
__size_of_readButton             (abs)        00000
_analogs                         bssBANK1     000C0
_battery_state                   bssBANK0     0006A
_button                          bssBANK0     00066
_cc_cv                           bssBANK0     00067
_cc_cv_mode                      text5        00DE9
_channels                        dataBANK2    00120
_fonts                           stringtext1  00800
_gotoXY                          text17       00005
_j                               bssBANK0     00064
_lastButton                      bssBANK0     00065
_main                            maintext     004A2
_readAnalog                      text2        00369
_readButton                      text1        000FE
_readButtons                     bssBANK0     00058
_sampleIndex                     bssBANK0     00062
_samples                         (abs)        022B0
_state_counter                   bssBANK1     000E3
_totals                          bssBANK1     000A0
_warmup                          bssBANK1     000DF
btemp                            (abs)        0007E
clear_ram0                       clrtext      00D49
end_of_initialization            cinit        007FD
gotoXY@x                         cstackCOMMON 00077
gotoXY@y                         cstackCOMMON 00075
init_ram                         inittext     00D55
intlevel0                        functab      00000
intlevel1                        functab      00000
intlevel2                        functab      00000
intlevel3                        functab      00000
intlevel4                        functab      00000
intlevel5                        functab      00000
main@F14385                      bssBANK1     000D0
main@VIn0_Old                    cstackBANK0  00046
main@VIn1_Old                    cstackBANK0  00048
main@dutyCycle6                  cstackBANK0  00054
main@dutyCycle7                  cstackBANK0  00056
main@fastLoop                    cstackBANK0  00044
main@j                           cstackBANK0  00053
main@menuButton                  cstackBANK0  0004A
main@power0OutOld                cstackBANK0  00040
main@power1OutOld                cstackBANK0  00042
main@slowLoop                    cstackBANK0  00045
main@voltage                     cstackBANK0  0004B
readAnalog@analog_channel        cstackCOMMON 00079
readAnalog@channel               cstackBANK0  00026
readAnalog@value                 cstackCOMMON 0007B
reset_vec                        reset_vec    00000
stackhi                          (abs)        022AF
stacklo                          (abs)        020B0
start                            init         00002
start_initialization             cinit        007CF
wtemp0                           (abs)        0007E


FUNCTION INFORMATION:

 *************** function _main *****************
 Defined at:
		line 56 in file "main.c"
 Parameters:    Size  Location     Type
		None
 Auto vars:     Size  Location     Type
  voltage         8   43[BANK0 ] int [4]
  dutyCycle7      2   54[BANK0 ] unsigned int 
  dutyCycle6      2   52[BANK0 ] unsigned int 
  VIn1_Old        2   40[BANK0 ] int 
  VIn0_Old        2   38[BANK0 ] int 
  power1OutOld    2   34[BANK0 ] int 
  power0OutOld    2   32[BANK0 ] int 
  j               1   51[BANK0 ] unsigned char 
  menuButton      1   42[BANK0 ] unsigned char 
  slowLoop        1   37[BANK0 ] unsigned char 
  fastLoop        1   36[BANK0 ] unsigned char 
 Return value:  Size  Location     Type
                  1    wreg      void 
 Registers used:
		wreg, fsr0l, fsr0h, fsr1l, fsr1h, status,2, status,0, pclath, cstack
 Tracked objects:
		On entry : 
		On exit  : 
		Unchanged: 
 Data sizes:     COMMON   BANK0   BANK1   BANK2   BANK3   BANK4   BANK5   BANK6   BANK7   BANK8   BANK9  BANK10  BANK11  BANK12
      Params:         0       0       0       0       0       0       0       0       0       0       0       0       0       0
      Locals:         0      24       0       0       0       0       0       0       0       0       0       0       0       0
      Temps:          0       2       0       0       0       0       0       0       0       0       0       0       0       0
      Totals:         0      26       0       0       0       0       0       0       0       0       0       0       0       0
Total ram usage:       26 bytes
 Hardware stack levels required when called:    4
 This function calls:
		_ADCRead
		_LCDClear
		_LCDInit
		_LCDWriteCharacter
		_LCDWriteInt
		_PWM6_LoadDutyValue
		_PWM7_LoadDutyValue
		_SYSTEM_Initialize
		___awtoft
		___ftdiv
		___fttol
		___wmul
		_cc_cv_mode
		_gotoXY
		_readAnalog
		_readButton
 This function is called by:
		Startup code after reset
 This function uses a non-reentrant model


 *************** function _readButton *****************
 Defined at:
		line 9 in file "buttons.c"
 Parameters:    Size  Location     Type
		None
 Auto vars:     Size  Location     Type
		None
 Return value:  Size  Location     Type
                  1    wreg      unsigned char 
 Registers used:
		wreg, status,2, status,0, pclath, cstack
 Tracked objects:
		On entry : 
		On exit  : 
		Unchanged: 
 Data sizes:     COMMON   BANK0   BANK1   BANK2   BANK3   BANK4   BANK5   BANK6   BANK7   BANK8   BANK9  BANK10  BANK11  BANK12
      Params:         0       0       0       0       0       0       0       0       0       0       0       0       0       0
      Locals:         0       0       0       0       0       0       0       0       0       0       0       0       0       0
      Temps:          2       0       0       0       0       0       0       0       0       0       0       0       0       0
      Totals:         2       0       0       0       0       0       0       0       0       0       0       0       0       0
Total ram usage:        2 bytes
 Hardware stack levels used:    1
 Hardware stack levels required when called:    1
 This function calls:
		_ADCRead
 This function is called by:
		_main
 This function uses a non-reentrant model


 *************** function _readAnalog *****************
 Defined at:
		line 37 in file "adc.c"
 Parameters:    Size  Location     Type
  channel         2    6[BANK0 ] unsigned int 
 Auto vars:     Size  Location     Type
  value           2   11[COMMON] int 
  analog_chann    2    9[COMMON] unsigned int 
 Return value:  Size  Location     Type
                  2    6[BANK0 ] int 
 Registers used:
		wreg, fsr1l, fsr1h, status,2, status,0, pclath, cstack
 Tracked objects:
		On entry : 
		On exit  : 
		Unchanged: 
 Data sizes:     COMMON   BANK0   BANK1   BANK2   BANK3   BANK4   BANK5   BANK6   BANK7   BANK8   BANK9  BANK10  BANK11  BANK12
      Params:         0       2       0       0       0       0       0       0       0       0       0       0       0       0
      Locals:         4       0       0       0       0       0       0       0       0       0       0       0       0       0
      Temps:          0      18       0       0       0       0       0       0       0       0       0       0       0       0
      Totals:         4      20       0       0       0       0       0       0       0       0       0       0       0       0
Total ram usage:       24 bytes
 Hardware stack levels used:    1
 Hardware stack levels required when called:    1
 This function calls:
		_ADCRead
		___aldiv
		___wmul
 This function is called by:
		_main
 This function uses a non-reentrant model


 *************** function ___aldiv *****************
 Defined at:
		line 6 in file "C:\Program Files (x86)\Microchip\xc8\v1.45\sources\common\aldiv.c"
 Parameters:    Size  Location     Type
  divisor         4    0[COMMON] long 
  dividend        4    4[COMMON] long 
 Auto vars:     Size  Location     Type
  quotient        4    2[BANK0 ] long 
  sign            1    1[BANK0 ] unsigned char 
  counter         1    0[BANK0 ] unsigned char 
 Return value:  Size  Location     Type
                  4    0[COMMON] long 
 Registers used:
		wreg, status,2, status,0
 Tracked objects:
		On entry : 
		On exit  : 
		Unchanged: 
 Data sizes:     COMMON   BANK0   BANK1   BANK2   BANK3   BANK4   BANK5   BANK6   BANK7   BANK8   BANK9  BANK10  BANK11  BANK12
      Params:         8       0       0       0       0       0       0       0       0       0       0       0       0       0
      Locals:         0       6       0       0       0       0       0       0       0       0       0       0       0       0
      Temps:          1       0       0       0       0       0       0       0       0       0       0       0       0       0
      Totals:         9       6       0       0       0       0       0       0       0       0       0       0       0       0
Total ram usage:       15 bytes
 Hardware stack levels used:    1
 This function calls:
		Nothing
 This function is called by:
		_readAnalog
 This function uses a non-reentrant model


 *************** function _ADCRead *****************
 Defined at:
		line 19 in file "adc.c"
 Parameters:    Size  Location     Type
  channel         1    wreg     enum E14259
 Auto vars:     Size  Location     Type
  channel         1    3[COMMON] enum E14259
 Return value:  Size  Location     Type
                  2    0[COMMON] int 
 Registers used:
		wreg
 Tracked objects:
		On entry : 
		On exit  : 
		Unchanged: 
 Data sizes:     COMMON   BANK0   BANK1   BANK2   BANK3   BANK4   BANK5   BANK6   BANK7   BANK8   BANK9  BANK10  BANK11  BANK12
      Params:         3       0       0       0       0       0       0       0       0       0       0       0       0       0
      Locals:         1       0       0       0       0       0       0       0       0       0       0       0       0       0
      Temps:          0       0       0       0       0       0       0       0       0       0       0       0       0       0
      Totals:         4       0       0       0       0       0       0       0       0       0       0       0       0       0
Total ram usage:        4 bytes
 Hardware stack levels used:    1
 This function calls:
		Nothing
 This function is called by:
		_readAnalog
		_readButton
		_main
 This function uses a non-reentrant model


 *************** function _cc_cv_mode *****************
 Defined at:
		line 149 in file "battery_charger.c"
 Parameters:    Size  Location     Type
		None
 Auto vars:     Size  Location     Type
		None
 Return value:  Size  Location     Type
                  1    wreg      void 
 Registers used:
		wreg, status,2, status,0
 Tracked objects:
		On entry : 
		On exit  : 
		Unchanged: 
 Data sizes:     COMMON   BANK0   BANK1   BANK2   BANK3   BANK4   BANK5   BANK6   BANK7   BANK8   BANK9  BANK10  BANK11  BANK12
      Params:         0       0       0       0       0       0       0       0       0       0       0       0       0       0
      Locals:         0       0       0       0       0       0       0       0       0       0       0       0       0       0
      Temps:          1       0       0       0       0       0       0       0       0       0       0       0       0       0
      Totals:         1       0       0       0       0       0       0       0       0       0       0       0       0       0
Total ram usage:        1 bytes
 Hardware stack levels used:    1
 This function calls:
		Nothing
 This function is called by:
		_main
 This function uses a non-reentrant model


 *************** function ___fttol *****************
 Defined at:
		line 44 in file "C:\Program Files (x86)\Microchip\xc8\v1.45\sources\common\fttol.c"
 Parameters:    Size  Location     Type
  f1              3   16[BANK0 ] float 
 Auto vars:     Size  Location     Type
  lval            4   25[BANK0 ] unsigned long 
  exp1            1   29[BANK0 ] unsigned char 
  sign1           1   24[BANK0 ] unsigned char 
 Return value:  Size  Location     Type
                  4   16[BANK0 ] long 
 Registers used:
		wreg, status,2, status,0
 Tracked objects:
		On entry : 
		On exit  : 
		Unchanged: 
 Data sizes:     COMMON   BANK0   BANK1   BANK2   BANK3   BANK4   BANK5   BANK6   BANK7   BANK8   BANK9  BANK10  BANK11  BANK12
      Params:         0       4       0       0       0       0       0       0       0       0       0       0       0       0
      Locals:         0       6       0       0       0       0       0       0       0       0       0       0       0       0
      Temps:          0       4       0       0       0       0       0       0       0       0       0       0       0       0
      Totals:         0      14       0       0       0       0       0       0       0       0       0       0       0       0
Total ram usage:       14 bytes
 Hardware stack levels used:    1
 This function calls:
		Nothing
 This function is called by:
		_main
		_calculateVoltage
 This function uses a non-reentrant model


 *************** function ___ftdiv *****************
 Defined at:
		line 56 in file "C:\Program Files (x86)\Microchip\xc8\v1.45\sources\common\ftdiv.c"
 Parameters:    Size  Location     Type
  f2              3    0[BANK0 ] float 
  f1              3    3[BANK0 ] float 
 Auto vars:     Size  Location     Type
  f3              3   11[BANK0 ] float 
  sign            1   15[BANK0 ] unsigned char 
  exp             1   14[BANK0 ] unsigned char 
  cntr            1   10[BANK0 ] unsigned char 
 Return value:  Size  Location     Type
                  3    0[BANK0 ] float 
 Registers used:
		wreg, status,2, status,0, pclath, cstack
 Tracked objects:
		On entry : 
		On exit  : 
		Unchanged: 
 Data sizes:     COMMON   BANK0   BANK1   BANK2   BANK3   BANK4   BANK5   BANK6   BANK7   BANK8   BANK9  BANK10  BANK11  BANK12
      Params:         0       6       0       0       0       0       0       0       0       0       0       0       0       0
      Locals:         0       6       0       0       0       0       0       0       0       0       0       0       0       0
      Temps:          0       4       0       0       0       0       0       0       0       0       0       0       0       0
      Totals:         0      16       0       0       0       0       0       0       0       0       0       0       0       0
Total ram usage:       16 bytes
 Hardware stack levels used:    1
 Hardware stack levels required when called:    1
 This function calls:
		___ftpack
 This function is called by:
		_main
		_calculateVoltage
 This function uses a non-reentrant model


 *************** function ___awtoft *****************
 Defined at:
		line 32 in file "C:\Program Files (x86)\Microchip\xc8\v1.45\sources\common\awtoft.c"
 Parameters:    Size  Location     Type
  c               2    8[COMMON] int 
 Auto vars:     Size  Location     Type
  sign            1   13[COMMON] unsigned char 
 Return value:  Size  Location     Type
                  3    8[COMMON] float 
 Registers used:
		wreg, status,2, status,0, pclath, cstack
 Tracked objects:
		On entry : 
		On exit  : 
		Unchanged: 
 Data sizes:     COMMON   BANK0   BANK1   BANK2   BANK3   BANK4   BANK5   BANK6   BANK7   BANK8   BANK9  BANK10  BANK11  BANK12
      Params:         3       0       0       0       0       0       0       0       0       0       0       0       0       0
      Locals:         1       0       0       0       0       0       0       0       0       0       0       0       0       0
      Temps:          2       0       0       0       0       0       0       0       0       0       0       0       0       0
      Totals:         6       0       0       0       0       0       0       0       0       0       0       0       0       0
Total ram usage:        6 bytes
 Hardware stack levels used:    1
 Hardware stack levels required when called:    1
 This function calls:
		___ftpack
 This function is called by:
		_main
		_calculateVoltage
 This function uses a non-reentrant model


 *************** function ___ftpack *****************
 Defined at:
		line 62 in file "C:\Program Files (x86)\Microchip\xc8\v1.45\sources\common\float.c"
 Parameters:    Size  Location     Type
  arg             3    0[COMMON] unsigned um
  exp             1    3[COMMON] unsigned char 
  sign            1    4[COMMON] unsigned char 
 Auto vars:     Size  Location     Type
		None
 Return value:  Size  Location     Type
                  3    0[COMMON] float 
 Registers used:
		wreg, status,2, status,0
 Tracked objects:
		On entry : 
		On exit  : 
		Unchanged: 
 Data sizes:     COMMON   BANK0   BANK1   BANK2   BANK3   BANK4   BANK5   BANK6   BANK7   BANK8   BANK9  BANK10  BANK11  BANK12
      Params:         5       0       0       0       0       0       0       0       0       0       0       0       0       0
      Locals:         0       0       0       0       0       0       0       0       0       0       0       0       0       0
      Temps:          3       0       0       0       0       0       0       0       0       0       0       0       0       0
      Totals:         8       0       0       0       0       0       0       0       0       0       0       0       0       0
Total ram usage:        8 bytes
 Hardware stack levels used:    1
 This function calls:
		Nothing
 This function is called by:
		___awtoft
		___ftdiv
 This function uses a non-reentrant model


 *************** function _SYSTEM_Initialize *****************
 Defined at:
		line 71 in file "system.c"
 Parameters:    Size  Location     Type
		None
 Auto vars:     Size  Location     Type
		None
 Return value:  Size  Location     Type
                  1    wreg      void 
 Registers used:
		wreg, status,2, status,0, pclath, cstack
 Tracked objects:
		On entry : 
		On exit  : 
		Unchanged: 
 Data sizes:     COMMON   BANK0   BANK1   BANK2   BANK3   BANK4   BANK5   BANK6   BANK7   BANK8   BANK9  BANK10  BANK11  BANK12
      Params:         0       0       0       0       0       0       0       0       0       0       0       0       0       0
      Locals:         0       0       0       0       0       0       0       0       0       0       0       0       0       0
      Temps:          2       0       0       0       0       0       0       0       0       0       0       0       0       0
      Totals:         2       0       0       0       0       0       0       0       0       0       0       0       0       0
Total ram usage:        2 bytes
 Hardware stack levels used:    1
 Hardware stack levels required when called:    3
 This function calls:
		_ADC_Initialize
		_LCDClear
		_LCDInit
		_OSCILLATOR_Initialize
		_PIN_MANAGER_Initialize
		_PWM_Initialize
		_TMR2_Initialize
 This function is called by:
		_main
 This function uses a non-reentrant model


 *************** function _TMR2_Initialize *****************
 Defined at:
		line 3 in file "tmr2.c"
 Parameters:    Size  Location     Type
		None
 Auto vars:     Size  Location     Type
		None
 Return value:  Size  Location     Type
                  1    wreg      void 
 Registers used:
		wreg, status,2
 Tracked objects:
		On entry : 
		On exit  : 
		Unchanged: 
 Data sizes:     COMMON   BANK0   BANK1   BANK2   BANK3   BANK4   BANK5   BANK6   BANK7   BANK8   BANK9  BANK10  BANK11  BANK12
      Params:         0       0       0       0       0       0       0       0       0       0       0       0       0       0
      Locals:         0       0       0       0       0       0       0       0       0       0       0       0       0       0
      Temps:          0       0       0       0       0       0       0       0       0       0       0       0       0       0
      Totals:         0       0       0       0       0       0       0       0       0       0       0       0       0       0
Total ram usage:        0 bytes
 Hardware stack levels used:    1
 This function calls:
		Nothing
 This function is called by:
		_SYSTEM_Initialize
 This function uses a non-reentrant model


 *************** function _PWM_Initialize *****************
 Defined at:
		line 3 in file "pwm.c"
 Parameters:    Size  Location     Type
		None
 Auto vars:     Size  Location     Type
		None
 Return value:  Size  Location     Type
                  1    wreg      void 
 Registers used:
		wreg, status,2, status,0
 Tracked objects:
		On entry : 
		On exit  : 
		Unchanged: 
 Data sizes:     COMMON   BANK0   BANK1   BANK2   BANK3   BANK4   BANK5   BANK6   BANK7   BANK8   BANK9  BANK10  BANK11  BANK12
      Params:         0       0       0       0       0       0       0       0       0       0       0       0       0       0
      Locals:         0       0       0       0       0       0       0       0       0       0       0       0       0       0
      Temps:          0       0       0       0       0       0       0       0       0       0       0       0       0       0
      Totals:         0       0       0       0       0       0       0       0       0       0       0       0       0       0
Total ram usage:        0 bytes
 Hardware stack levels used:    1
 This function calls:
		Nothing
 This function is called by:
		_SYSTEM_Initialize
 This function uses a non-reentrant model


 *************** function _PIN_MANAGER_Initialize *****************
 Defined at:
		line 5 in file "pin_manager.c"
 Parameters:    Size  Location     Type
		None
 Auto vars:     Size  Location     Type
  state           1    0[COMMON] char 
 Return value:  Size  Location     Type
                  1    wreg      void 
 Registers used:
		wreg, status,2
 Tracked objects:
		On entry : 
		On exit  : 
		Unchanged: 
 Data sizes:     COMMON   BANK0   BANK1   BANK2   BANK3   BANK4   BANK5   BANK6   BANK7   BANK8   BANK9  BANK10  BANK11  BANK12
      Params:         0       0       0       0       0       0       0       0       0       0       0       0       0       0
      Locals:         1       0       0       0       0       0       0       0       0       0       0       0       0       0
      Temps:          0       0       0       0       0       0       0       0       0       0       0       0       0       0
      Totals:         1       0       0       0       0       0       0       0       0       0       0       0       0       0
Total ram usage:        1 bytes
 Hardware stack levels used:    1
 This function calls:
		Nothing
 This function is called by:
		_SYSTEM_Initialize
 This function uses a non-reentrant model


 *************** function _OSCILLATOR_Initialize *****************
 Defined at:
		line 87 in file "system.c"
 Parameters:    Size  Location     Type
		None
 Auto vars:     Size  Location     Type
		None
 Return value:  Size  Location     Type
                  1    wreg      void 
 Registers used:
		wreg, status,2
 Tracked objects:
		On entry : 
		On exit  : 
		Unchanged: 
 Data sizes:     COMMON   BANK0   BANK1   BANK2   BANK3   BANK4   BANK5   BANK6   BANK7   BANK8   BANK9  BANK10  BANK11  BANK12
      Params:         0       0       0       0       0       0       0       0       0       0       0       0       0       0
      Locals:         0       0       0       0       0       0       0       0       0       0       0       0       0       0
      Temps:          0       0       0       0       0       0       0       0       0       0       0       0       0       0
      Totals:         0       0       0       0       0       0       0       0       0       0       0       0       0       0
Total ram usage:        0 bytes
 Hardware stack levels used:    1
 This function calls:
		Nothing
 This function is called by:
		_SYSTEM_Initialize
 This function uses a non-reentrant model


 *************** function _LCDInit *****************
 Defined at:
		line 247 in file "lcd.c"
 Parameters:    Size  Location     Type
		None
 Auto vars:     Size  Location     Type
		None
 Return value:  Size  Location     Type
                  1    wreg      void 
 Registers used:
		wreg, status,2, status,0, pclath, cstack
 Tracked objects:
		On entry : 
		On exit  : 
		Unchanged: 
 Data sizes:     COMMON   BANK0   BANK1   BANK2   BANK3   BANK4   BANK5   BANK6   BANK7   BANK8   BANK9  BANK10  BANK11  BANK12
      Params:         0       0       0       0       0       0       0       0       0       0       0       0       0       0
      Locals:         0       0       0       0       0       0       0       0       0       0       0       0       0       0
      Temps:          1       0       0       0       0       0       0       0       0       0       0       0       0       0
      Totals:         1       0       0       0       0       0       0       0       0       0       0       0       0       0
Total ram usage:        1 bytes
 Hardware stack levels used:    1
 Hardware stack levels required when called:    1
 This function calls:
		_LCDWrite
 This function is called by:
		_SYSTEM_Initialize
		_main
 This function uses a non-reentrant model


 *************** function _LCDClear *****************
 Defined at:
		line 182 in file "lcd.c"
 Parameters:    Size  Location     Type
		None
 Auto vars:     Size  Location     Type
  index           2    9[COMMON] int 
 Return value:  Size  Location     Type
                  1    wreg      void 
 Registers used:
		wreg, status,2, status,0, pclath, cstack
 Tracked objects:
		On entry : 
		On exit  : 
		Unchanged: 
 Data sizes:     COMMON   BANK0   BANK1   BANK2   BANK3   BANK4   BANK5   BANK6   BANK7   BANK8   BANK9  BANK10  BANK11  BANK12
      Params:         0       0       0       0       0       0       0       0       0       0       0       0       0       0
      Locals:         2       0       0       0       0       0       0       0       0       0       0       0       0       0
      Temps:          1       0       0       0       0       0       0       0       0       0       0       0       0       0
      Totals:         3       0       0       0       0       0       0       0       0       0       0       0       0       0
Total ram usage:        3 bytes
 Hardware stack levels used:    1
 Hardware stack levels required when called:    2
 This function calls:
		_LCDWrite
		_gotoXY
 This function is called by:
		_SYSTEM_Initialize
		_main
 This function uses a non-reentrant model


 *************** function _gotoXY *****************
 Defined at:
		line 124 in file "lcd.c"
 Parameters:    Size  Location     Type
  x               1    wreg     unsigned char 
  y               1    5[COMMON] unsigned char 
 Auto vars:     Size  Location     Type
  x               1    7[COMMON] unsigned char 
 Return value:  Size  Location     Type
                  1    wreg      void 
 Registers used:
		wreg, status,2, status,0, pclath, cstack
 Tracked objects:
		On entry : 
		On exit  : 
		Unchanged: 
 Data sizes:     COMMON   BANK0   BANK1   BANK2   BANK3   BANK4   BANK5   BANK6   BANK7   BANK8   BANK9  BANK10  BANK11  BANK12
      Params:         1       0       0       0       0       0       0       0       0       0       0       0       0       0
      Locals:         1       0       0       0       0       0       0       0       0       0       0       0       0       0
      Temps:          1       0       0       0       0       0       0       0       0       0       0       0       0       0
      Totals:         3       0       0       0       0       0       0       0       0       0       0       0       0       0
Total ram usage:        3 bytes
 Hardware stack levels used:    1
 Hardware stack levels required when called:    1
 This function calls:
		_LCDWrite
 This function is called by:
		_LCDClear
		_main
		_LCDBitmap
 This function uses a non-reentrant model


 *************** function _ADC_Initialize *****************
 Defined at:
		line 71 in file "adc.c"
 Parameters:    Size  Location     Type
		None
 Auto vars:     Size  Location     Type
		None
 Return value:  Size  Location     Type
                  1    wreg      void 
 Registers used:
		wreg, status,2
 Tracked objects:
		On entry : 
		On exit  : 
		Unchanged: 
 Data sizes:     COMMON   BANK0   BANK1   BANK2   BANK3   BANK4   BANK5   BANK6   BANK7   BANK8   BANK9  BANK10  BANK11  BANK12
      Params:         0       0       0       0       0       0       0       0       0       0       0       0       0       0
      Locals:         0       0       0       0       0       0       0       0       0       0       0       0       0       0
      Temps:          0       0       0       0       0       0       0       0       0       0       0       0       0       0
      Totals:         0       0       0       0       0       0       0       0       0       0       0       0       0       0
Total ram usage:        0 bytes
 Hardware stack levels used:    1
 This function calls:
		Nothing
 This function is called by:
		_SYSTEM_Initialize
 This function uses a non-reentrant model


 *************** function _PWM7_LoadDutyValue *****************
 Defined at:
		line 32 in file "pwm.c"
 Parameters:    Size  Location     Type
  dutyCycle7      2    0[COMMON] unsigned int 
 Auto vars:     Size  Location     Type
		None
 Return value:  Size  Location     Type
                  1    wreg      void 
 Registers used:
		wreg, status,2, status,0
 Tracked objects:
		On entry : 
		On exit  : 
		Unchanged: 
 Data sizes:     COMMON   BANK0   BANK1   BANK2   BANK3   BANK4   BANK5   BANK6   BANK7   BANK8   BANK9  BANK10  BANK11  BANK12
      Params:         2       0       0       0       0       0       0       0       0       0       0       0       0       0
      Locals:         0       0       0       0       0       0       0       0       0       0       0       0       0       0
      Temps:          2       0       0       0       0       0       0       0       0       0       0       0       0       0
      Totals:         4       0       0       0       0       0       0       0       0       0       0       0       0       0
Total ram usage:        4 bytes
 Hardware stack levels used:    1
 This function calls:
		Nothing
 This function is called by:
		_main
 This function uses a non-reentrant model


 *************** function _PWM6_LoadDutyValue *****************
 Defined at:
		line 25 in file "pwm.c"
 Parameters:    Size  Location     Type
  dutyCycle6      2    0[COMMON] unsigned int 
 Auto vars:     Size  Location     Type
		None
 Return value:  Size  Location     Type
                  1    wreg      void 
 Registers used:
		wreg, status,2, status,0
 Tracked objects:
		On entry : 
		On exit  : 
		Unchanged: 
 Data sizes:     COMMON   BANK0   BANK1   BANK2   BANK3   BANK4   BANK5   BANK6   BANK7   BANK8   BANK9  BANK10  BANK11  BANK12
      Params:         2       0       0       0       0       0       0       0       0       0       0       0       0       0
      Locals:         0       0       0       0       0       0       0       0       0       0       0       0       0       0
      Temps:          2       0       0       0       0       0       0       0       0       0       0       0       0       0
      Totals:         4       0       0       0       0       0       0       0       0       0       0       0       0       0
Total ram usage:        4 bytes
 Hardware stack levels used:    1
 This function calls:
		Nothing
 This function is called by:
		_main
 This function uses a non-reentrant model


 *************** function _LCDWriteInt *****************
 Defined at:
		line 190 in file "lcd.c"
 Parameters:    Size  Location     Type
  value           2    0[BANK0 ] int 
  fieldLength     1    2[BANK0 ] char 
  numPlaces       1    3[BANK0 ] unsigned char 
  sign            1    4[BANK0 ] unsigned char 
 Auto vars:     Size  Location     Type
  str             5    9[BANK0 ] unsigned char [5]
  i               1   15[BANK0 ] unsigned char 
  j               1   14[BANK0 ] unsigned char 
 Return value:  Size  Location     Type
                  1    wreg      void 
 Registers used:
		wreg, fsr0l, fsr0h, fsr1l, fsr1h, status,2, status,0, pclath, cstack
 Tracked objects:
		On entry : 
		On exit  : 
		Unchanged: 
 Data sizes:     COMMON   BANK0   BANK1   BANK2   BANK3   BANK4   BANK5   BANK6   BANK7   BANK8   BANK9  BANK10  BANK11  BANK12
      Params:         0       5       0       0       0       0       0       0       0       0       0       0       0       0
      Locals:         0       7       0       0       0       0       0       0       0       0       0       0       0       0
      Temps:          0       4       0       0       0       0       0       0       0       0       0       0       0       0
      Totals:         0      16       0       0       0       0       0       0       0       0       0       0       0       0
Total ram usage:       16 bytes
 Hardware stack levels used:    1
 Hardware stack levels required when called:    2
 This function calls:
		_LCDWriteCharacter
		___awdiv
		___lwmod
 This function is called by:
		_main
 This function uses a non-reentrant model


 *************** function ___lwmod *****************
 Defined at:
		line 6 in file "C:\Program Files (x86)\Microchip\xc8\v1.45\sources\common\lwmod.c"
 Parameters:    Size  Location     Type
  divisor         2    0[COMMON] unsigned int 
  dividend        2    2[COMMON] unsigned int 
 Auto vars:     Size  Location     Type
  counter         1    5[COMMON] unsigned char 
 Return value:  Size  Location     Type
                  2    0[COMMON] unsigned int 
 Registers used:
		wreg, status,2, status,0
 Tracked objects:
		On entry : 
		On exit  : 
		Unchanged: 
 Data sizes:     COMMON   BANK0   BANK1   BANK2   BANK3   BANK4   BANK5   BANK6   BANK7   BANK8   BANK9  BANK10  BANK11  BANK12
      Params:         4       0       0       0       0       0       0       0       0       0       0       0       0       0
      Locals:         1       0       0       0       0       0       0       0       0       0       0       0       0       0
      Temps:          1       0       0       0       0       0       0       0       0       0       0       0       0       0
      Totals:         6       0       0       0       0       0       0       0       0       0       0       0       0       0
Total ram usage:        6 bytes
 Hardware stack levels used:    1
 This function calls:
		Nothing
 This function is called by:
		_LCDWriteInt
 This function uses a non-reentrant model


 *************** function ___awdiv *****************
 Defined at:
		line 6 in file "C:\Program Files (x86)\Microchip\xc8\v1.45\sources\common\awdiv.c"
 Parameters:    Size  Location     Type
  divisor         2    0[COMMON] int 
  dividend        2    2[COMMON] int 
 Auto vars:     Size  Location     Type
  quotient        2    7[COMMON] int 
  sign            1    6[COMMON] unsigned char 
  counter         1    5[COMMON] unsigned char 
 Return value:  Size  Location     Type
                  2    0[COMMON] int 
 Registers used:
		wreg, status,2, status,0
 Tracked objects:
		On entry : 
		On exit  : 
		Unchanged: 
 Data sizes:     COMMON   BANK0   BANK1   BANK2   BANK3   BANK4   BANK5   BANK6   BANK7   BANK8   BANK9  BANK10  BANK11  BANK12
      Params:         4       0       0       0       0       0       0       0       0       0       0       0       0       0
      Locals:         4       0       0       0       0       0       0       0       0       0       0       0       0       0
      Temps:          1       0       0       0       0       0       0       0       0       0       0       0       0       0
      Totals:         9       0       0       0       0       0       0       0       0       0       0       0       0       0
Total ram usage:        9 bytes
 Hardware stack levels used:    1
 This function calls:
		Nothing
 This function is called by:
		_LCDWriteInt
 This function uses a non-reentrant model


 *************** function _LCDWriteCharacter *****************
 Defined at:
		line 140 in file "lcd.c"
 Parameters:    Size  Location     Type
  character       1    wreg     const unsigned char 
 Auto vars:     Size  Location     Type
  character       1    9[COMMON] const unsigned char 
  base            2   10[COMMON] unsigned int 
 Return value:  Size  Location     Type
                  1    wreg      void 
 Registers used:
		wreg, fsr0l, fsr0h, status,2, status,0, pclath, cstack
 Tracked objects:
		On entry : 
		On exit  : 
		Unchanged: 
 Data sizes:     COMMON   BANK0   BANK1   BANK2   BANK3   BANK4   BANK5   BANK6   BANK7   BANK8   BANK9  BANK10  BANK11  BANK12
      Params:         0       0       0       0       0       0       0       0       0       0       0       0       0       0
      Locals:         3       0       0       0       0       0       0       0       0       0       0       0       0       0
      Temps:          3       0       0       0       0       0       0       0       0       0       0       0       0       0
      Totals:         6       0       0       0       0       0       0       0       0       0       0       0       0       0
Total ram usage:        6 bytes
 Hardware stack levels used:    1
 Hardware stack levels required when called:    1
 This function calls:
		_LCDWrite
		___wmul
 This function is called by:
		_LCDWriteInt
		_main
		_LCDWriteString
 This function uses a non-reentrant model


 *************** function ___wmul *****************
 Defined at:
		line 15 in file "C:\Program Files (x86)\Microchip\xc8\v1.45\sources\common\Umul16.c"
 Parameters:    Size  Location     Type
  multiplier      2    0[COMMON] unsigned int 
  multiplicand    2    2[COMMON] unsigned int 
 Auto vars:     Size  Location     Type
  product         2    4[COMMON] unsigned int 
 Return value:  Size  Location     Type
                  2    0[COMMON] unsigned int 
 Registers used:
		wreg, status,2, status,0
 Tracked objects:
		On entry : 
		On exit  : 
		Unchanged: 
 Data sizes:     COMMON   BANK0   BANK1   BANK2   BANK3   BANK4   BANK5   BANK6   BANK7   BANK8   BANK9  BANK10  BANK11  BANK12
      Params:         4       0       0       0       0       0       0       0       0       0       0       0       0       0
      Locals:         2       0       0       0       0       0       0       0       0       0       0       0       0       0
      Temps:          0       0       0       0       0       0       0       0       0       0       0       0       0       0
      Totals:         6       0       0       0       0       0       0       0       0       0       0       0       0       0
Total ram usage:        6 bytes
 Hardware stack levels used:    1
 This function calls:
		Nothing
 This function is called by:
		_readAnalog
		_LCDWriteCharacter
		_main
 This function uses a non-reentrant model


 *************** function _LCDWrite *****************
 Defined at:
		line 280 in file "lcd.c"
 Parameters:    Size  Location     Type
  data_or_comm    1    wreg     unsigned char 
  data            1    0[COMMON] unsigned char 
 Auto vars:     Size  Location     Type
  data_or_comm    1    2[COMMON] unsigned char 
  i               1    4[COMMON] unsigned char 
  d               1    3[COMMON] unsigned char 
 Return value:  Size  Location     Type
                  1    wreg      void 
 Registers used:
		wreg, status,2, status,0
 Tracked objects:
		On entry : 
		On exit  : 
		Unchanged: 
 Data sizes:     COMMON   BANK0   BANK1   BANK2   BANK3   BANK4   BANK5   BANK6   BANK7   BANK8   BANK9  BANK10  BANK11  BANK12
      Params:         1       0       0       0       0       0       0       0       0       0       0       0       0       0
      Locals:         3       0       0       0       0       0       0       0       0       0       0       0       0       0
      Temps:          1       0       0       0       0       0       0       0       0       0       0       0       0       0
      Totals:         5       0       0       0       0       0       0       0       0       0       0       0       0       0
Total ram usage:        5 bytes
 Hardware stack levels used:    1
 This function calls:
		Nothing
 This function is called by:
		_gotoXY
		_LCDWriteCharacter
		_LCDClear
		_LCDInit
		_LCDBitmap
 This function uses a non-reentrant model



MODULE INFORMATION

Module		Function		Class		Link	Load	Size
C:\Program Files (x86)\Microchip\xc8\v1.45\sources\common\float.c
		___ftpack      		CODE           	0018	0000	101

C:\Program Files (x86)\Microchip\xc8\v1.45\sources\common\float.c estimated size: 101

C:\Program Files (x86)\Microchip\xc8\v1.45\sources\common\Umul16.c
		___wmul        		CODE           	0DCE	0000	28

C:\Program Files (x86)\Microchip\xc8\v1.45\sources\common\Umul16.c estimated size: 28

buttons.c
		_readButton    		CODE           	00FE	0000	131

buttons.c estimated size: 131

C:\Program Files (x86)\Microchip\xc8\v1.45\sources\common\lwmod.c
		___lwmod       		CODE           	0E91	0000	45

C:\Program Files (x86)\Microchip\xc8\v1.45\sources\common\lwmod.c estimated size: 45

pwm.c
		_PWM6_LoadDutyValue		CODE           	0DA2	0000	23
		_PWM_Initialize		CODE           	0D8D	0000	22
		_PWM7_LoadDutyValue		CODE           	0DB8	0000	23

pwm.c estimated size: 68

C:\Program Files (x86)\Microchip\xc8\v1.45\sources\common\ftdiv.c
		___ftdiv       		CODE           	0207	0000	170

C:\Program Files (x86)\Microchip\xc8\v1.45\sources\common\ftdiv.c estimated size: 170

adc.c
		_readAnalog    		CODE           	0369	0000	314
		_ADC_Initialize		CODE           	0E07	0000	32
		_ADCRead       		CODE           	0D6F	0000	15

adc.c estimated size: 361

tmr2.c
		_TMR2_Initialize		CODE           	0D61	0000	15

tmr2.c estimated size: 15

battery_charger.c
		_cc_cv_mode    		CODE           	0DE9	0000	31

battery_charger.c estimated size: 31

shared
		_fonts         		STRCODE        	0800	0000	304
		__initialization		CODE           	07CF	0000	47

shared estimated size: 351

C:\Program Files (x86)\Microchip\xc8\v1.45\sources\common\fttol.c
		___fttol       		CODE           	0180	0000	136

C:\Program Files (x86)\Microchip\xc8\v1.45\sources\common\fttol.c estimated size: 136

C:\Program Files (x86)\Microchip\xc8\v1.45\sources\common\awtoft.c
		___awtoft      		CODE           	0E26	0000	33

C:\Program Files (x86)\Microchip\xc8\v1.45\sources\common\awtoft.c estimated size: 33

C:\Program Files (x86)\Microchip\xc8\v1.45\sources\common\awdiv.c
		___awdiv       		CODE           	0F5B	0000	82

C:\Program Files (x86)\Microchip\xc8\v1.45\sources\common\awdiv.c estimated size: 82

lcd.c
		_LCDClear      		CODE           	0E6B	0000	39
		_LCDWrite      		CODE           	0E46	0000	38
		_LCDWriteInt   		CODE           	02B0	0000	186
		_LCDInit       		CODE           	0F20	0000	60
		_LCDWriteCharacter		CODE           	0FAC	0000	85
		_gotoXY        		CODE           	0005	0000	20

lcd.c estimated size: 428

C:\Program Files (x86)\Microchip\xc8\v1.45\sources\common\aldiv.c
		___aldiv       		CODE           	007C	0000	131

C:\Program Files (x86)\Microchip\xc8\v1.45\sources\common\aldiv.c estimated size: 131

pin_manager.c
		_PIN_MANAGER_Initialize		CODE           	0EEB	0000	54

pin_manager.c estimated size: 54

main.c
		_main          		CODE           	04A2	0000	814

main.c estimated size: 814

system.c
		_OSCILLATOR_Initialize		CODE           	0D40	0000	10
		_SYSTEM_Initialize		CODE           	0EBD	0000	47

system.c estimated size: 57

